
> @pulsar-framework/ui@0.7.0-alpha test E:\Sources\visual-schema-builder\packages\pulsar-ui.dev
> vitest run "--reporter=verbose"


[1m[46m RUN [49m[22m [36mv4.0.18 [39m[90mE:/Sources/visual-schema-builder/packages/pulsar-ui.dev[39m

[pulsar] resolveId: Resolving .psr "../error-boundary-test.psr"
[pulsar]   From: E:/Sources/visual-schema-builder/packages/pulsar-ui.dev/src/showcase/pages/__tests__/error-boundary-test.test.ts
[pulsar] resolveId: Resolving .psr "../context-test.psr"
[pulsar]   From: E:/Sources/visual-schema-builder/packages/pulsar-ui.dev/src/showcase/pages/__tests__/context-test.test.ts
[pulsar] resolveId: Resolving .psr "../resource-test.psr"
[pulsar]   From: E:/Sources/visual-schema-builder/packages/pulsar-ui.dev/src/showcase/pages/__tests__/resource-test.test.ts
[pulsar] resolveId: Resolving .psr "../control-flow-test.psr"
[pulsar]   From: E:/Sources/visual-schema-builder/packages/pulsar-ui.dev/src/showcase/pages/__tests__/control-flow-test.test.ts
[pulsar]   Γ£ô Resolved to: E:\Sources\visual-schema-builder\packages\pulsar-ui.dev\src\showcase\pages\error-boundary-test.psr
[pulsar]   Γ£ô Resolved to: E:\Sources\visual-schema-builder\packages\pulsar-ui.dev\src\showcase\pages\context-test.psr
[pulsar]   Γ£ô Resolved to: E:\Sources\visual-schema-builder\packages\pulsar-ui.dev\src\showcase\pages\resource-test.psr
[pulsar]   Γ£ô Resolved to: E:\Sources\visual-schema-builder\packages\pulsar-ui.dev\src\showcase\pages\control-flow-test.psr
[pulsar] resolveId: Resolving .psr "../home.psr"
[pulsar]   From: E:/Sources/visual-schema-builder/packages/pulsar-ui.dev/src/showcase/pages/__tests__/home.test.ts
[pulsar]   Γ£ô Resolved to: E:\Sources\visual-schema-builder\packages\pulsar-ui.dev\src\showcase\pages\home.psr
[pulsar] resolveId: Resolving .psr "../../pages/reactivity-test.psr"
[pulsar]   From: E:/Sources/visual-schema-builder/packages/pulsar-ui.dev/src/showcase/__tests__/integration/reactivity-cross-component.test.ts
[pulsar]   Γ£ô Resolved to: E:\Sources\visual-schema-builder\packages\pulsar-ui.dev\src\showcase\pages\reactivity-test.psr
[pulsar] load() called for: error-boundary-test.psr
[pulsar]   Full ID: E:/Sources/visual-schema-builder/packages/pulsar-ui.dev/src/showcase/pages/error-boundary-test.psr
[pulsar]   Clean ID: E:/Sources/visual-schema-builder/packages/pulsar-ui.dev/src/showcase/pages/error-boundary-test.psr
[pulsar]   Query: none
[pulsar] load() called for: control-flow-test.psr
[pulsar]   Full ID: E:/Sources/visual-schema-builder/packages/pulsar-ui.dev/src/showcase/pages/control-flow-test.psr
[pulsar]   Clean ID: E:/Sources/visual-schema-builder/packages/pulsar-ui.dev/src/showcase/pages/control-flow-test.psr
[pulsar]   Query: none
[pulsar] resolveId: Resolving .psr "../jsx-test.psr"
[pulsar]   From: E:/Sources/visual-schema-builder/packages/pulsar-ui.dev/src/showcase/pages/__tests__/jsx-test.test.ts
[pulsar] resolveId: Resolving .psr "../../pages/context-test.psr"
[pulsar]   From: E:/Sources/visual-schema-builder/packages/pulsar-ui.dev/src/showcase/__tests__/integration/context-provider-consumer.test.ts
[pulsar]   Γ£ô Resolved to: E:\Sources\visual-schema-builder\packages\pulsar-ui.dev\src\showcase\pages\jsx-test.psr
[pulsar]   Γ£ô Resolved to: E:\Sources\visual-schema-builder\packages\pulsar-ui.dev\src\showcase\pages\context-test.psr
[pulsar] load() called for: context-test.psr
[pulsar]   Full ID: E:/Sources/visual-schema-builder/packages/pulsar-ui.dev/src/showcase/pages/context-test.psr
[pulsar]   Clean ID: E:/Sources/visual-schema-builder/packages/pulsar-ui.dev/src/showcase/pages/context-test.psr
[pulsar]   Query: none
[pulsar] load() called for: resource-test.psr
[pulsar]   Full ID: E:/Sources/visual-schema-builder/packages/pulsar-ui.dev/src/showcase/pages/resource-test.psr
[pulsar]   Clean ID: E:/Sources/visual-schema-builder/packages/pulsar-ui.dev/src/showcase/pages/resource-test.psr
[pulsar]   Query: none
[pulsar] load() called for: home.psr
[pulsar]   Full ID: E:/Sources/visual-schema-builder/packages/pulsar-ui.dev/src/showcase/pages/home.psr
[pulsar]   Clean ID: E:/Sources/visual-schema-builder/packages/pulsar-ui.dev/src/showcase/pages/home.psr
[pulsar]   Query: none
[pulsar] resolveId: Resolving .psr "../../pages/home.psr"
[pulsar]   From: E:/Sources/visual-schema-builder/packages/pulsar-ui.dev/src/showcase/__tests__/integration/showcase-navigation.test.ts
[TRACER INIT] Environment vars:
  PULSAR_TRACE: undefined
  PULSAR_TRACE_HTTP: undefined
  PULSAR_TRACE_CHANNELS: undefined
[TRACER INIT] Tracing initialized
[TRACER] Transformer instrumentation complete
[TRACER] Code generator instrumentation complete
[TRACER] Semantic analyzer instrumentation complete
[pulsar]   Γ£ô Resolved to: E:\Sources\visual-schema-builder\packages\pulsar-ui.dev\src\showcase\pages\home.psr
[pulsar] load() called for: reactivity-test.psr
[pulsar]   Full ID: E:/Sources/visual-schema-builder/packages/pulsar-ui.dev/src/showcase/pages/reactivity-test.psr
[pulsar]   Clean ID: E:/Sources/visual-schema-builder/packages/pulsar-ui.dev/src/showcase/pages/reactivity-test.psr
[pulsar]   Query: none
[pulsar] load() called for: jsx-test.psr
[pulsar]   Full ID: E:/Sources/visual-schema-builder/packages/pulsar-ui.dev/src/showcase/pages/jsx-test.psr
[pulsar]   Clean ID: E:/Sources/visual-schema-builder/packages/pulsar-ui.dev/src/showcase/pages/jsx-test.psr
[pulsar]   Query: none
[pulsar] resolveId: Resolving .psr "../reactivity-test.psr"
[pulsar]   From: E:/Sources/visual-schema-builder/packages/pulsar-ui.dev/src/showcase/pages/__tests__/reactivity-test.test.ts
[pulsar] resolveId: Resolving .psr "../about.psr"
[pulsar]   From: E:/Sources/visual-schema-builder/packages/pulsar-ui.dev/src/showcase/pages/__tests__/about.test.ts
[pulsar]   Γ£ô Resolved to: E:\Sources\visual-schema-builder\packages\pulsar-ui.dev\src\showcase\pages\reactivity-test.psr
[pulsar]   Γ£ô Resolved to: E:\Sources\visual-schema-builder\packages\pulsar-ui.dev\src\showcase\pages\about.psr
[pulsar] resolveId: Resolving .psr "../../lab/counter.psr"
[pulsar]   From: E:/Sources/visual-schema-builder/packages/pulsar-ui.dev/src/showcase/pages/home.psr
[pulsar]   Γ£ô Resolved to: E:\Sources\visual-schema-builder\packages\pulsar-ui.dev\src\lab\counter.psr
[pulsar] resolveId: Resolving .psr "../assignment-test.psr"
[pulsar]   From: E:/Sources/visual-schema-builder/packages/pulsar-ui.dev/src/showcase/pages/__tests__/assignment-test.test.ts
[pulsar] load() called for: about.psr
[pulsar]   Full ID: E:/Sources/visual-schema-builder/packages/pulsar-ui.dev/src/showcase/pages/about.psr
[pulsar]   Clean ID: E:/Sources/visual-schema-builder/packages/pulsar-ui.dev/src/showcase/pages/about.psr
[pulsar]   Query: none
[pulsar]   Γ£ô Resolved to: E:\Sources\visual-schema-builder\packages\pulsar-ui.dev\src\showcase\pages\assignment-test.psr
[pulsar] load() called for: assignment-test.psr
[pulsar]   Full ID: E:/Sources/visual-schema-builder/packages/pulsar-ui.dev/src/showcase/pages/assignment-test.psr
[pulsar]   Clean ID: E:/Sources/visual-schema-builder/packages/pulsar-ui.dev/src/showcase/pages/assignment-test.psr
[pulsar]   Query: none
[pulsar] load() called for: counter.psr
[pulsar]   Full ID: E:/Sources/visual-schema-builder/packages/pulsar-ui.dev/src/lab/counter.psr
[pulsar]   Clean ID: E:/Sources/visual-schema-builder/packages/pulsar-ui.dev/src/lab/counter.psr
[pulsar]   Query: none
[90mstdout[2m | src/showcase/pages/__tests__/assignment-test.test.ts[2m > [22m[2mAssignmentTest[2m > [22m[2mRendering[2m > [22m[2mshould render without errors
[22m[39m[REGISTRY.execute] START: component:AssignmentTest parentId: [1mnull[22m
[REGISTRY.execute] RESULT: component:AssignmentTest result: HTMLDivElement {} instanceof HTMLElement: [33mtrue[39m

[90mstdout[2m | src/showcase/pages/__tests__/assignment-test.test.ts[2m > [22m[2mAssignmentTest[2m > [22m[2mRendering[2m > [22m[2mshould display initial count
[22m[39m[REGISTRY.execute] START: component:AssignmentTest parentId: [1mnull[22m
[REGISTRY.execute] RESULT: component:AssignmentTest result: HTMLDivElement {} instanceof HTMLElement: [33mtrue[39m

[90mstdout[2m | src/showcase/pages/__tests__/assignment-test.test.ts[2m > [22m[2mAssignmentTest[2m > [22m[2mRendering[2m > [22m[2mshould display success message
[22m[39m[REGISTRY.execute] START: component:AssignmentTest parentId: [1mnull[22m
[REGISTRY.execute] RESULT: component:AssignmentTest result: HTMLDivElement {} instanceof HTMLElement: [33mtrue[39m

[90mstdout[2m | src/showcase/pages/__tests__/assignment-test.test.ts[2m > [22m[2mAssignmentTest[2m > [22m[2mAssignment Operations[2m > [22m[2mshould increment count when button clicked
[22m[39m[REGISTRY.execute] START: component:AssignmentTest parentId: [1mnull[22m
[REGISTRY.execute] RESULT: component:AssignmentTest result: HTMLDivElement {} instanceof HTMLElement: [33mtrue[39m

[90mstdout[2m | src/showcase/pages/__tests__/about.test.ts[2m > [22m[2mAboutPage[2m > [22m[2mRendering[2m > [22m[2mshould render about heading
[22m[39m[REGISTRY.execute] START: component:AboutPage parentId: [1mnull[22m
[REGISTRY.execute] RESULT: component:AboutPage result: HTMLDivElement {} instanceof HTMLElement: [33mtrue[39m

[90mstdout[2m | src/showcase/pages/__tests__/assignment-test.test.ts[2m > [22m[2mAssignmentTest[2m > [22m[2mAssignment Operations[2m > [22m[2mshould execute assignment in testAssignments function
[22m[39m[REGISTRY.execute] START: component:AssignmentTest parentId: [1mnull[22m
[REGISTRY.execute] RESULT: component:AssignmentTest result: HTMLDivElement {} instanceof HTMLElement: [33mtrue[39m

 [32mΓ£ô[39m src/showcase/pages/__tests__/assignment-test.test.ts[2m > [22mAssignmentTest[2m > [22mRendering[2m > [22mshould render without errors[32m 16[2mms[22m[39m
 [32mΓ£ô[39m src/showcase/pages/__tests__/assignment-test.test.ts[2m > [22mAssignmentTest[2m > [22mRendering[2m > [22mshould display initial count[32m 2[2mms[22m[39m
 [32mΓ£ô[39m src/showcase/pages/__tests__/assignment-test.test.ts[2m > [22mAssignmentTest[2m > [22mRendering[2m > [22mshould display success message[32m 1[2mms[22m[39m
 [32mΓ£ô[39m src/showcase/pages/__tests__/assignment-test.test.ts[2m > [22mAssignmentTest[2m > [22mAssignment Operations[2m > [22mshould increment count when button clicked[32m 5[2mms[22m[39m
 [32mΓ£ô[39m src/showcase/pages/__tests__/assignment-test.test.ts[2m > [22mAssignmentTest[2m > [22mAssignment Operations[2m > [22mshould execute assignment in testAssignments function[32m 3[2mms[22m[39m
 [31m├ù[39m src/showcase/__tests__/integration/showcase-navigation.test.ts[2m > [22mShowcase Navigation Integration[2m > [22mNavigation Bar[2m > [22mshould render all navigation buttons[32m 7[2mms[22m[39m
[31m   ΓåÆ (0 , __vite_ssr_import_1__.default) is not a function[39m
 [31m├ù[39m src/showcase/__tests__/integration/showcase-navigation.test.ts[2m > [22mShowcase Navigation Integration[2m > [22mNavigation Bar[2m > [22mshould have navigation buttons with proper styling[32m 2[2mms[22m[39m
[31m   ΓåÆ (0 , __vite_ssr_import_1__.default) is not a function[39m
 [31m├ù[39m src/showcase/__tests__/integration/showcase-navigation.test.ts[2m > [22mShowcase Navigation Integration[2m > [22mRoute Navigation[2m > [22mshould display home page by default[32m 1[2mms[22m[39m
[31m   ΓåÆ (0 , __vite_ssr_import_1__.default) is not a function[39m
 [31m├ù[39m src/showcase/__tests__/integration/showcase-navigation.test.ts[2m > [22mShowcase Navigation Integration[2m > [22mRoute Navigation[2m > [22mshould navigate to reactivity page[32m 1[2mms[22m[39m
[31m   ΓåÆ (0 , __vite_ssr_import_1__.default) is not a function[39m
 [31m├ù[39m src/showcase/__tests__/integration/showcase-navigation.test.ts[2m > [22mShowcase Navigation Integration[2m > [22mRoute Navigation[2m > [22mshould navigate to about page[32m 1[2mms[22m[39m
[31m   ΓåÆ (0 , __vite_ssr_import_1__.default) is not a function[39m
 [31m├ù[39m src/showcase/__tests__/integration/showcase-navigation.test.ts[2m > [22mShowcase Navigation Integration[2m > [22mRoute Navigation[2m > [22mshould update currentPath signal on navigation[32m 1[2mms[22m[39m
[31m   ΓåÆ (0 , __vite_ssr_import_1__.default) is not a function[39m
 [31m├ù[39m src/showcase/__tests__/integration/showcase-navigation.test.ts[2m > [22mShowcase Navigation Integration[2m > [22mPage Content Loading[2m > [22mshould load control flow page content[32m 1[2mms[22m[39m
[31m   ΓåÆ (0 , __vite_ssr_import_1__.default) is not a function[39m
 [31m├ù[39m src/showcase/__tests__/integration/showcase-navigation.test.ts[2m > [22mShowcase Navigation Integration[2m > [22mPage Content Loading[2m > [22mshould load context page content[32m 1[2mms[22m[39m
[31m   ΓåÆ (0 , __vite_ssr_import_1__.default) is not a function[39m
 [31m├ù[39m src/showcase/__tests__/integration/showcase-navigation.test.ts[2m > [22mShowcase Navigation Integration[2m > [22mBack Navigation[2m > [22mshould navigate back from about to home[32m 1[2mms[22m[39m
[31m   ΓåÆ (0 , __vite_ssr_import_1__.default) is not a function[39m
[90mstdout[2m | src/showcase/pages/__tests__/about.test.ts[2m > [22m[2mAboutPage[2m > [22m[2mRendering[2m > [22m[2mshould render key features list
[22m[39m[REGISTRY.execute] START: component:AboutPage parentId: [1mnull[22m
[REGISTRY.execute] RESULT: component:AboutPage result: HTMLDivElement {} instanceof HTMLElement: [33mtrue[39m

[90mstdout[2m | src/showcase/__tests__/integration/reactivity-cross-component.test.ts[2m > [22m[2mReactivity Cross-Component Integration[2m > [22m[2mSignal-Memo Integration[2m > [22m[2mshould update memo when dependent signals change
[22m[39m[REGISTRY.execute] START: component:ReactivityTestPage parentId: [1mnull[22m
[Effect] Full name changed to: John Doe
[REGISTRY.execute] RESULT: component:ReactivityTestPage result: HTMLDivElement {} instanceof HTMLElement: [33mtrue[39m
[Effect] Full name changed to: John Doe

[90mstdout[2m | src/showcase/pages/__tests__/about.test.ts[2m > [22m[2mAboutPage[2m > [22m[2mRendering[2m > [22m[2mshould render toggle details button
[22m[39m[REGISTRY.execute] START: component:AboutPage parentId: [1mnull[22m
[REGISTRY.execute] RESULT: component:AboutPage result: HTMLDivElement {} instanceof HTMLElement: [33mtrue[39m

[90mstdout[2m | src/showcase/pages/__tests__/jsx-test.test.ts[2m > [22m[2mJsxTestPage[2m > [22m[2mReactive Attributes[2m > [22m[2mshould render initial background color
[22m[39m[REGISTRY.execute] START: component:JsxTestPage parentId: [1mnull[22m
[REGISTRY.execute] RESULT: component:JsxTestPage result: HTMLDivElement {} instanceof HTMLElement: [33mtrue[39m

[90mstdout[2m | src/showcase/pages/__tests__/resource-test.test.ts[2m > [22m[2mResourceTestPage[2m > [22m[2mUser Resource[2m > [22m[2mshould show loading state initially
[22m[39m[REGISTRY.execute] START: component:ResourceTestPage parentId: [1mnull[22m
[REGISTRY.execute] RESULT: component:ResourceTestPage result: HTMLDivElement {} instanceof HTMLElement: [33mtrue[39m

[90mstdout[2m | src/showcase/pages/__tests__/about.test.ts[2m > [22m[2mAboutPage[2m > [22m[2mRendering[2m > [22m[2mshould render back to home button
[22m[39m[REGISTRY.execute] START: component:AboutPage parentId: [1mnull[22m
[REGISTRY.execute] RESULT: component:AboutPage result: HTMLDivElement {} instanceof HTMLElement: [33mtrue[39m

[90mstdout[2m | src/showcase/pages/__tests__/about.test.ts[2m > [22m[2mAboutPage[2m > [22m[2mToggle Details Behavior[2m > [22m[2mshould hide details by default
[22m[39m[REGISTRY.execute] START: component:AboutPage parentId: [1mnull[22m
[REGISTRY.execute] RESULT: component:AboutPage result: HTMLDivElement {} instanceof HTMLElement: [33mtrue[39m

[90mstdout[2m | src/showcase/pages/__tests__/error-boundary-test.test.ts[2m > [22m[2mErrorBoundaryTestPage[2m > [22m[2mBasic Error Boundary[2m > [22m[2mshould render safe component initially
[22m[39m[REGISTRY.execute] START: component:ErrorBoundaryTestPage parentId: [1mnull[22m
[REGISTRY.execute] RESULT: component:ErrorBoundaryTestPage result: HTMLDivElement {} instanceof HTMLElement: [33mtrue[39m

[90mstdout[2m | src/showcase/pages/__tests__/home.test.ts[2m > [22m[2mHomePage[2m > [22m[2mRendering[2m > [22m[2mshould render welcome heading
[22m[39m[REGISTRY.execute] START: component:HomePage parentId: [1mnull[22m
[REGISTRY.execute] START: component:Counter parentId: [1mnull[22m
[Counter] Initializing with id: home-counter
[REGISTRY.execute] RESULT: component:Counter result: HTMLDivElement {} instanceof HTMLElement: [33mtrue[39m
[REGISTRY.execute] RESULT: component:HomePage result: HTMLDivElement {} instanceof HTMLElement: [33mtrue[39m

[90mstdout[2m | src/showcase/pages/__tests__/context-test.test.ts[2m > [22m[2mContextTestPage[2m > [22m[2mTheme Context[2m > [22m[2mshould render with default dark theme
[22m[39m[REGISTRY.execute] START: component:ContextTestPage parentId: [1mnull[22m
[useContext] Looking up context: [32mSymbol(Context)[39m
[useContext] Found signal: [ [36m[Function: get][39m, [36m[Function: set][39m ]
[useContext] Signal value: {
  theme: [36m[Function: theme][39m,
  setTheme: [36m[Function: setTheme][39m,
  primaryColor: [36m[Function: primaryColor][39m,
  setPrimaryColor: [36m[Function: setPrimaryColor][39m
}
[useContext] Looking up context: [32mSymbol(Context)[39m
[useContext] Found signal: [ [36m[Function: get][39m, [36m[Function: set][39m ]
[useContext] Signal value: {
  user: [36m[Function: user][39m,
  isLoggedIn: [36m[Function: isLoggedIn][39m,
  login: [36m[Function: login][39m,
  logout: [36m[Function: logout][39m
}
[useContext] Looking up context: [32mSymbol(Context)[39m
[useContext] Found signal: [ [36m[Function: get][39m, [36m[Function: set][39m ]
[useContext] Signal value: {
  fontSize: [36m[Function: fontSize][39m,
  setFontSize: [36m[Function: setFontSize][39m,
  notifications: [36m[Function: notifications][39m,
  setNotifications: [36m[Function: setNotifications][39m,
  language: [36m[Function: language][39m,
  setLanguage: [36m[Function: setLanguage][39m,
  animations: [36m[Function: animations][39m,
  setAnimations: [36m[Function: setAnimations][39m
}
[useContext] Looking up context: [32mSymbol(Context)[39m
[useContext] Found signal: [ [36m[Function: get][39m, [36m[Function: set][39m ]
[useContext] Signal value: {
  theme: [36m[Function: theme][39m,
  setTheme: [36m[Function: setTheme][39m,
  primaryColor: [36m[Function: primaryColor][39m,
  setPrimaryColor: [36m[Function: setPrimaryColor][39m
}
[useContext] Looking up context: [32mSymbol(Context)[39m
[useContext] Found signal: [ [36m[Function: get][39m, [36m[Function: set][39m ]
[useContext] Signal value: {
  theme: [36m[Function: theme][39m,
  setTheme: [36m[Function: setTheme][39m,
  primaryColor: [36m[Function: primaryColor][39m,
  setPrimaryColor: [36m[Function: setPrimaryColor][39m
}
[useContext] Looking up context: [32mSymbol(Context)[39m
[useContext] Found signal: [ [36m[Function: get][39m, [36m[Function: set][39m ]
[useContext] Signal value: {
  theme: [36m[Function: theme][39m,
  setTheme: [36m[Function: setTheme][39m,
  primaryColor: [36m[Function: primaryColor][39m,
  setPrimaryColor: [36m[Function: setPrimaryColor][39m
}
[useContext] Looking up context: [32mSymbol(Context)[39m
[useContext] Found signal: [ [36m[Function: get][39m, [36m[Function: set][39m ]
[useContext] Signal value: {
  user: [36m[Function: user][39m,
  isLoggedIn: [36m[Function: isLoggedIn][39m,
  login: [36m[Function: login][39m,
  logout: [36m[Function: logout][39m
}
[useContext] Looking up context: [32mSymbol(Context)[39m
[useContext] Found signal: [ [36m[Function: get][39m, [36m[Function: set][39m ]
[useContext] Signal value: {
  user: [36m[Function: user][39m,
  isLoggedIn: [36m[Function: isLoggedIn][39m,
  login: [36m[Function: login][39m,
  logout: [36m[Function: logout][39m
}
[useContext] Looking up context: [32mSymbol(Context)[39m
[useContext] Found signal: [ [36m[Function: get][39m, [36m[Function: set][39m ]
[useContext] Signal value: {
  fontSize: [36m[Function: fontSize][39m,
  setFontSize: [36m[Function: setFontSize][39m,
  notifications: [36m[Function: notifications][39m,
  setNotifications: [36m[Function: setNotifications][39m,
  language: [36m[Function: language][39m,
  setLanguage: [36m[Function: setLanguage][39m,
  animations: [36m[Function: animations][39m,
  setAnimations: [36m[Function: setAnimations][39m
}
[useContext] Looking up context: [32mSymbol(Context)[39m
[useContext] Found signal: [ [36m[Function: get][39m, [36m[Function: set][39m ]
[useContext] Signal value: {
  theme: [36m[Function: theme][39m,
  setTheme: [36m[Function: setTheme][39m,
  primaryColor: [36m[Function: primaryColor][39m,
  setPrimaryColor: [36m[Function: setPrimaryColor][39m
}
[useContext] Looking up context: [32mSymbol(Context)[39m
[useContext] Found signal: [ [36m[Function: get][39m, [36m[Function: set][39m ]
[useContext] Signal value: {
  user: [36m[Function: user][39m,
  isLoggedIn: [36m[Function: isLoggedIn][39m,
  login: [36m[Function: login][39m,
  logout: [36m[Function: logout][39m
}
[useContext] Looking up context: [32mSymbol(Context)[39m
[useContext] Found signal: [ [36m[Function: get][39m, [36m[Function: set][39m ]
[useContext] Signal value: {
  fontSize: [36m[Function: fontSize][39m,
  setFontSize: [36m[Function: setFontSize][39m,
  notifications: [36m[Function: notifications][39m,
  setNotifications: [36m[Function: setNotifications][39m,
  language: [36m[Function: language][39m,
  setLanguage: [36m[Function: setLanguage][39m,
  animations: [36m[Function: animations][39m,
  setAnimations: [36m[Function: setAnimations][39m
}
[REGISTRY.execute] RESULT: component:ContextTestPage result: HTMLDivElement {} instanceof HTMLElement: [33mtrue[39m

[90mstdout[2m | src/showcase/__tests__/integration/reactivity-cross-component.test.ts[2m > [22m[2mReactivity Cross-Component Integration[2m > [22m[2mSignal-Memo Integration[2m > [22m[2mshould update multiple dependent memos
[22m[39m[REGISTRY.execute] START: component:ReactivityTestPage parentId: [1mnull[22m
[Effect] Full name changed to: John Doe
[REGISTRY.execute] RESULT: component:ReactivityTestPage result: HTMLDivElement {} instanceof HTMLElement: [33mtrue[39m

[90mstdout[2m | src/showcase/pages/__tests__/about.test.ts[2m > [22m[2mAboutPage[2m > [22m[2mToggle Details Behavior[2m > [22m[2mshould show details after clicking toggle button
[22m[39m[REGISTRY.execute] START: component:AboutPage parentId: [1mnull[22m
[REGISTRY.execute] RESULT: component:AboutPage result: HTMLDivElement {} instanceof HTMLElement: [33mtrue[39m

[90mstdout[2m | src/showcase/pages/__tests__/home.test.ts[2m > [22m[2mHomePage[2m > [22m[2mRendering[2m > [22m[2mshould render description text
[22m[39m[REGISTRY.execute] START: component:HomePage parentId: [1mnull[22m
[REGISTRY.execute] START: component:Counter parentId: [1mnull[22m
[Counter] Initializing with id: home-counter
[REGISTRY.execute] RESULT: component:Counter result: HTMLDivElement {} instanceof HTMLElement: [33mtrue[39m
[REGISTRY.execute] RESULT: component:HomePage result: HTMLDivElement {} instanceof HTMLElement: [33mtrue[39m

[90mstdout[2m | src/showcase/pages/__tests__/jsx-test.test.ts[2m > [22m[2mJsxTestPage[2m > [22m[2mReactive Attributes[2m > [22m[2mshould change background color when button clicked
[22m[39m[REGISTRY.execute] START: component:JsxTestPage parentId: [1mnull[22m
[REGISTRY.execute] RESULT: component:JsxTestPage result: HTMLDivElement {} instanceof HTMLElement: [33mtrue[39m

[90mstdout[2m | src/showcase/pages/__tests__/resource-test.test.ts[2m > [22m[2mResourceTestPage[2m > [22m[2mUser Resource[2m > [22m[2mshould display user data after loading
[22m[39m[REGISTRY.execute] START: component:ResourceTestPage parentId: [1mnull[22m
[REGISTRY.execute] RESULT: component:ResourceTestPage result: HTMLDivElement {} instanceof HTMLElement: [33mtrue[39m

[90mstdout[2m | src/showcase/__tests__/integration/reactivity-cross-component.test.ts[2m > [22m[2mReactivity Cross-Component Integration[2m > [22m[2mBatch Update Integration[2m > [22m[2mshould update all related displays simultaneously
[22m[39m[REGISTRY.execute] START: component:ReactivityTestPage parentId: [1mnull[22m
[Effect] Full name changed to: John Doe
[REGISTRY.execute] RESULT: component:ReactivityTestPage result: HTMLDivElement {} instanceof HTMLElement: [33mtrue[39m
[Effect] Full name changed to: John Doe

[90mstdout[2m | src/showcase/pages/__tests__/about.test.ts[2m > [22m[2mAboutPage[2m > [22m[2mToggle Details Behavior[2m > [22m[2mshould toggle button text when clicked
[22m[39m[REGISTRY.execute] START: component:AboutPage parentId: [1mnull[22m
[REGISTRY.execute] RESULT: component:AboutPage result: HTMLDivElement {} instanceof HTMLElement: [33mtrue[39m

[90mstdout[2m | src/showcase/__tests__/integration/context-provider-consumer.test.ts[2m > [22m[2mContext Provider-Consumer Integration[2m > [22m[2mMulti-Context Propagation[2m > [22m[2mshould provide all contexts to nested components
[22m[39m[REGISTRY.execute] START: component:ContextTestPage parentId: [1mnull[22m
[useContext] Looking up context: [32mSymbol(Context)[39m
[useContext] Found signal: [ [36m[Function: get][39m, [36m[Function: set][39m ]
[useContext] Signal value: {
  theme: [36m[Function: theme][39m,
  setTheme: [36m[Function: setTheme][39m,
  primaryColor: [36m[Function: primaryColor][39m,
  setPrimaryColor: [36m[Function: setPrimaryColor][39m
}
[useContext] Looking up context: [32mSymbol(Context)[39m
[useContext] Found signal: [ [36m[Function: get][39m, [36m[Function: set][39m ]
[useContext] Signal value: {
  user: [36m[Function: user][39m,
  isLoggedIn: [36m[Function: isLoggedIn][39m,
  login: [36m[Function: login][39m,
  logout: [36m[Function: logout][39m
}
[useContext] Looking up context: [32mSymbol(Context)[39m
[useContext] Found signal: [ [36m[Function: get][39m, [36m[Function: set][39m ]
[useContext] Signal value: {
  fontSize: [36m[Function: fontSize][39m,
  setFontSize: [36m[Function: setFontSize][39m,
  notifications: [36m[Function: notifications][39m,
  setNotifications: [36m[Function: setNotifications][39m,
  language: [36m[Function: language][39m,
  setLanguage: [36m[Function: setLanguage][39m,
  animations: [36m[Function: animations][39m,
  setAnimations: [36m[Function: setAnimations][39m
}
[useContext] Looking up context: [32mSymbol(Context)[39m
[useContext] Found signal: [ [36m[Function: get][39m, [36m[Function: set][39m ]
[useContext] Signal value: {
  theme: [36m[Function: theme][39m,
  setTheme: [36m[Function: setTheme][39m,
  primaryColor: [36m[Function: primaryColor][39m,
  setPrimaryColor: [36m[Function: setPrimaryColor][39m
}
[useContext] Looking up context: [32mSymbol(Context)[39m
[useContext] Found signal: [ [36m[Function: get][39m, [36m[Function: set][39m ]
[useContext] Signal value: {
  theme: [36m[Function: theme][39m,
  setTheme: [36m[Function: setTheme][39m,
  primaryColor: [36m[Function: primaryColor][39m,
  setPrimaryColor: [36m[Function: setPrimaryColor][39m
}
[useContext] Looking up context: [32mSymbol(Context)[39m
[useContext] Found signal: [ [36m[Function: get][39m, [36m[Function: set][39m ]
[useContext] Signal value: {
  theme: [36m[Function: theme][39m,
  setTheme: [36m[Function: setTheme][39m,
  primaryColor: [36m[Function: primaryColor][39m,
  setPrimaryColor: [36m[Function: setPrimaryColor][39m
}
[useContext] Looking up context: [32mSymbol(Context)[39m
[useContext] Found signal: [ [36m[Function: get][39m, [36m[Function: set][39m ]
[useContext] Signal value: {
  user: [36m[Function: user][39m,
  isLoggedIn: [36m[Function: isLoggedIn][39m,
  login: [36m[Function: login][39m,
  logout: [36m[Function: logout][39m
}
[useContext] Looking up context: [32mSymbol(Context)[39m
[useContext] Found signal: [ [36m[Function: get][39m, [36m[Function: set][39m ]
[useContext] Signal value: {
  user: [36m[Function: user][39m,
  isLoggedIn: [36m[Function: isLoggedIn][39m,
  login: [36m[Function: login][39m,
  logout: [36m[Function: logout][39m
}
[useContext] Looking up context: [32mSymbol(Context)[39m
[useContext] Found signal: [ [36m[Function: get][39m, [36m[Function: set][39m ]
[useContext] Signal value: {
  fontSize: [36m[Function: fontSize][39m,
  setFontSize: [36m[Function: setFontSize][39m,
  notifications: [36m[Function: notifications][39m,
  setNotifications: [36m[Function: setNotifications][39m,
  language: [36m[Function: language][39m,
  setLanguage: [36m[Function: setLanguage][39m,
  animations: [36m[Function: animations][39m,
  setAnimations: [36m[Function: setAnimations][39m
}
[useContext] Looking up context: [32mSymbol(Context)[39m
[useContext] Found signal: [ [36m[Function: get][39m, [36m[Function: set][39m ]
[useContext] Signal value: {
  theme: [36m[Function: theme][39m,
  setTheme: [36m[Function: setTheme][39m,
  primaryColor: [36m[Function: primaryColor][39m,
  setPrimaryColor: [36m[Function: setPrimaryColor][39m
}
[useContext] Looking up context: [32mSymbol(Context)[39m
[useContext] Found signal: [ [36m[Function: get][39m, [36m[Function: set][39m ]
[useContext] Signal value: {
  user: [36m[Function: user][39m,
  isLoggedIn: [36m[Function: isLoggedIn][39m,
  login: [36m[Function: login][39m,
  logout: [36m[Function: logout][39m
}
[useContext] Looking up context: [32mSymbol(Context)[39m
[useContext] Found signal: [ [36m[Function: get][39m, [36m[Function: set][39m ]
[useContext] Signal value: {
  fontSize: [36m[Function: fontSize][39m,
  setFontSize: [36m[Function: setFontSize][39m,
  notifications: [36m[Function: notifications][39m,
  setNotifications: [36m[Function: setNotifications][39m,
  language: [36m[Function: language][39m,
  setLanguage: [36m[Function: setLanguage][39m,
  animations: [36m[Function: animations][39m,
  setAnimations: [36m[Function: setAnimations][39m
}
[REGISTRY.execute] RESULT: component:ContextTestPage result: HTMLDivElement {} instanceof HTMLElement: [33mtrue[39m

[90mstdout[2m | src/showcase/pages/__tests__/home.test.ts[2m > [22m[2mHomePage[2m > [22m[2mRendering[2m > [22m[2mshould render Counter component
[22m[39m[REGISTRY.execute] START: component:HomePage parentId: [1mnull[22m
[REGISTRY.execute] START: component:Counter parentId: [1mnull[22m
[Counter] Initializing with id: home-counter
[REGISTRY.execute] RESULT: component:Counter result: HTMLDivElement {} instanceof HTMLElement: [33mtrue[39m
[REGISTRY.execute] RESULT: component:HomePage result: HTMLDivElement {} instanceof HTMLElement: [33mtrue[39m

[90mstdout[2m | src/showcase/pages/__tests__/about.test.ts[2m > [22m[2mAboutPage[2m > [22m[2mRouter Integration[2m > [22m[2mshould display current route path
[22m[39m[REGISTRY.execute] START: component:AboutPage parentId: [1mnull[22m
[REGISTRY.execute] RESULT: component:AboutPage result: HTMLDivElement {} instanceof HTMLElement: [33mtrue[39m

 [32mΓ£ô[39m src/showcase/pages/__tests__/about.test.ts[2m > [22mAboutPage[2m > [22mRendering[2m > [22mshould render about heading[32m 26[2mms[22m[39m
 [32mΓ£ô[39m src/showcase/pages/__tests__/about.test.ts[2m > [22mAboutPage[2m > [22mRendering[2m > [22mshould render key features list[32m 7[2mms[22m[39m
 [32mΓ£ô[39m src/showcase/pages/__tests__/about.test.ts[2m > [22mAboutPage[2m > [22mRendering[2m > [22mshould render toggle details button[32m 5[2mms[22m[39m
 [32mΓ£ô[39m src/showcase/pages/__tests__/about.test.ts[2m > [22mAboutPage[2m > [22mRendering[2m > [22mshould render back to home button[32m 4[2mms[22m[39m
 [32mΓ£ô[39m src/showcase/pages/__tests__/about.test.ts[2m > [22mAboutPage[2m > [22mToggle Details Behavior[2m > [22mshould hide details by default[32m 4[2mms[22m[39m
 [32mΓ£ô[39m src/showcase/pages/__tests__/about.test.ts[2m > [22mAboutPage[2m > [22mToggle Details Behavior[2m > [22mshould show details after clicking toggle button[32m 7[2mms[22m[39m
 [32mΓ£ô[39m src/showcase/pages/__tests__/about.test.ts[2m > [22mAboutPage[2m > [22mToggle Details Behavior[2m > [22mshould toggle button text when clicked[32m 7[2mms[22m[39m
 [32mΓ£ô[39m src/showcase/pages/__tests__/about.test.ts[2m > [22mAboutPage[2m > [22mRouter Integration[2m > [22mshould display current route path[32m 4[2mms[22m[39m
[90mstdout[2m | src/showcase/pages/__tests__/resource-test.test.ts[2m > [22m[2mResourceTestPage[2m > [22m[2mUser Resource[2m > [22m[2mshould refetch when Next User clicked
[22m[39m[REGISTRY.execute] START: component:ResourceTestPage parentId: [1mnull[22m
[REGISTRY.execute] RESULT: component:ResourceTestPage result: HTMLDivElement {} instanceof HTMLElement: [33mtrue[39m

[90mstdout[2m | src/showcase/__tests__/integration/reactivity-cross-component.test.ts[2m > [22m[2mReactivity Cross-Component Integration[2m > [22m[2mBatch Update Integration[2m > [22m[2mshould maintain consistency after reset
[22m[39m[REGISTRY.execute] START: component:ReactivityTestPage parentId: [1mnull[22m
[Effect] Full name changed to: John Doe
[REGISTRY.execute] RESULT: component:ReactivityTestPage result: HTMLDivElement {} instanceof HTMLElement: [33mtrue[39m
[Effect] Full name changed to: John Doe

[90mstdout[2m | src/showcase/pages/__tests__/jsx-test.test.ts[2m > [22m[2mJsxTestPage[2m > [22m[2mReactive Attributes[2m > [22m[2mshould toggle disabled state
[22m[39m[REGISTRY.execute] START: component:JsxTestPage parentId: [1mnull[22m
[REGISTRY.execute] RESULT: component:JsxTestPage result: HTMLDivElement {} instanceof HTMLElement: [33mtrue[39m

 [32mΓ£ô[39m src/showcase/__tests__/integration/reactivity-cross-component.test.ts[2m > [22mReactivity Cross-Component Integration[2m > [22mSignal-Memo Integration[2m > [22mshould update memo when dependent signals change[32m 37[2mms[22m[39m
 [32mΓ£ô[39m src/showcase/__tests__/integration/reactivity-cross-component.test.ts[2m > [22mReactivity Cross-Component Integration[2m > [22mSignal-Memo Integration[2m > [22mshould update multiple dependent memos[32m 10[2mms[22m[39m
 [32mΓ£ô[39m src/showcase/__tests__/integration/reactivity-cross-component.test.ts[2m > [22mReactivity Cross-Component Integration[2m > [22mBatch Update Integration[2m > [22mshould update all related displays simultaneously[32m 8[2mms[22m[39m
 [32mΓ£ô[39m src/showcase/__tests__/integration/reactivity-cross-component.test.ts[2m > [22mReactivity Cross-Component Integration[2m > [22mBatch Update Integration[2m > [22mshould maintain consistency after reset[32m 10[2mms[22m[39m
[90mstdout[2m | src/showcase/pages/__tests__/context-test.test.ts[2m > [22m[2mContextTestPage[2m > [22m[2mTheme Context[2m > [22m[2mshould switch to light theme when clicked
[22m[39m[REGISTRY.execute] START: component:ContextTestPage parentId: [1mnull[22m
[useContext] Looking up context: [32mSymbol(Context)[39m
[useContext] Found signal: [ [36m[Function: get][39m, [36m[Function: set][39m ]
[useContext] Signal value: {
  theme: [36m[Function: get][39m,
  setTheme: [36m[Function: set][39m,
  primaryColor: [36m[Function: get][39m,
  setPrimaryColor: [36m[Function: set][39m
}
[useContext] Looking up context: [32mSymbol(Context)[39m
[useContext] Found signal: [ [36m[Function: get][39m, [36m[Function: set][39m ]
[useContext] Signal value: {
  user: [36m[Function: get][39m,
  isLoggedIn: [36m[Function: get][39m,
  login: [36m[Function: login][39m,
  logout: [36m[Function: logout][39m
}
[useContext] Looking up context: [32mSymbol(Context)[39m
[useContext] Found signal: [ [36m[Function: get][39m, [36m[Function: set][39m ]
[useContext] Signal value: {
  fontSize: [36m[Function: get][39m,
  setFontSize: [36m[Function: set][39m,
  notifications: [36m[Function: get][39m,
  setNotifications: [36m[Function: set][39m,
  language: [36m[Function: get][39m,
  setLanguage: [36m[Function: set][39m
}
[useContext] Looking up context: [32mSymbol(Context)[39m
[useContext] Found signal: [ [36m[Function: get][39m, [36m[Function: set][39m ]
[useContext] Signal value: {
  theme: [36m[Function: get][39m,
  setTheme: [36m[Function: set][39m,
  primaryColor: [36m[Function: get][39m,
  setPrimaryColor: [36m[Function: set][39m
}
[useContext] Looking up context: [32mSymbol(Context)[39m
[useContext] Found signal: [ [36m[Function: get][39m, [36m[Function: set][39m ]
[useContext] Signal value: {
  theme: [36m[Function: get][39m,
  setTheme: [36m[Function: set][39m,
  primaryColor: [36m[Function: get][39m,
  setPrimaryColor: [36m[Function: set][39m
}
[useContext] Looking up context: [32mSymbol(Context)[39m
[useContext] Found signal: [ [36m[Function: get][39m, [36m[Function: set][39m ]
[useContext] Signal value: {
  theme: [36m[Function: get][39m,
  setTheme: [36m[Function: set][39m,
  primaryColor: [36m[Function: get][39m,
  setPrimaryColor: [36m[Function: set][39m
}
[useContext] Looking up context: [32mSymbol(Context)[39m
[useContext] Found signal: [ [36m[Function: get][39m, [36m[Function: set][39m ]
[useContext] Signal value: {
  user: [36m[Function: get][39m,
  isLoggedIn: [36m[Function: get][39m,
  login: [36m[Function: login][39m,
  logout: [36m[Function: logout][39m
}
[useContext] Looking up context: [32mSymbol(Context)[39m
[useContext] Found signal: [ [36m[Function: get][39m, [36m[Function: set][39m ]
[useContext] Signal value: {
  user: [36m[Function: get][39m,
  isLoggedIn: [36m[Function: get][39m,
  login: [36m[Function: login][39m,
  logout: [36m[Function: logout][39m
}
[useContext] Looking up context: [32mSymbol(Context)[39m
[useContext] Found signal: [ [36m[Function: get][39m, [36m[Function: set][39m ]
[useContext] Signal value: {
  fontSize: [36m[Function: get][39m,
  setFontSize: [36m[Function: set][39m,
  notifications: [36m[Function: get][39m,
  setNotifications: [36m[Function: set][39m,
  language: [36m[Function: get][39m,
  setLanguage: [36m[Function: set][39m
}
[useContext] Looking up context: [32mSymbol(Context)[39m
[useContext] Found signal: [ [36m[Function: get][39m, [36m[Function: set][39m ]
[useContext] Signal value: {
  theme: [36m[Function: get][39m,
  setTheme: [36m[Function: set][39m,
  primaryColor: [36m[Function: get][39m,
  setPrimaryColor: [36m[Function: set][39m
}
[useContext] Looking up context: [32mSymbol(Context)[39m
[useContext] Found signal: [ [36m[Function: get][39m, [36m[Function: set][39m ]
[useContext] Signal value: {
  user: [36m[Function: get][39m,
  isLoggedIn: [36m[Function: get][39m,
  login: [36m[Function: login][39m,
  logout: [36m[Function: logout][39m
}
[useContext] Looking up context: [32mSymbol(Context)[39m
[useContext] Found signal: [ [36m[Function: get][39m, [36m[Function: set][39m ]
[useContext] Signal value: {
  fontSize: [36m[Function: get][39m,
  setFontSize: [36m[Function: set][39m,
  notifications: [36m[Function: get][39m,
  setNotifications: [36m[Function: set][39m,
  language: [36m[Function: get][39m,
  setLanguage: [36m[Function: set][39m
}
[REGISTRY.execute] RESULT: component:ContextTestPage result: HTMLDivElement {} instanceof HTMLElement: [33mtrue[39m

[90mstdout[2m | src/showcase/pages/__tests__/home.test.ts[2m > [22m[2mHomePage[2m > [22m[2mStructure[2m > [22m[2mshould have proper section layout
[22m[39m[REGISTRY.execute] START: component:HomePage parentId: [1mnull[22m
[REGISTRY.execute] START: component:Counter parentId: [1mnull[22m
[Counter] Initializing with id: home-counter
[REGISTRY.execute] RESULT: component:Counter result: HTMLDivElement {} instanceof HTMLElement: [33mtrue[39m
[REGISTRY.execute] RESULT: component:HomePage result: HTMLDivElement {} instanceof HTMLElement: [33mtrue[39m

[90mstdout[2m | src/showcase/pages/__tests__/resource-test.test.ts[2m > [22m[2mResourceTestPage[2m > [22m[2mUser Resource[2m > [22m[2mshould cycle back to user 1 after user 10
[22m[39m[REGISTRY.execute] START: component:ResourceTestPage parentId: [1mnull[22m
[REGISTRY.execute] RESULT: component:ResourceTestPage result: HTMLDivElement {} instanceof HTMLElement: [33mtrue[39m

 [32mΓ£ô[39m src/showcase/pages/__tests__/home.test.ts[2m > [22mHomePage[2m > [22mRendering[2m > [22mshould render welcome heading[32m 39[2mms[22m[39m
 [32mΓ£ô[39m src/showcase/pages/__tests__/home.test.ts[2m > [22mHomePage[2m > [22mRendering[2m > [22mshould render description text[32m 6[2mms[22m[39m
 [31m├ù[39m src/showcase/pages/__tests__/home.test.ts[2m > [22mHomePage[2m > [22mRendering[2m > [22mshould render Counter component[32m 11[2mms[22m[39m
[31m   ΓåÆ expected null to be truthy[39m
 [32mΓ£ô[39m src/showcase/pages/__tests__/home.test.ts[2m > [22mHomePage[2m > [22mStructure[2m > [22mshould have proper section layout[32m 5[2mms[22m[39m
[90mstdout[2m | src/showcase/pages/__tests__/jsx-test.test.ts[2m > [22m[2mJsxTestPage[2m > [22m[2mEvent Handlers[2m > [22m[2mshould increment click count
[22m[39m[REGISTRY.execute] START: component:JsxTestPage parentId: [1mnull[22m
[REGISTRY.execute] RESULT: component:JsxTestPage result: HTMLDivElement {} instanceof HTMLElement: [33mtrue[39m

[90mstdout[2m | src/showcase/pages/__tests__/resource-test.test.ts[2m > [22m[2mResourceTestPage[2m > [22m[2mDependent Resource (Posts)[2m > [22m[2mshould load posts after user loads
[22m[39m[REGISTRY.execute] START: component:ResourceTestPage parentId: [1mnull[22m
[REGISTRY.execute] RESULT: component:ResourceTestPage result: HTMLDivElement {} instanceof HTMLElement: [33mtrue[39m

[90mstdout[2m | src/showcase/__tests__/integration/context-provider-consumer.test.ts[2m > [22m[2mContext Provider-Consumer Integration[2m > [22m[2mMulti-Context Propagation[2m > [22m[2mshould update all consumers when provider value changes
[22m[39m[REGISTRY.execute] START: component:ContextTestPage parentId: [1mnull[22m
[useContext] Looking up context: [32mSymbol(Context)[39m
[useContext] Found signal: [ [36m[Function: get][39m, [36m[Function: set][39m ]
[useContext] Signal value: {
  theme: [36m[Function: get][39m,
  setTheme: [36m[Function: set][39m,
  primaryColor: [36m[Function: get][39m,
  setPrimaryColor: [36m[Function: set][39m
}
[useContext] Looking up context: [32mSymbol(Context)[39m
[useContext] Found signal: [ [36m[Function: get][39m, [36m[Function: set][39m ]
[useContext] Signal value: {
  user: [36m[Function: get][39m,
  isLoggedIn: [36m[Function: get][39m,
  login: [36m[Function: login][39m,
  logout: [36m[Function: logout][39m
}
[useContext] Looking up context: [32mSymbol(Context)[39m
[useContext] Found signal: [ [36m[Function: get][39m, [36m[Function: set][39m ]
[useContext] Signal value: {
  fontSize: [36m[Function: get][39m,
  setFontSize: [36m[Function: set][39m,
  notifications: [36m[Function: get][39m,
  setNotifications: [36m[Function: set][39m,
  language: [36m[Function: get][39m,
  setLanguage: [36m[Function: set][39m
}
[useContext] Looking up context: [32mSymbol(Context)[39m
[useContext] Found signal: [ [36m[Function: get][39m, [36m[Function: set][39m ]
[useContext] Signal value: {
  theme: [36m[Function: get][39m,
  setTheme: [36m[Function: set][39m,
  primaryColor: [36m[Function: get][39m,
  setPrimaryColor: [36m[Function: set][39m
}
[useContext] Looking up context: [32mSymbol(Context)[39m
[useContext] Found signal: [ [36m[Function: get][39m, [36m[Function: set][39m ]
[useContext] Signal value: {
  theme: [36m[Function: get][39m,
  setTheme: [36m[Function: set][39m,
  primaryColor: [36m[Function: get][39m,
  setPrimaryColor: [36m[Function: set][39m
}
[useContext] Looking up context: [32mSymbol(Context)[39m
[useContext] Found signal: [ [36m[Function: get][39m, [36m[Function: set][39m ]
[useContext] Signal value: {
  theme: [36m[Function: get][39m,
  setTheme: [36m[Function: set][39m,
  primaryColor: [36m[Function: get][39m,
  setPrimaryColor: [36m[Function: set][39m
}
[useContext] Looking up context: [32mSymbol(Context)[39m
[useContext] Found signal: [ [36m[Function: get][39m, [36m[Function: set][39m ]
[useContext] Signal value: {
  user: [36m[Function: get][39m,
  isLoggedIn: [36m[Function: get][39m,
  login: [36m[Function: login][39m,
  logout: [36m[Function: logout][39m
}
[useContext] Looking up context: [32mSymbol(Context)[39m
[useContext] Found signal: [ [36m[Function: get][39m, [36m[Function: set][39m ]
[useContext] Signal value: {
  user: [36m[Function: get][39m,
  isLoggedIn: [36m[Function: get][39m,
  login: [36m[Function: login][39m,
  logout: [36m[Function: logout][39m
}
[useContext] Looking up context: [32mSymbol(Context)[39m
[useContext] Found signal: [ [36m[Function: get][39m, [36m[Function: set][39m ]
[useContext] Signal value: {
  fontSize: [36m[Function: get][39m,
  setFontSize: [36m[Function: set][39m,
  notifications: [36m[Function: get][39m,
  setNotifications: [36m[Function: set][39m,
  language: [36m[Function: get][39m,
  setLanguage: [36m[Function: set][39m
}
[useContext] Looking up context: [32mSymbol(Context)[39m
[useContext] Found signal: [ [36m[Function: get][39m, [36m[Function: set][39m ]
[useContext] Signal value: {
  theme: [36m[Function: get][39m,
  setTheme: [36m[Function: set][39m,
  primaryColor: [36m[Function: get][39m,
  setPrimaryColor: [36m[Function: set][39m
}
[useContext] Looking up context: [32mSymbol(Context)[39m
[useContext] Found signal: [ [36m[Function: get][39m, [36m[Function: set][39m ]
[useContext] Signal value: {
  user: [36m[Function: get][39m,
  isLoggedIn: [36m[Function: get][39m,
  login: [36m[Function: login][39m,
  logout: [36m[Function: logout][39m
}
[useContext] Looking up context: [32mSymbol(Context)[39m
[useContext] Found signal: [ [36m[Function: get][39m, [36m[Function: set][39m ]
[useContext] Signal value: {
  fontSize: [36m[Function: get][39m,
  setFontSize: [36m[Function: set][39m,
  notifications: [36m[Function: get][39m,
  setNotifications: [36m[Function: set][39m,
  language: [36m[Function: get][39m,
  setLanguage: [36m[Function: set][39m
}
[REGISTRY.execute] RESULT: component:ContextTestPage result: HTMLDivElement {} instanceof HTMLElement: [33mtrue[39m

[90mstdout[2m | src/showcase/pages/__tests__/error-boundary-test.test.ts[2m > [22m[2mErrorBoundaryTestPage[2m > [22m[2mBasic Error Boundary[2m > [22m[2mshould catch error when triggered
[22m[39m[REGISTRY.execute] START: component:ErrorBoundaryTestPage parentId: [1mnull[22m
[REGISTRY.execute] RESULT: component:ErrorBoundaryTestPage result: HTMLDivElement {} instanceof HTMLElement: [33mtrue[39m

[90mstdout[2m | src/showcase/pages/__tests__/resource-test.test.ts[2m > [22m[2mResourceTestPage[2m > [22m[2mDependent Resource (Posts)[2m > [22m[2mshould refetch posts when user changes
[22m[39m[REGISTRY.execute] START: component:ResourceTestPage parentId: [1mnull[22m
[REGISTRY.execute] RESULT: component:ResourceTestPage result: HTMLDivElement {} instanceof HTMLElement: [33mtrue[39m

[90mstdout[2m | src/showcase/pages/__tests__/jsx-test.test.ts[2m > [22m[2mJsxTestPage[2m > [22m[2mEvent Handlers[2m > [22m[2mshould reset click count
[22m[39m[REGISTRY.execute] START: component:JsxTestPage parentId: [1mnull[22m
[REGISTRY.execute] RESULT: component:JsxTestPage result: HTMLDivElement {} instanceof HTMLElement: [33mtrue[39m

[90mstdout[2m | src/showcase/pages/__tests__/context-test.test.ts[2m > [22m[2mContextTestPage[2m > [22m[2mTheme Context[2m > [22m[2mshould update primary color
[22m[39m[REGISTRY.execute] START: component:ContextTestPage parentId: [1mnull[22m
[useContext] Looking up context: [32mSymbol(Context)[39m
[useContext] Found signal: [ [36m[Function: get][39m, [36m[Function: set][39m ]
[useContext] Signal value: {
  theme: [36m[Function: get][39m,
  setTheme: [36m[Function: set][39m,
  primaryColor: [36m[Function: get][39m,
  setPrimaryColor: [36m[Function: set][39m
}
[useContext] Looking up context: [32mSymbol(Context)[39m
[useContext] Found signal: [ [36m[Function: get][39m, [36m[Function: set][39m ]
[useContext] Signal value: {
  user: [36m[Function: get][39m,
  isLoggedIn: [36m[Function: get][39m,
  login: [36m[Function: login][39m,
  logout: [36m[Function: logout][39m
}
[useContext] Looking up context: [32mSymbol(Context)[39m
[useContext] Found signal: [ [36m[Function: get][39m, [36m[Function: set][39m ]
[useContext] Signal value: {
  fontSize: [36m[Function: get][39m,
  setFontSize: [36m[Function: set][39m,
  notifications: [36m[Function: get][39m,
  setNotifications: [36m[Function: set][39m,
  language: [36m[Function: get][39m,
  setLanguage: [36m[Function: set][39m
}
[useContext] Looking up context: [32mSymbol(Context)[39m
[useContext] Found signal: [ [36m[Function: get][39m, [36m[Function: set][39m ]
[useContext] Signal value: {
  theme: [36m[Function: get][39m,
  setTheme: [36m[Function: set][39m,
  primaryColor: [36m[Function: get][39m,
  setPrimaryColor: [36m[Function: set][39m
}
[useContext] Looking up context: [32mSymbol(Context)[39m
[useContext] Found signal: [ [36m[Function: get][39m, [36m[Function: set][39m ]
[useContext] Signal value: {
  theme: [36m[Function: get][39m,
  setTheme: [36m[Function: set][39m,
  primaryColor: [36m[Function: get][39m,
  setPrimaryColor: [36m[Function: set][39m
}
[useContext] Looking up context: [32mSymbol(Context)[39m
[useContext] Found signal: [ [36m[Function: get][39m, [36m[Function: set][39m ]
[useContext] Signal value: {
  theme: [36m[Function: get][39m,
  setTheme: [36m[Function: set][39m,
  primaryColor: [36m[Function: get][39m,
  setPrimaryColor: [36m[Function: set][39m
}
[useContext] Looking up context: [32mSymbol(Context)[39m
[useContext] Found signal: [ [36m[Function: get][39m, [36m[Function: set][39m ]
[useContext] Signal value: {
  user: [36m[Function: get][39m,
  isLoggedIn: [36m[Function: get][39m,
  login: [36m[Function: login][39m,
  logout: [36m[Function: logout][39m
}
[useContext] Looking up context: [32mSymbol(Context)[39m
[useContext] Found signal: [ [36m[Function: get][39m, [36m[Function: set][39m ]
[useContext] Signal value: {
  user: [36m[Function: get][39m,
  isLoggedIn: [36m[Function: get][39m,
  login: [36m[Function: login][39m,
  logout: [36m[Function: logout][39m
}
[useContext] Looking up context: [32mSymbol(Context)[39m
[useContext] Found signal: [ [36m[Function: get][39m, [36m[Function: set][39m ]
[useContext] Signal value: {
  fontSize: [36m[Function: get][39m,
  setFontSize: [36m[Function: set][39m,
  notifications: [36m[Function: get][39m,
  setNotifications: [36m[Function: set][39m,
  language: [36m[Function: get][39m,
  setLanguage: [36m[Function: set][39m
}
[useContext] Looking up context: [32mSymbol(Context)[39m
[useContext] Found signal: [ [36m[Function: get][39m, [36m[Function: set][39m ]
[useContext] Signal value: {
  theme: [36m[Function: get][39m,
  setTheme: [36m[Function: set][39m,
  primaryColor: [36m[Function: get][39m,
  setPrimaryColor: [36m[Function: set][39m
}
[useContext] Looking up context: [32mSymbol(Context)[39m
[useContext] Found signal: [ [36m[Function: get][39m, [36m[Function: set][39m ]
[useContext] Signal value: {
  user: [36m[Function: get][39m,
  isLoggedIn: [36m[Function: get][39m,
  login: [36m[Function: login][39m,
  logout: [36m[Function: logout][39m
}
[useContext] Looking up context: [32mSymbol(Context)[39m
[useContext] Found signal: [ [36m[Function: get][39m, [36m[Function: set][39m ]
[useContext] Signal value: {
  fontSize: [36m[Function: get][39m,
  setFontSize: [36m[Function: set][39m,
  notifications: [36m[Function: get][39m,
  setNotifications: [36m[Function: set][39m,
  language: [36m[Function: get][39m,
  setLanguage: [36m[Function: set][39m
}
[REGISTRY.execute] RESULT: component:ContextTestPage result: HTMLDivElement {} instanceof HTMLElement: [33mtrue[39m

[90mstdout[2m | src/showcase/__tests__/integration/context-provider-consumer.test.ts[2m > [22m[2mContext Provider-Consumer Integration[2m > [22m[2mIndependent Context Updates[2m > [22m[2mshould update user context without affecting theme
[22m[39m[REGISTRY.execute] START: component:ContextTestPage parentId: [1mnull[22m
[useContext] Looking up context: [32mSymbol(Context)[39m
[useContext] Found signal: [ [36m[Function: get][39m, [36m[Function: set][39m ]
[useContext] Signal value: {
  theme: [36m[Function: get][39m,
  setTheme: [36m[Function: set][39m,
  primaryColor: [36m[Function: get][39m,
  setPrimaryColor: [36m[Function: set][39m
}
[useContext] Looking up context: [32mSymbol(Context)[39m
[useContext] Found signal: [ [36m[Function: get][39m, [36m[Function: set][39m ]
[useContext] Signal value: {
  user: [36m[Function: get][39m,
  isLoggedIn: [36m[Function: get][39m,
  login: [36m[Function: login][39m,
  logout: [36m[Function: logout][39m
}
[useContext] Looking up context: [32mSymbol(Context)[39m
[useContext] Found signal: [ [36m[Function: get][39m, [36m[Function: set][39m ]
[useContext] Signal value: {
  fontSize: [36m[Function: get][39m,
  setFontSize: [36m[Function: set][39m,
  notifications: [36m[Function: get][39m,
  setNotifications: [36m[Function: set][39m,
  language: [36m[Function: get][39m,
  setLanguage: [36m[Function: set][39m
}
[useContext] Looking up context: [32mSymbol(Context)[39m
[useContext] Found signal: [ [36m[Function: get][39m, [36m[Function: set][39m ]
[useContext] Signal value: {
  theme: [36m[Function: get][39m,
  setTheme: [36m[Function: set][39m,
  primaryColor: [36m[Function: get][39m,
  setPrimaryColor: [36m[Function: set][39m
}
[useContext] Looking up context: [32mSymbol(Context)[39m
[useContext] Found signal: [ [36m[Function: get][39m, [36m[Function: set][39m ]
[useContext] Signal value: {
  theme: [36m[Function: get][39m,
  setTheme: [36m[Function: set][39m,
  primaryColor: [36m[Function: get][39m,
  setPrimaryColor: [36m[Function: set][39m
}
[useContext] Looking up context: [32mSymbol(Context)[39m
[useContext] Found signal: [ [36m[Function: get][39m, [36m[Function: set][39m ]
[useContext] Signal value: {
  theme: [36m[Function: get][39m,
  setTheme: [36m[Function: set][39m,
  primaryColor: [36m[Function: get][39m,
  setPrimaryColor: [36m[Function: set][39m
}
[useContext] Looking up context: [32mSymbol(Context)[39m
[useContext] Found signal: [ [36m[Function: get][39m, [36m[Function: set][39m ]
[useContext] Signal value: {
  user: [36m[Function: get][39m,
  isLoggedIn: [36m[Function: get][39m,
  login: [36m[Function: login][39m,
  logout: [36m[Function: logout][39m
}
[useContext] Looking up context: [32mSymbol(Context)[39m
[useContext] Found signal: [ [36m[Function: get][39m, [36m[Function: set][39m ]
[useContext] Signal value: {
  user: [36m[Function: get][39m,
  isLoggedIn: [36m[Function: get][39m,
  login: [36m[Function: login][39m,
  logout: [36m[Function: logout][39m
}
[useContext] Looking up context: [32mSymbol(Context)[39m
[useContext] Found signal: [ [36m[Function: get][39m, [36m[Function: set][39m ]
[useContext] Signal value: {
  fontSize: [36m[Function: get][39m,
  setFontSize: [36m[Function: set][39m,
  notifications: [36m[Function: get][39m,
  setNotifications: [36m[Function: set][39m,
  language: [36m[Function: get][39m,
  setLanguage: [36m[Function: set][39m
}
[useContext] Looking up context: [32mSymbol(Context)[39m
[useContext] Found signal: [ [36m[Function: get][39m, [36m[Function: set][39m ]
[useContext] Signal value: {
  theme: [36m[Function: get][39m,
  setTheme: [36m[Function: set][39m,
  primaryColor: [36m[Function: get][39m,
  setPrimaryColor: [36m[Function: set][39m
}
[useContext] Looking up context: [32mSymbol(Context)[39m
[useContext] Found signal: [ [36m[Function: get][39m, [36m[Function: set][39m ]
[useContext] Signal value: {
  user: [36m[Function: get][39m,
  isLoggedIn: [36m[Function: get][39m,
  login: [36m[Function: login][39m,
  logout: [36m[Function: logout][39m
}
[useContext] Looking up context: [32mSymbol(Context)[39m
[useContext] Found signal: [ [36m[Function: get][39m, [36m[Function: set][39m ]
[useContext] Signal value: {
  fontSize: [36m[Function: get][39m,
  setFontSize: [36m[Function: set][39m,
  notifications: [36m[Function: get][39m,
  setNotifications: [36m[Function: set][39m,
  language: [36m[Function: get][39m,
  setLanguage: [36m[Function: set][39m
}
[REGISTRY.execute] RESULT: component:ContextTestPage result: HTMLDivElement {} instanceof HTMLElement: [33mtrue[39m

[90mstdout[2m | src/showcase/pages/__tests__/jsx-test.test.ts[2m > [22m[2mJsxTestPage[2m > [22m[2mEvent Handlers[2m > [22m[2mshould capture input value
[22m[39m[REGISTRY.execute] START: component:JsxTestPage parentId: [1mnull[22m
[REGISTRY.execute] RESULT: component:JsxTestPage result: HTMLDivElement {} instanceof HTMLElement: [33mtrue[39m

[90mstdout[2m | src/showcase/pages/__tests__/resource-test.test.ts[2m > [22m[2mResourceTestPage[2m > [22m[2mSearch Resource[2m > [22m[2mshould show hint for short queries
[22m[39m[REGISTRY.execute] START: component:ResourceTestPage parentId: [1mnull[22m
[REGISTRY.execute] RESULT: component:ResourceTestPage result: HTMLDivElement {} instanceof HTMLElement: [33mtrue[39m

 [31m├ù[39m src/showcase/pages/__tests__/control-flow-test.test.ts[2m > [22mControlFlowTestPage[2m > [22mShow Component[2m > [22mshould display content when showContent is true[32m 54[2mms[22m[39m
[31m   ΓåÆ expected '≡ƒÄ» Phase 2: Control Flow Primitives1∩╕ÅΓÇª' to contain 'Content is visible!'[39m
 [32mΓ£ô[39m src/showcase/pages/__tests__/control-flow-test.test.ts[2m > [22mControlFlowTestPage[2m > [22mShow Component[2m > [22mshould hide content and show fallback when toggled[32m 16[2mms[22m[39m
 [32mΓ£ô[39m src/showcase/pages/__tests__/control-flow-test.test.ts[2m > [22mControlFlowTestPage[2m > [22mShow Component[2m > [22mshould show error when error state is active[32m 12[2mms[22m[39m
 [31m├ù[39m src/showcase/pages/__tests__/control-flow-test.test.ts[2m > [22mControlFlowTestPage[2m > [22mFor Component (Keyed Lists)[2m > [22mshould render initial items list[32m 10[2mms[22m[39m
[31m   ΓåÆ expected '≡ƒÄ» Phase 2: Control Flow Primitives1∩╕ÅΓÇª' to contain 'Apple'[39m
[90mstdout[2m | src/showcase/pages/__tests__/context-test.test.ts[2m > [22m[2mContextTestPage[2m > [22m[2mTheme Context[2m > [22m[2mshould apply theme to all themed components
[22m[39m[REGISTRY.execute] START: component:ContextTestPage parentId: [1mnull[22m
[useContext] Looking up context: [32mSymbol(Context)[39m
[useContext] Found signal: [ [36m[Function: get][39m, [36m[Function: set][39m ]
[useContext] Signal value: {
  theme: [36m[Function: get][39m,
  setTheme: [36m[Function: set][39m,
  primaryColor: [36m[Function: get][39m,
  setPrimaryColor: [36m[Function: set][39m
}
[useContext] Looking up context: [32mSymbol(Context)[39m
[useContext] Found signal: [ [36m[Function: get][39m, [36m[Function: set][39m ]
[useContext] Signal value: {
  user: [36m[Function: get][39m,
  isLoggedIn: [36m[Function: get][39m,
  login: [36m[Function: login][39m,
  logout: [36m[Function: logout][39m
}
[useContext] Looking up context: [32mSymbol(Context)[39m
[useContext] Found signal: [ [36m[Function: get][39m, [36m[Function: set][39m ]
[useContext] Signal value: {
  fontSize: [36m[Function: get][39m,
  setFontSize: [36m[Function: set][39m,
  notifications: [36m[Function: get][39m,
  setNotifications: [36m[Function: set][39m,
  language: [36m[Function: get][39m,
  setLanguage: [36m[Function: set][39m
}
[useContext] Looking up context: [32mSymbol(Context)[39m
[useContext] Found signal: [ [36m[Function: get][39m, [36m[Function: set][39m ]
[useContext] Signal value: {
  theme: [36m[Function: get][39m,
  setTheme: [36m[Function: set][39m,
  primaryColor: [36m[Function: get][39m,
  setPrimaryColor: [36m[Function: set][39m
}
[useContext] Looking up context: [32mSymbol(Context)[39m
[useContext] Found signal: [ [36m[Function: get][39m, [36m[Function: set][39m ]
[useContext] Signal value: {
  theme: [36m[Function: get][39m,
  setTheme: [36m[Function: set][39m,
  primaryColor: [36m[Function: get][39m,
  setPrimaryColor: [36m[Function: set][39m
}
[useContext] Looking up context: [32mSymbol(Context)[39m
[useContext] Found signal: [ [36m[Function: get][39m, [36m[Function: set][39m ]
[useContext] Signal value: {
  theme: [36m[Function: get][39m,
  setTheme: [36m[Function: set][39m,
  primaryColor: [36m[Function: get][39m,
  setPrimaryColor: [36m[Function: set][39m
}
[useContext] Looking up context: [32mSymbol(Context)[39m
[useContext] Found signal: [ [36m[Function: get][39m, [36m[Function: set][39m ]
[useContext] Signal value: {
  user: [36m[Function: get][39m,
  isLoggedIn: [36m[Function: get][39m,
  login: [36m[Function: login][39m,
  logout: [36m[Function: logout][39m
}
[useContext] Looking up context: [32mSymbol(Context)[39m
[useContext] Found signal: [ [36m[Function: get][39m, [36m[Function: set][39m ]
[useContext] Signal value: {
  user: [36m[Function: get][39m,
  isLoggedIn: [36m[Function: get][39m,
  login: [36m[Function: login][39m,
  logout: [36m[Function: logout][39m
}
[useContext] Looking up context: [32mSymbol(Context)[39m
[useContext] Found signal: [ [36m[Function: get][39m, [36m[Function: set][39m ]
[useContext] Signal value: {
  fontSize: [36m[Function: get][39m,
  setFontSize: [36m[Function: set][39m,
  notifications: [36m[Function: get][39m,
  setNotifications: [36m[Function: set][39m,
  language: [36m[Function: get][39m,
  setLanguage: [36m[Function: set][39m
}
[useContext] Looking up context: [32mSymbol(Context)[39m
[useContext] Found signal: [ [36m[Function: get][39m, [36m[Function: set][39m ]
[useContext] Signal value: {
  theme: [36m[Function: get][39m,
  setTheme: [36m[Function: set][39m,
  primaryColor: [36m[Function: get][39m,
  setPrimaryColor: [36m[Function: set][39m
}
[useContext] Looking up context: [32mSymbol(Context)[39m
[useContext] Found signal: [ [36m[Function: get][39m, [36m[Function: set][39m ]
[useContext] Signal value: {
  user: [36m[Function: get][39m,
  isLoggedIn: [36m[Function: get][39m,
  login: [36m[Function: login][39m,
  logout: [36m[Function: logout][39m
}
[useContext] Looking up context: [32mSymbol(Context)[39m
[useContext] Found signal: [ [36m[Function: get][39m, [36m[Function: set][39m ]
[useContext] Signal value: {
  fontSize: [36m[Function: get][39m,
  setFontSize: [36m[Function: set][39m,
  notifications: [36m[Function: get][39m,
  setNotifications: [36m[Function: set][39m,
  language: [36m[Function: get][39m,
  setLanguage: [36m[Function: set][39m
}
[REGISTRY.execute] RESULT: component:ContextTestPage result: HTMLDivElement {} instanceof HTMLElement: [33mtrue[39m

[90mstdout[2m | src/showcase/pages/__tests__/jsx-test.test.ts[2m > [22m[2mJsxTestPage[2m > [22m[2mEvent Handlers[2m > [22m[2mshould capture key press
[22m[39m[REGISTRY.execute] START: component:JsxTestPage parentId: [1mnull[22m
[REGISTRY.execute] RESULT: component:JsxTestPage result: HTMLDivElement {} instanceof HTMLElement: [33mtrue[39m

 [31m├ù[39m src/showcase/pages/__tests__/context-test.test.ts[2m > [22mContextTestPage[2m > [22mTheme Context[2m > [22mshould render with default dark theme[32m 53[2mms[22m[39m
[31m   ΓåÆ expected '≡ƒöî Phase 5: Context API & Dependency ΓÇª' to contain 'Theme: dark'[39m
 [32mΓ£ô[39m src/showcase/pages/__tests__/context-test.test.ts[2m > [22mContextTestPage[2m > [22mTheme Context[2m > [22mshould switch to light theme when clicked[32m 17[2mms[22m[39m
 [31m├ù[39m src/showcase/pages/__tests__/context-test.test.ts[2m > [22mContextTestPage[2m > [22mTheme Context[2m > [22mshould update primary color[32m 19[2mms[22m[39m
[31m   ΓåÆ Cannot set properties of null (setting 'value')[39m
 [31m├ù[39m src/showcase/pages/__tests__/jsx-test.test.ts[2m > [22mJsxTestPage[2m > [22mReactive Attributes[2m > [22mshould render initial background color[32m 44[2mms[22m[39m
[31m   ΓåÆ expected '' to be truthy[39m
 [32mΓ£ô[39m src/showcase/pages/__tests__/jsx-test.test.ts[2m > [22mJsxTestPage[2m > [22mReactive Attributes[2m > [22mshould change background color when button clicked[32m 11[2mms[22m[39m
 [32mΓ£ô[39m src/showcase/pages/__tests__/jsx-test.test.ts[2m > [22mJsxTestPage[2m > [22mReactive Attributes[2m > [22mshould toggle disabled state[32m 12[2mms[22m[39m
 [31m├ù[39m src/showcase/pages/__tests__/jsx-test.test.ts[2m > [22mJsxTestPage[2m > [22mEvent Handlers[2m > [22mshould increment click count[32m 11[2mms[22m[39m
[31m   ΓåÆ expected '≡ƒÄ¿ Phase 2: JSX & DOM Tests1∩╕ÅΓâú ReactiΓÇª' to contain 'Click Count: 0'[39m
 [32mΓ£ô[39m src/showcase/pages/__tests__/jsx-test.test.ts[2m > [22mJsxTestPage[2m > [22mEvent Handlers[2m > [22mshould reset click count[32m 7[2mms[22m[39m
 [32mΓ£ô[39m src/showcase/pages/__tests__/jsx-test.test.ts[2m > [22mJsxTestPage[2m > [22mEvent Handlers[2m > [22mshould capture input value[32m 7[2mms[22m[39m
[90mstdout[2m | src/showcase/__tests__/integration/context-provider-consumer.test.ts[2m > [22m[2mContext Provider-Consumer Integration[2m > [22m[2mIndependent Context Updates[2m > [22m[2mshould update settings context without affecting others
[22m[39m[REGISTRY.execute] START: component:ContextTestPage parentId: [1mnull[22m
[useContext] Looking up context: [32mSymbol(Context)[39m
[useContext] Found signal: [ [36m[Function: get][39m, [36m[Function: set][39m ]
[useContext] Signal value: {
  theme: [36m[Function: get][39m,
  setTheme: [36m[Function: set][39m,
  primaryColor: [36m[Function: get][39m,
  setPrimaryColor: [36m[Function: set][39m
}
[useContext] Looking up context: [32mSymbol(Context)[39m
[useContext] Found signal: [ [36m[Function: get][39m, [36m[Function: set][39m ]
[useContext] Signal value: {
  user: [36m[Function: get][39m,
  isLoggedIn: [36m[Function: get][39m,
  login: [36m[Function: login][39m,
  logout: [36m[Function: logout][39m
}
[useContext] Looking up context: [32mSymbol(Context)[39m
[useContext] Found signal: [ [36m[Function: get][39m, [36m[Function: set][39m ]
[useContext] Signal value: {
  fontSize: [36m[Function: get][39m,
  setFontSize: [36m[Function: set][39m,
  notifications: [36m[Function: get][39m,
  setNotifications: [36m[Function: set][39m,
  language: [36m[Function: get][39m,
  setLanguage: [36m[Function: set][39m
}
[useContext] Looking up context: [32mSymbol(Context)[39m
[useContext] Found signal: [ [36m[Function: get][39m, [36m[Function: set][39m ]
[useContext] Signal value: {
  theme: [36m[Function: get][39m,
  setTheme: [36m[Function: set][39m,
  primaryColor: [36m[Function: get][39m,
  setPrimaryColor: [36m[Function: set][39m
}
[useContext] Looking up context: [32mSymbol(Context)[39m
[useContext] Found signal: [ [36m[Function: get][39m, [36m[Function: set][39m ]
[useContext] Signal value: {
  theme: [36m[Function: get][39m,
  setTheme: [36m[Function: set][39m,
  primaryColor: [36m[Function: get][39m,
  setPrimaryColor: [36m[Function: set][39m
}
[useContext] Looking up context: [32mSymbol(Context)[39m
[useContext] Found signal: [ [36m[Function: get][39m, [36m[Function: set][39m ]
[useContext] Signal value: {
  theme: [36m[Function: get][39m,
  setTheme: [36m[Function: set][39m,
  primaryColor: [36m[Function: get][39m,
  setPrimaryColor: [36m[Function: set][39m
}
[useContext] Looking up context: [32mSymbol(Context)[39m
[useContext] Found signal: [ [36m[Function: get][39m, [36m[Function: set][39m ]
[useContext] Signal value: {
  user: [36m[Function: get][39m,
  isLoggedIn: [36m[Function: get][39m,
  login: [36m[Function: login][39m,
  logout: [36m[Function: logout][39m
}
[useContext] Looking up context: [32mSymbol(Context)[39m
[useContext] Found signal: [ [36m[Function: get][39m, [36m[Function: set][39m ]
[useContext] Signal value: {
  user: [36m[Function: get][39m,
  isLoggedIn: [36m[Function: get][39m,
  login: [36m[Function: login][39m,
  logout: [36m[Function: logout][39m
}
[useContext] Looking up context: [32mSymbol(Context)[39m
[useContext] Found signal: [ [36m[Function: get][39m, [36m[Function: set][39m ]
[useContext] Signal value: {
  fontSize: [36m[Function: get][39m,
  setFontSize: [36m[Function: set][39m,
  notifications: [36m[Function: get][39m,
  setNotifications: [36m[Function: set][39m,
  language: [36m[Function: get][39m,
  setLanguage: [36m[Function: set][39m
}
[useContext] Looking up context: [32mSymbol(Context)[39m
[useContext] Found signal: [ [36m[Function: get][39m, [36m[Function: set][39m ]
[useContext] Signal value: {
  theme: [36m[Function: get][39m,
  setTheme: [36m[Function: set][39m,
  primaryColor: [36m[Function: get][39m,
  setPrimaryColor: [36m[Function: set][39m
}
[useContext] Looking up context: [32mSymbol(Context)[39m
[useContext] Found signal: [ [36m[Function: get][39m, [36m[Function: set][39m ]
[useContext] Signal value: {
  user: [36m[Function: get][39m,
  isLoggedIn: [36m[Function: get][39m,
  login: [36m[Function: login][39m,
  logout: [36m[Function: logout][39m
}
[useContext] Looking up context: [32mSymbol(Context)[39m
[useContext] Found signal: [ [36m[Function: get][39m, [36m[Function: set][39m ]
[useContext] Signal value: {
  fontSize: [36m[Function: get][39m,
  setFontSize: [36m[Function: set][39m,
  notifications: [36m[Function: get][39m,
  setNotifications: [36m[Function: set][39m,
  language: [36m[Function: get][39m,
  setLanguage: [36m[Function: set][39m
}
[REGISTRY.execute] RESULT: component:ContextTestPage result: HTMLDivElement {} instanceof HTMLElement: [33mtrue[39m

 [31m├ù[39m src/showcase/__tests__/integration/context-provider-consumer.test.ts[2m > [22mContext Provider-Consumer Integration[2m > [22mMulti-Context Propagation[2m > [22mshould provide all contexts to nested components[32m 63[2mms[22m[39m
[31m   ΓåÆ expected undefined to be truthy[39m
 [32mΓ£ô[39m src/showcase/__tests__/integration/context-provider-consumer.test.ts[2m > [22mContext Provider-Consumer Integration[2m > [22mMulti-Context Propagation[2m > [22mshould update all consumers when provider value changes[32m 15[2mms[22m[39m
 [32mΓ£ô[39m src/showcase/__tests__/integration/context-provider-consumer.test.ts[2m > [22mContext Provider-Consumer Integration[2m > [22mIndependent Context Updates[2m > [22mshould update user context without affecting theme[32m 11[2mms[22m[39m
[90mstdout[2m | src/showcase/pages/__tests__/resource-test.test.ts[2m > [22m[2mResourceTestPage[2m > [22m[2mSearch Resource[2m > [22m[2mshould trigger search for valid queries
[22m[39m[REGISTRY.execute] START: component:ResourceTestPage parentId: [1mnull[22m
[REGISTRY.execute] RESULT: component:ResourceTestPage result: HTMLDivElement {} instanceof HTMLElement: [33mtrue[39m

 [31m├ù[39m src/showcase/pages/__tests__/resource-test.test.ts[2m > [22mResourceTestPage[2m > [22mUser Resource[2m > [22mshould show loading state initially[32m 47[2mms[22m[39m
[31m   ΓåÆ expected '≡ƒîè Phase 3: Resource Management & AsyΓÇª' to contain 'Loading user'[39m
 [32mΓ£ô[39m src/showcase/pages/__tests__/resource-test.test.ts[2m > [22mResourceTestPage[2m > [22mUser Resource[2m > [22mshould display user data after loading[32m 11[2mms[22m[39m
 [32mΓ£ô[39m src/showcase/pages/__tests__/resource-test.test.ts[2m > [22mResourceTestPage[2m > [22mUser Resource[2m > [22mshould refetch when Next User clicked[32m 6[2mms[22m[39m
 [32mΓ£ô[39m src/showcase/pages/__tests__/resource-test.test.ts[2m > [22mResourceTestPage[2m > [22mUser Resource[2m > [22mshould cycle back to user 1 after user 10[32m 7[2mms[22m[39m
 [32mΓ£ô[39m src/showcase/pages/__tests__/resource-test.test.ts[2m > [22mResourceTestPage[2m > [22mDependent Resource (Posts)[2m > [22mshould load posts after user loads[32m 7[2mms[22m[39m
 [32mΓ£ô[39m src/showcase/pages/__tests__/resource-test.test.ts[2m > [22mResourceTestPage[2m > [22mDependent Resource (Posts)[2m > [22mshould refetch posts when user changes[32m 5[2mms[22m[39m
 [31m├ù[39m src/showcase/pages/__tests__/resource-test.test.ts[2m > [22mResourceTestPage[2m > [22mSearch Resource[2m > [22mshould show hint for short queries[32m 14[2mms[22m[39m
[31m   ΓåÆ expected '≡ƒîè Phase 3: Resource Management & AsyΓÇª' to contain 'Type at least 2 characters'[39m
 [32mΓ£ô[39m src/showcase/pages/__tests__/reactivity-test.test.ts[2m > [22mReactivityTestPage[2m > [22mSignal State[2m > [22mshould render initial signal values[32m 45[2mms[22m[39m
 [32mΓ£ô[39m src/showcase/pages/__tests__/reactivity-test.test.ts[2m > [22mReactivityTestPage[2m > [22mSignal State[2m > [22mshould update firstName when button clicked[32m 18[2mms[22m[39m
 [32mΓ£ô[39m src/showcase/pages/__tests__/reactivity-test.test.ts[2m > [22mReactivityTestPage[2m > [22mSignal State[2m > [22mshould update lastName when button clicked[32m 8[2mms[22m[39m
 [32mΓ£ô[39m src/showcase/pages/__tests__/reactivity-test.test.ts[2m > [22mReactivityTestPage[2m > [22mSignal State[2m > [22mshould increment age when button clicked[32m 6[2mms[22m[39m
 [32mΓ£ô[39m src/showcase/pages/__tests__/reactivity-test.test.ts[2m > [22mReactivityTestPage[2m > [22mComputed Values (Memos)[2m > [22mshould display computed full name[32m 10[2mms[22m[39m
 [32mΓ£ô[39m src/showcase/pages/__tests__/reactivity-test.test.ts[2m > [22mReactivityTestPage[2m > [22mComputed Values (Memos)[2m > [22mshould update full name when signals change[32m 7[2mms[22m[39m
 [32mΓ£ô[39m src/showcase/pages/__tests__/reactivity-test.test.ts[2m > [22mReactivityTestPage[2m > [22mComputed Values (Memos)[2m > [22mshould display isAdult computed value[32m 3[2mms[22m[39m
[90mstdout[2m | src/showcase/pages/__tests__/error-boundary-test.test.ts[2m > [22m[2mErrorBoundaryTestPage[2m > [22m[2mBasic Error Boundary[2m > [22m[2mshould display custom error message
[22m[39m[REGISTRY.execute] START: component:ErrorBoundaryTestPage parentId: [1mnull[22m
[REGISTRY.execute] RESULT: component:ErrorBoundaryTestPage result: HTMLDivElement {} instanceof HTMLElement: [33mtrue[39m

[90mstdout[2m | src/showcase/pages/__tests__/jsx-test.test.ts[2m > [22m[2mJsxTestPage[2m > [22m[2mReactive Style Objects[2m > [22m[2mshould render with initial font size
[22m[39m[REGISTRY.execute] START: component:JsxTestPage parentId: [1mnull[22m
[REGISTRY.execute] RESULT: component:JsxTestPage result: HTMLDivElement {} instanceof HTMLElement: [33mtrue[39m

 [31m├ù[39m src/showcase/pages/__tests__/error-boundary-test.test.ts[2m > [22mErrorBoundaryTestPage[2m > [22mBasic Error Boundary[2m > [22mshould render safe component initially[32m 53[2mms[22m[39m
[31m   ΓåÆ expected '≡ƒ¢í∩╕Å Phase 4: Error Boundaries & ErrorΓÇª' to contain 'This component is safe'[39m
 [32mΓ£ô[39m src/showcase/pages/__tests__/error-boundary-test.test.ts[2m > [22mErrorBoundaryTestPage[2m > [22mBasic Error Boundary[2m > [22mshould catch error when triggered[32m 31[2mms[22m[39m
[90mstdout[2m | src/showcase/pages/__tests__/resource-test.test.ts[2m > [22m[2mResourceTestPage[2m > [22m[2mSearch Resource[2m > [22m[2mshould display search results
[22m[39m[REGISTRY.execute] START: component:ResourceTestPage parentId: [1mnull[22m
[REGISTRY.execute] RESULT: component:ResourceTestPage result: HTMLDivElement {} instanceof HTMLElement: [33mtrue[39m

[90mstdout[2m | src/showcase/pages/__tests__/jsx-test.test.ts[2m > [22m[2mJsxTestPage[2m > [22m[2mReactive Style Objects[2m > [22m[2mshould increase font size
[22m[39m[REGISTRY.execute] START: component:JsxTestPage parentId: [1mnull[22m
[REGISTRY.execute] RESULT: component:JsxTestPage result: HTMLDivElement {} instanceof HTMLElement: [33mtrue[39m

 [32mΓ£ô[39m src/showcase/pages/__tests__/reactivity-test.test.ts[2m > [22mReactivityTestPage[2m > [22mBatch Updates[2m > [22mshould update all values simultaneously[32m 4[2mms[22m[39m
 [32mΓ£ô[39m src/showcase/pages/__tests__/reactivity-test.test.ts[2m > [22mReactivityTestPage[2m > [22mBatch Updates[2m > [22mshould reset all values[32m 4[2mms[22m[39m
 [32mΓ£ô[39m src/showcase/pages/__tests__/reactivity-test.test.ts[2m > [22mReactivityTestPage[2m > [22mSide Effects[2m > [22mshould log to console when name changes[32m 3[2mms[22m[39m
[90mstdout[2m | src/showcase/pages/__tests__/context-test.test.ts[2m > [22m[2mContextTestPage[2m > [22m[2mUser Context[2m > [22m[2mshould show not logged in state initially
[22m[39m[REGISTRY.execute] START: component:ContextTestPage parentId: [1mnull[22m
[useContext] Looking up context: [32mSymbol(Context)[39m
[useContext] Found signal: [ [36m[Function: get][39m, [36m[Function: set][39m ]
[useContext] Signal value: {
  theme: [36m[Function: get][39m,
  setTheme: [36m[Function: set][39m,
  primaryColor: [36m[Function: get][39m,
  setPrimaryColor: [36m[Function: set][39m
}
[useContext] Looking up context: [32mSymbol(Context)[39m
[useContext] Found signal: [ [36m[Function: get][39m, [36m[Function: set][39m ]
[useContext] Signal value: {
  user: [36m[Function: get][39m,
  isLoggedIn: [36m[Function: get][39m,
  login: [36m[Function: login][39m,
  logout: [36m[Function: logout][39m
}
[useContext] Looking up context: [32mSymbol(Context)[39m
[useContext] Found signal: [ [36m[Function: get][39m, [36m[Function: set][39m ]
[useContext] Signal value: {
  fontSize: [36m[Function: get][39m,
  setFontSize: [36m[Function: set][39m,
  notifications: [36m[Function: get][39m,
  setNotifications: [36m[Function: set][39m,
  language: [36m[Function: get][39m,
  setLanguage: [36m[Function: set][39m
}
[useContext] Looking up context: [32mSymbol(Context)[39m
[useContext] Found signal: [ [36m[Function: get][39m, [36m[Function: set][39m ]
[useContext] Signal value: {
  theme: [36m[Function: get][39m,
  setTheme: [36m[Function: set][39m,
  primaryColor: [36m[Function: get][39m,
  setPrimaryColor: [36m[Function: set][39m
}
[useContext] Looking up context: [32mSymbol(Context)[39m
[useContext] Found signal: [ [36m[Function: get][39m, [36m[Function: set][39m ]
[useContext] Signal value: {
  theme: [36m[Function: get][39m,
  setTheme: [36m[Function: set][39m,
  primaryColor: [36m[Function: get][39m,
  setPrimaryColor: [36m[Function: set][39m
}
[useContext] Looking up context: [32mSymbol(Context)[39m
[useContext] Found signal: [ [36m[Function: get][39m, [36m[Function: set][39m ]
[useContext] Signal value: {
  theme: [36m[Function: get][39m,
  setTheme: [36m[Function: set][39m,
  primaryColor: [36m[Function: get][39m,
  setPrimaryColor: [36m[Function: set][39m
}
[useContext] Looking up context: [32mSymbol(Context)[39m
[useContext] Found signal: [ [36m[Function: get][39m, [36m[Function: set][39m ]
[useContext] Signal value: {
  user: [36m[Function: get][39m,
  isLoggedIn: [36m[Function: get][39m,
  login: [36m[Function: login][39m,
  logout: [36m[Function: logout][39m
}
[useContext] Looking up context: [32mSymbol(Context)[39m
[useContext] Found signal: [ [36m[Function: get][39m, [36m[Function: set][39m ]
[useContext] Signal value: {
  user: [36m[Function: get][39m,
  isLoggedIn: [36m[Function: get][39m,
  login: [36m[Function: login][39m,
  logout: [36m[Function: logout][39m
}
[useContext] Looking up context: [32mSymbol(Context)[39m
[useContext] Found signal: [ [36m[Function: get][39m, [36m[Function: set][39m ]
[useContext] Signal value: {
  fontSize: [36m[Function: get][39m,
  setFontSize: [36m[Function: set][39m,
  notifications: [36m[Function: get][39m,
  setNotifications: [36m[Function: set][39m,
  language: [36m[Function: get][39m,
  setLanguage: [36m[Function: set][39m
}
[useContext] Looking up context: [32mSymbol(Context)[39m
[useContext] Found signal: [ [36m[Function: get][39m, [36m[Function: set][39m ]
[useContext] Signal value: {
  theme: [36m[Function: get][39m,
  setTheme: [36m[Function: set][39m,
  primaryColor: [36m[Function: get][39m,
  setPrimaryColor: [36m[Function: set][39m
}
[useContext] Looking up context: [32mSymbol(Context)[39m
[useContext] Found signal: [ [36m[Function: get][39m, [36m[Function: set][39m ]
[useContext] Signal value: {
  user: [36m[Function: get][39m,
  isLoggedIn: [36m[Function: get][39m,
  login: [36m[Function: login][39m,
  logout: [36m[Function: logout][39m
}
[useContext] Looking up context: [32mSymbol(Context)[39m
[useContext] Found signal: [ [36m[Function: get][39m, [36m[Function: set][39m ]
[useContext] Signal value: {
  fontSize: [36m[Function: get][39m,
  setFontSize: [36m[Function: set][39m,
  notifications: [36m[Function: get][39m,
  setNotifications: [36m[Function: set][39m,
  language: [36m[Function: get][39m,
  setLanguage: [36m[Function: set][39m
}
[REGISTRY.execute] RESULT: component:ContextTestPage result: HTMLDivElement {} instanceof HTMLElement: [33mtrue[39m

[90mstdout[2m | src/showcase/__tests__/integration/context-provider-consumer.test.ts[2m > [22m[2mContext Provider-Consumer Integration[2m > [22m[2mCross-Context Dependencies[2m > [22m[2mshould access multiple contexts in single component
[22m[39m[REGISTRY.execute] START: component:ContextTestPage parentId: [1mnull[22m
[useContext] Looking up context: [32mSymbol(Context)[39m
[useContext] Found signal: [ [36m[Function: get][39m, [36m[Function: set][39m ]
[useContext] Signal value: {
  theme: [36m[Function: get][39m,
  setTheme: [36m[Function: set][39m,
  primaryColor: [36m[Function: get][39m,
  setPrimaryColor: [36m[Function: set][39m
}
[useContext] Looking up context: [32mSymbol(Context)[39m
[useContext] Found signal: [ [36m[Function: get][39m, [36m[Function: set][39m ]
[useContext] Signal value: {
  user: [36m[Function: get][39m,
  isLoggedIn: [36m[Function: get][39m,
  login: [36m[Function: login][39m,
  logout: [36m[Function: logout][39m
}
[useContext] Looking up context: [32mSymbol(Context)[39m
[useContext] Found signal: [ [36m[Function: get][39m, [36m[Function: set][39m ]
[useContext] Signal value: {
  fontSize: [36m[Function: get][39m,
  setFontSize: [36m[Function: set][39m,
  notifications: [36m[Function: get][39m,
  setNotifications: [36m[Function: set][39m,
  language: [36m[Function: get][39m,
  setLanguage: [36m[Function: set][39m
}
[useContext] Looking up context: [32mSymbol(Context)[39m
[useContext] Found signal: [ [36m[Function: get][39m, [36m[Function: set][39m ]
[useContext] Signal value: {
  theme: [36m[Function: get][39m,
  setTheme: [36m[Function: set][39m,
  primaryColor: [36m[Function: get][39m,
  setPrimaryColor: [36m[Function: set][39m
}
[useContext] Looking up context: [32mSymbol(Context)[39m
[useContext] Found signal: [ [36m[Function: get][39m, [36m[Function: set][39m ]
[useContext] Signal value: {
  theme: [36m[Function: get][39m,
  setTheme: [36m[Function: set][39m,
  primaryColor: [36m[Function: get][39m,
  setPrimaryColor: [36m[Function: set][39m
}
[useContext] Looking up context: [32mSymbol(Context)[39m
[useContext] Found signal: [ [36m[Function: get][39m, [36m[Function: set][39m ]
[useContext] Signal value: {
  theme: [36m[Function: get][39m,
  setTheme: [36m[Function: set][39m,
  primaryColor: [36m[Function: get][39m,
  setPrimaryColor: [36m[Function: set][39m
}
[useContext] Looking up context: [32mSymbol(Context)[39m
[useContext] Found signal: [ [36m[Function: get][39m, [36m[Function: set][39m ]
[useContext] Signal value: {
  user: [36m[Function: get][39m,
  isLoggedIn: [36m[Function: get][39m,
  login: [36m[Function: login][39m,
  logout: [36m[Function: logout][39m
}
[useContext] Looking up context: [32mSymbol(Context)[39m
[useContext] Found signal: [ [36m[Function: get][39m, [36m[Function: set][39m ]
[useContext] Signal value: {
  user: [36m[Function: get][39m,
  isLoggedIn: [36m[Function: get][39m,
  login: [36m[Function: login][39m,
  logout: [36m[Function: logout][39m
}
[useContext] Looking up context: [32mSymbol(Context)[39m
[useContext] Found signal: [ [36m[Function: get][39m, [36m[Function: set][39m ]
[useContext] Signal value: {
  fontSize: [36m[Function: get][39m,
  setFontSize: [36m[Function: set][39m,
  notifications: [36m[Function: get][39m,
  setNotifications: [36m[Function: set][39m,
  language: [36m[Function: get][39m,
  setLanguage: [36m[Function: set][39m
}
[useContext] Looking up context: [32mSymbol(Context)[39m
[useContext] Found signal: [ [36m[Function: get][39m, [36m[Function: set][39m ]
[useContext] Signal value: {
  theme: [36m[Function: get][39m,
  setTheme: [36m[Function: set][39m,
  primaryColor: [36m[Function: get][39m,
  setPrimaryColor: [36m[Function: set][39m
}
[useContext] Looking up context: [32mSymbol(Context)[39m
[useContext] Found signal: [ [36m[Function: get][39m, [36m[Function: set][39m ]
[useContext] Signal value: {
  user: [36m[Function: get][39m,
  isLoggedIn: [36m[Function: get][39m,
  login: [36m[Function: login][39m,
  logout: [36m[Function: logout][39m
}
[useContext] Looking up context: [32mSymbol(Context)[39m
[useContext] Found signal: [ [36m[Function: get][39m, [36m[Function: set][39m ]
[useContext] Signal value: {
  fontSize: [36m[Function: get][39m,
  setFontSize: [36m[Function: set][39m,
  notifications: [36m[Function: get][39m,
  setNotifications: [36m[Function: set][39m,
  language: [36m[Function: get][39m,
  setLanguage: [36m[Function: set][39m
}
[REGISTRY.execute] RESULT: component:ContextTestPage result: HTMLDivElement {} instanceof HTMLElement: [33mtrue[39m

[90mstdout[2m | src/showcase/pages/__tests__/resource-test.test.ts[2m > [22m[2mResourceTestPage[2m > [22m[2mSearch Resource[2m > [22m[2mshould show error for "error" query
[22m[39m[REGISTRY.execute] START: component:ResourceTestPage parentId: [1mnull[22m
[REGISTRY.execute] RESULT: component:ResourceTestPage result: HTMLDivElement {} instanceof HTMLElement: [33mtrue[39m

 [31m├ù[39m src/showcase/__tests__/integration/context-provider-consumer.test.ts[2m > [22mContext Provider-Consumer Integration[2m > [22mIndependent Context Updates[2m > [22mshould update settings context without affecting others[32m 12[2mms[22m[39m
[31m   ΓåÆ Cannot set properties of null (setting 'value')[39m
 [31m├ù[39m src/showcase/__tests__/integration/context-provider-consumer.test.ts[2m > [22mContext Provider-Consumer Integration[2m > [22mCross-Context Dependencies[2m > [22mshould access multiple contexts in single component[32m 10[2mms[22m[39m
[31m   ΓåÆ expected '' to contain 'Theme:'[39m
[90mstdout[2m | src/showcase/pages/__tests__/jsx-test.test.ts[2m > [22m[2mJsxTestPage[2m > [22m[2mReactive Style Objects[2m > [22m[2mshould decrease font size
[22m[39m[REGISTRY.execute] START: component:JsxTestPage parentId: [1mnull[22m
[REGISTRY.execute] RESULT: component:JsxTestPage result: HTMLDivElement {} instanceof HTMLElement: [33mtrue[39m

[90mstdout[2m | src/showcase/pages/__tests__/context-test.test.ts[2m > [22m[2mContextTestPage[2m > [22m[2mUser Context[2m > [22m[2mshould login as admin
[22m[39m[REGISTRY.execute] START: component:ContextTestPage parentId: [1mnull[22m
[useContext] Looking up context: [32mSymbol(Context)[39m
[useContext] Found signal: [ [36m[Function: get][39m, [36m[Function: set][39m ]
[useContext] Signal value: {
  theme: [36m[Function: get][39m,
  setTheme: [36m[Function: set][39m,
  primaryColor: [36m[Function: get][39m,
  setPrimaryColor: [36m[Function: set][39m
}
[useContext] Looking up context: [32mSymbol(Context)[39m
[useContext] Found signal: [ [36m[Function: get][39m, [36m[Function: set][39m ]
[useContext] Signal value: {
  user: [36m[Function: get][39m,
  isLoggedIn: [36m[Function: get][39m,
  login: [36m[Function: login][39m,
  logout: [36m[Function: logout][39m
}
[useContext] Looking up context: [32mSymbol(Context)[39m
[useContext] Found signal: [ [36m[Function: get][39m, [36m[Function: set][39m ]
[useContext] Signal value: {
  fontSize: [36m[Function: get][39m,
  setFontSize: [36m[Function: set][39m,
  notifications: [36m[Function: get][39m,
  setNotifications: [36m[Function: set][39m,
  language: [36m[Function: get][39m,
  setLanguage: [36m[Function: set][39m
}
[useContext] Looking up context: [32mSymbol(Context)[39m
[useContext] Found signal: [ [36m[Function: get][39m, [36m[Function: set][39m ]
[useContext] Signal value: {
  theme: [36m[Function: get][39m,
  setTheme: [36m[Function: set][39m,
  primaryColor: [36m[Function: get][39m,
  setPrimaryColor: [36m[Function: set][39m
}
[useContext] Looking up context: [32mSymbol(Context)[39m
[useContext] Found signal: [ [36m[Function: get][39m, [36m[Function: set][39m ]
[useContext] Signal value: {
  theme: [36m[Function: get][39m,
  setTheme: [36m[Function: set][39m,
  primaryColor: [36m[Function: get][39m,
  setPrimaryColor: [36m[Function: set][39m
}
[useContext] Looking up context: [32mSymbol(Context)[39m
[useContext] Found signal: [ [36m[Function: get][39m, [36m[Function: set][39m ]
[useContext] Signal value: {
  theme: [36m[Function: get][39m,
  setTheme: [36m[Function: set][39m,
  primaryColor: [36m[Function: get][39m,
  setPrimaryColor: [36m[Function: set][39m
}
[useContext] Looking up context: [32mSymbol(Context)[39m
[useContext] Found signal: [ [36m[Function: get][39m, [36m[Function: set][39m ]
[useContext] Signal value: {
  user: [36m[Function: get][39m,
  isLoggedIn: [36m[Function: get][39m,
  login: [36m[Function: login][39m,
  logout: [36m[Function: logout][39m
}
[useContext] Looking up context: [32mSymbol(Context)[39m
[useContext] Found signal: [ [36m[Function: get][39m, [36m[Function: set][39m ]
[useContext] Signal value: {
  user: [36m[Function: get][39m,
  isLoggedIn: [36m[Function: get][39m,
  login: [36m[Function: login][39m,
  logout: [36m[Function: logout][39m
}
[useContext] Looking up context: [32mSymbol(Context)[39m
[useContext] Found signal: [ [36m[Function: get][39m, [36m[Function: set][39m ]
[useContext] Signal value: {
  fontSize: [36m[Function: get][39m,
  setFontSize: [36m[Function: set][39m,
  notifications: [36m[Function: get][39m,
  setNotifications: [36m[Function: set][39m,
  language: [36m[Function: get][39m,
  setLanguage: [36m[Function: set][39m
}
[useContext] Looking up context: [32mSymbol(Context)[39m
[useContext] Found signal: [ [36m[Function: get][39m, [36m[Function: set][39m ]
[useContext] Signal value: {
  theme: [36m[Function: get][39m,
  setTheme: [36m[Function: set][39m,
  primaryColor: [36m[Function: get][39m,
  setPrimaryColor: [36m[Function: set][39m
}
[useContext] Looking up context: [32mSymbol(Context)[39m
[useContext] Found signal: [ [36m[Function: get][39m, [36m[Function: set][39m ]
[useContext] Signal value: {
  user: [36m[Function: get][39m,
  isLoggedIn: [36m[Function: get][39m,
  login: [36m[Function: login][39m,
  logout: [36m[Function: logout][39m
}
[useContext] Looking up context: [32mSymbol(Context)[39m
[useContext] Found signal: [ [36m[Function: get][39m, [36m[Function: set][39m ]
[useContext] Signal value: {
  fontSize: [36m[Function: get][39m,
  setFontSize: [36m[Function: set][39m,
  notifications: [36m[Function: get][39m,
  setNotifications: [36m[Function: set][39m,
  language: [36m[Function: get][39m,
  setLanguage: [36m[Function: set][39m
}
[REGISTRY.execute] RESULT: component:ContextTestPage result: HTMLDivElement {} instanceof HTMLElement: [33mtrue[39m

[90mstdout[2m | src/showcase/pages/__tests__/resource-test.test.ts[2m > [22m[2mResourceTestPage[2m > [22m[2mSearch Resource[2m > [22m[2mshould display in stock status
[22m[39m[REGISTRY.execute] START: component:ResourceTestPage parentId: [1mnull[22m
[REGISTRY.execute] RESULT: component:ResourceTestPage result: HTMLDivElement {} instanceof HTMLElement: [33mtrue[39m

 [32mΓ£ô[39m src/showcase/pages/__tests__/jsx-test.test.ts[2m > [22mJsxTestPage[2m > [22mEvent Handlers[2m > [22mshould capture key press[32m 9[2mms[22m[39m
 [31m├ù[39m src/showcase/pages/__tests__/jsx-test.test.ts[2m > [22mJsxTestPage[2m > [22mReactive Style Objects[2m > [22mshould render with initial font size[32m 6[2mms[22m[39m
[31m   ΓåÆ expected '≡ƒÄ¿ Phase 2: JSX & DOM Tests1∩╕ÅΓâú ReactiΓÇª' to contain 'Font size: 16px'[39m
 [32mΓ£ô[39m src/showcase/pages/__tests__/jsx-test.test.ts[2m > [22mJsxTestPage[2m > [22mReactive Style Objects[2m > [22mshould increase font size[32m 4[2mms[22m[39m
 [32mΓ£ô[39m src/showcase/pages/__tests__/jsx-test.test.ts[2m > [22mJsxTestPage[2m > [22mReactive Style Objects[2m > [22mshould decrease font size[32m 4[2mms[22m[39m
[90mstdout[2m | src/showcase/pages/__tests__/resource-test.test.ts[2m > [22m[2mResourceTestPage[2m > [22m[2mRefresh Functionality[2m > [22m[2mshould increment refresh count
[22m[39m[REGISTRY.execute] START: component:ResourceTestPage parentId: [1mnull[22m
[REGISTRY.execute] RESULT: component:ResourceTestPage result: HTMLDivElement {} instanceof HTMLElement: [33mtrue[39m

 [32mΓ£ô[39m src/showcase/pages/__tests__/resource-test.test.ts[2m > [22mResourceTestPage[2m > [22mSearch Resource[2m > [22mshould trigger search for valid queries[32m 6[2mms[22m[39m
 [32mΓ£ô[39m src/showcase/pages/__tests__/resource-test.test.ts[2m > [22mResourceTestPage[2m > [22mSearch Resource[2m > [22mshould display search results[32m 6[2mms[22m[39m
 [32mΓ£ô[39m src/showcase/pages/__tests__/resource-test.test.ts[2m > [22mResourceTestPage[2m > [22mSearch Resource[2m > [22mshould show error for "error" query[32m 9[2mms[22m[39m
 [32mΓ£ô[39m src/showcase/pages/__tests__/resource-test.test.ts[2m > [22mResourceTestPage[2m > [22mSearch Resource[2m > [22mshould display in stock status[32m 4[2mms[22m[39m
 [31m├ù[39m src/showcase/pages/__tests__/resource-test.test.ts[2m > [22mResourceTestPage[2m > [22mRefresh Functionality[2m > [22mshould increment refresh count[32m 5[2mms[22m[39m
[31m   ΓåÆ expected '≡ƒîè Phase 3: Resource Management & AsyΓÇª' to contain 'Count: 0'[39m
[90mstdout[2m | src/showcase/pages/__tests__/error-boundary-test.test.ts[2m > [22m[2mErrorBoundaryTestPage[2m > [22m[2mBasic Error Boundary[2m > [22m[2mshould reset boundary when reset clicked
[22m[39m[REGISTRY.execute] START: component:ErrorBoundaryTestPage parentId: [1mnull[22m
[REGISTRY.execute] RESULT: component:ErrorBoundaryTestPage result: HTMLDivElement {} instanceof HTMLElement: [33mtrue[39m

[90mstdout[2m | src/showcase/pages/__tests__/context-test.test.ts[2m > [22m[2mContextTestPage[2m > [22m[2mUser Context[2m > [22m[2mshould login as user
[22m[39m[REGISTRY.execute] START: component:ContextTestPage parentId: [1mnull[22m
[useContext] Looking up context: [32mSymbol(Context)[39m
[useContext] Found signal: [ [36m[Function: get][39m, [36m[Function: set][39m ]
[useContext] Signal value: {
  theme: [36m[Function: get][39m,
  setTheme: [36m[Function: set][39m,
  primaryColor: [36m[Function: get][39m,
  setPrimaryColor: [36m[Function: set][39m
}
[useContext] Looking up context: [32mSymbol(Context)[39m
[useContext] Found signal: [ [36m[Function: get][39m, [36m[Function: set][39m ]
[useContext] Signal value: {
  user: [36m[Function: get][39m,
  isLoggedIn: [36m[Function: get][39m,
  login: [36m[Function: login][39m,
  logout: [36m[Function: logout][39m
}
[useContext] Looking up context: [32mSymbol(Context)[39m
[useContext] Found signal: [ [36m[Function: get][39m, [36m[Function: set][39m ]
[useContext] Signal value: {
  fontSize: [36m[Function: get][39m,
  setFontSize: [36m[Function: set][39m,
  notifications: [36m[Function: get][39m,
  setNotifications: [36m[Function: set][39m,
  language: [36m[Function: get][39m,
  setLanguage: [36m[Function: set][39m
}
[useContext] Looking up context: [32mSymbol(Context)[39m
[useContext] Found signal: [ [36m[Function: get][39m, [36m[Function: set][39m ]
[useContext] Signal value: {
  theme: [36m[Function: get][39m,
  setTheme: [36m[Function: set][39m,
  primaryColor: [36m[Function: get][39m,
  setPrimaryColor: [36m[Function: set][39m
}
[useContext] Looking up context: [32mSymbol(Context)[39m
[useContext] Found signal: [ [36m[Function: get][39m, [36m[Function: set][39m ]
[useContext] Signal value: {
  theme: [36m[Function: get][39m,
  setTheme: [36m[Function: set][39m,
  primaryColor: [36m[Function: get][39m,
  setPrimaryColor: [36m[Function: set][39m
}
[useContext] Looking up context: [32mSymbol(Context)[39m
[useContext] Found signal: [ [36m[Function: get][39m, [36m[Function: set][39m ]
[useContext] Signal value: {
  theme: [36m[Function: get][39m,
  setTheme: [36m[Function: set][39m,
  primaryColor: [36m[Function: get][39m,
  setPrimaryColor: [36m[Function: set][39m
}
[useContext] Looking up context: [32mSymbol(Context)[39m
[useContext] Found signal: [ [36m[Function: get][39m, [36m[Function: set][39m ]
[useContext] Signal value: {
  user: [36m[Function: get][39m,
  isLoggedIn: [36m[Function: get][39m,
  login: [36m[Function: login][39m,
  logout: [36m[Function: logout][39m
}
[useContext] Looking up context: [32mSymbol(Context)[39m
[useContext] Found signal: [ [36m[Function: get][39m, [36m[Function: set][39m ]
[useContext] Signal value: {
  user: [36m[Function: get][39m,
  isLoggedIn: [36m[Function: get][39m,
  login: [36m[Function: login][39m,
  logout: [36m[Function: logout][39m
}
[useContext] Looking up context: [32mSymbol(Context)[39m
[useContext] Found signal: [ [36m[Function: get][39m, [36m[Function: set][39m ]
[useContext] Signal value: {
  fontSize: [36m[Function: get][39m,
  setFontSize: [36m[Function: set][39m,
  notifications: [36m[Function: get][39m,
  setNotifications: [36m[Function: set][39m,
  language: [36m[Function: get][39m,
  setLanguage: [36m[Function: set][39m
}
[useContext] Looking up context: [32mSymbol(Context)[39m
[useContext] Found signal: [ [36m[Function: get][39m, [36m[Function: set][39m ]
[useContext] Signal value: {
  theme: [36m[Function: get][39m,
  setTheme: [36m[Function: set][39m,
  primaryColor: [36m[Function: get][39m,
  setPrimaryColor: [36m[Function: set][39m
}
[useContext] Looking up context: [32mSymbol(Context)[39m
[useContext] Found signal: [ [36m[Function: get][39m, [36m[Function: set][39m ]
[useContext] Signal value: {
  user: [36m[Function: get][39m,
  isLoggedIn: [36m[Function: get][39m,
  login: [36m[Function: login][39m,
  logout: [36m[Function: logout][39m
}
[useContext] Looking up context: [32mSymbol(Context)[39m
[useContext] Found signal: [ [36m[Function: get][39m, [36m[Function: set][39m ]
[useContext] Signal value: {
  fontSize: [36m[Function: get][39m,
  setFontSize: [36m[Function: set][39m,
  notifications: [36m[Function: get][39m,
  setNotifications: [36m[Function: set][39m,
  language: [36m[Function: get][39m,
  setLanguage: [36m[Function: set][39m
}
[REGISTRY.execute] RESULT: component:ContextTestPage result: HTMLDivElement {} instanceof HTMLElement: [33mtrue[39m

[90mstdout[2m | src/showcase/pages/__tests__/error-boundary-test.test.ts[2m > [22m[2mErrorBoundaryTestPage[2m > [22m[2mMultiple Independent Boundaries[2m > [22m[2mshould isolate errors to single section
[22m[39m[REGISTRY.execute] START: component:ErrorBoundaryTestPage parentId: [1mnull[22m
[REGISTRY.execute] RESULT: component:ErrorBoundaryTestPage result: HTMLDivElement {} instanceof HTMLElement: [33mtrue[39m

[90mstdout[2m | src/showcase/pages/__tests__/context-test.test.ts[2m > [22m[2mContextTestPage[2m > [22m[2mUser Context[2m > [22m[2mshould logout
[22m[39m[REGISTRY.execute] START: component:ContextTestPage parentId: [1mnull[22m
[useContext] Looking up context: [32mSymbol(Context)[39m
[useContext] Found signal: [ [36m[Function: get][39m, [36m[Function: set][39m ]
[useContext] Signal value: {
  theme: [36m[Function: get][39m,
  setTheme: [36m[Function: set][39m,
  primaryColor: [36m[Function: get][39m,
  setPrimaryColor: [36m[Function: set][39m
}
[useContext] Looking up context: [32mSymbol(Context)[39m
[useContext] Found signal: [ [36m[Function: get][39m, [36m[Function: set][39m ]
[useContext] Signal value: {
  user: [36m[Function: get][39m,
  isLoggedIn: [36m[Function: get][39m,
  login: [36m[Function: login][39m,
  logout: [36m[Function: logout][39m
}
[useContext] Looking up context: [32mSymbol(Context)[39m
[useContext] Found signal: [ [36m[Function: get][39m, [36m[Function: set][39m ]
[useContext] Signal value: {
  fontSize: [36m[Function: get][39m,
  setFontSize: [36m[Function: set][39m,
  notifications: [36m[Function: get][39m,
  setNotifications: [36m[Function: set][39m,
  language: [36m[Function: get][39m,
  setLanguage: [36m[Function: set][39m
}
[useContext] Looking up context: [32mSymbol(Context)[39m
[useContext] Found signal: [ [36m[Function: get][39m, [36m[Function: set][39m ]
[useContext] Signal value: {
  theme: [36m[Function: get][39m,
  setTheme: [36m[Function: set][39m,
  primaryColor: [36m[Function: get][39m,
  setPrimaryColor: [36m[Function: set][39m
}
[useContext] Looking up context: [32mSymbol(Context)[39m
[useContext] Found signal: [ [36m[Function: get][39m, [36m[Function: set][39m ]
[useContext] Signal value: {
  theme: [36m[Function: get][39m,
  setTheme: [36m[Function: set][39m,
  primaryColor: [36m[Function: get][39m,
  setPrimaryColor: [36m[Function: set][39m
}
[useContext] Looking up context: [32mSymbol(Context)[39m
[useContext] Found signal: [ [36m[Function: get][39m, [36m[Function: set][39m ]
[useContext] Signal value: {
  theme: [36m[Function: get][39m,
  setTheme: [36m[Function: set][39m,
  primaryColor: [36m[Function: get][39m,
  setPrimaryColor: [36m[Function: set][39m
}
[useContext] Looking up context: [32mSymbol(Context)[39m
[useContext] Found signal: [ [36m[Function: get][39m, [36m[Function: set][39m ]
[useContext] Signal value: {
  user: [36m[Function: get][39m,
  isLoggedIn: [36m[Function: get][39m,
  login: [36m[Function: login][39m,
  logout: [36m[Function: logout][39m
}
[useContext] Looking up context: [32mSymbol(Context)[39m
[useContext] Found signal: [ [36m[Function: get][39m, [36m[Function: set][39m ]
[useContext] Signal value: {
  user: [36m[Function: get][39m,
  isLoggedIn: [36m[Function: get][39m,
  login: [36m[Function: login][39m,
  logout: [36m[Function: logout][39m
}
[useContext] Looking up context: [32mSymbol(Context)[39m
[useContext] Found signal: [ [36m[Function: get][39m, [36m[Function: set][39m ]
[useContext] Signal value: {
  fontSize: [36m[Function: get][39m,
  setFontSize: [36m[Function: set][39m,
  notifications: [36m[Function: get][39m,
  setNotifications: [36m[Function: set][39m,
  language: [36m[Function: get][39m,
  setLanguage: [36m[Function: set][39m
}
[useContext] Looking up context: [32mSymbol(Context)[39m
[useContext] Found signal: [ [36m[Function: get][39m, [36m[Function: set][39m ]
[useContext] Signal value: {
  theme: [36m[Function: get][39m,
  setTheme: [36m[Function: set][39m,
  primaryColor: [36m[Function: get][39m,
  setPrimaryColor: [36m[Function: set][39m
}
[useContext] Looking up context: [32mSymbol(Context)[39m
[useContext] Found signal: [ [36m[Function: get][39m, [36m[Function: set][39m ]
[useContext] Signal value: {
  user: [36m[Function: get][39m,
  isLoggedIn: [36m[Function: get][39m,
  login: [36m[Function: login][39m,
  logout: [36m[Function: logout][39m
}
[useContext] Looking up context: [32mSymbol(Context)[39m
[useContext] Found signal: [ [36m[Function: get][39m, [36m[Function: set][39m ]
[useContext] Signal value: {
  fontSize: [36m[Function: get][39m,
  setFontSize: [36m[Function: set][39m,
  notifications: [36m[Function: get][39m,
  setNotifications: [36m[Function: set][39m,
  language: [36m[Function: get][39m,
  setLanguage: [36m[Function: set][39m
}
[REGISTRY.execute] RESULT: component:ContextTestPage result: HTMLDivElement {} instanceof HTMLElement: [33mtrue[39m

 [31m├ù[39m src/showcase/pages/__tests__/control-flow-test.test.ts[2m > [22mControlFlowTestPage[2m > [22mFor Component (Keyed Lists)[2m > [22mshould display item prices[32m 7[2mms[22m[39m
[31m   ΓåÆ expected '≡ƒÄ» Phase 2: Control Flow Primitives1∩╕ÅΓÇª' to contain '$1.99'[39m
 [32mΓ£ô[39m src/showcase/pages/__tests__/control-flow-test.test.ts[2m > [22mControlFlowTestPage[2m > [22mFor Component (Keyed Lists)[2m > [22mshould add new item when Add Item clicked[32m 7[2mms[22m[39m
 [32mΓ£ô[39m src/showcase/pages/__tests__/control-flow-test.test.ts[2m > [22mControlFlowTestPage[2m > [22mFor Component (Keyed Lists)[2m > [22mshould remove item when Remove clicked[32m 5[2mms[22m[39m
 [32mΓ£ô[39m src/showcase/pages/__tests__/control-flow-test.test.ts[2m > [22mControlFlowTestPage[2m > [22mFor Component (Keyed Lists)[2m > [22mshould sort items by price[32m 8[2mms[22m[39m
 [32mΓ£ô[39m src/showcase/pages/__tests__/control-flow-test.test.ts[2m > [22mControlFlowTestPage[2m > [22mFor Component (Keyed Lists)[2m > [22mshould calculate total cost[32m 10[2mms[22m[39m
 [32mΓ£ô[39m src/showcase/pages/__tests__/control-flow-test.test.ts[2m > [22mControlFlowTestPage[2m > [22mIndex Component[2m > [22mshould render initial colors with indices[32m 4[2mms[22m[39m
 [31m├ù[39m src/showcase/pages/__tests__/control-flow-test.test.ts[2m > [22mControlFlowTestPage[2m > [22mIndex Component[2m > [22mshould display index numbers[32m 4[2mms[22m[39m
[31m   ΓåÆ expected '≡ƒÄ» Phase 2: Control Flow Primitives1∩╕ÅΓÇª' to contain 'Index: 0'[39m
 [32mΓ£ô[39m src/showcase/pages/__tests__/control-flow-test.test.ts[2m > [22mControlFlowTestPage[2m > [22mIndex Component[2m > [22mshould shuffle colors when button clicked[32m 3[2mms[22m[39m
[90mstdout[2m | src/showcase/pages/__tests__/context-test.test.ts[2m > [22m[2mContextTestPage[2m > [22m[2mSettings Context[2m > [22m[2mshould render default font size
[22m[39m[REGISTRY.execute] START: component:ContextTestPage parentId: [1mnull[22m
[useContext] Looking up context: [32mSymbol(Context)[39m
[useContext] Found signal: [ [36m[Function: get][39m, [36m[Function: set][39m ]
[useContext] Signal value: {
  theme: [36m[Function: get][39m,
  setTheme: [36m[Function: set][39m,
  primaryColor: [36m[Function: get][39m,
  setPrimaryColor: [36m[Function: set][39m
}
[useContext] Looking up context: [32mSymbol(Context)[39m
[useContext] Found signal: [ [36m[Function: get][39m, [36m[Function: set][39m ]
[useContext] Signal value: {
  user: [36m[Function: get][39m,
  isLoggedIn: [36m[Function: get][39m,
  login: [36m[Function: login][39m,
  logout: [36m[Function: logout][39m
}
[useContext] Looking up context: [32mSymbol(Context)[39m
[useContext] Found signal: [ [36m[Function: get][39m, [36m[Function: set][39m ]
[useContext] Signal value: {
  fontSize: [36m[Function: get][39m,
  setFontSize: [36m[Function: set][39m,
  notifications: [36m[Function: get][39m,
  setNotifications: [36m[Function: set][39m,
  language: [36m[Function: get][39m,
  setLanguage: [36m[Function: set][39m
}
[useContext] Looking up context: [32mSymbol(Context)[39m
[useContext] Found signal: [ [36m[Function: get][39m, [36m[Function: set][39m ]
[useContext] Signal value: {
  theme: [36m[Function: get][39m,
  setTheme: [36m[Function: set][39m,
  primaryColor: [36m[Function: get][39m,
  setPrimaryColor: [36m[Function: set][39m
}
[useContext] Looking up context: [32mSymbol(Context)[39m
[useContext] Found signal: [ [36m[Function: get][39m, [36m[Function: set][39m ]
[useContext] Signal value: {
  theme: [36m[Function: get][39m,
  setTheme: [36m[Function: set][39m,
  primaryColor: [36m[Function: get][39m,
  setPrimaryColor: [36m[Function: set][39m
}
[useContext] Looking up context: [32mSymbol(Context)[39m
[useContext] Found signal: [ [36m[Function: get][39m, [36m[Function: set][39m ]
[useContext] Signal value: {
  theme: [36m[Function: get][39m,
  setTheme: [36m[Function: set][39m,
  primaryColor: [36m[Function: get][39m,
  setPrimaryColor: [36m[Function: set][39m
}
[useContext] Looking up context: [32mSymbol(Context)[39m
[useContext] Found signal: [ [36m[Function: get][39m, [36m[Function: set][39m ]
[useContext] Signal value: {
  user: [36m[Function: get][39m,
  isLoggedIn: [36m[Function: get][39m,
  login: [36m[Function: login][39m,
  logout: [36m[Function: logout][39m
}
[useContext] Looking up context: [32mSymbol(Context)[39m
[useContext] Found signal: [ [36m[Function: get][39m, [36m[Function: set][39m ]
[useContext] Signal value: {
  user: [36m[Function: get][39m,
  isLoggedIn: [36m[Function: get][39m,
  login: [36m[Function: login][39m,
  logout: [36m[Function: logout][39m
}
[useContext] Looking up context: [32mSymbol(Context)[39m
[useContext] Found signal: [ [36m[Function: get][39m, [36m[Function: set][39m ]
[useContext] Signal value: {
  fontSize: [36m[Function: get][39m,
  setFontSize: [36m[Function: set][39m,
  notifications: [36m[Function: get][39m,
  setNotifications: [36m[Function: set][39m,
  language: [36m[Function: get][39m,
  setLanguage: [36m[Function: set][39m
}
[useContext] Looking up context: [32mSymbol(Context)[39m
[useContext] Found signal: [ [36m[Function: get][39m, [36m[Function: set][39m ]
[useContext] Signal value: {
  theme: [36m[Function: get][39m,
  setTheme: [36m[Function: set][39m,
  primaryColor: [36m[Function: get][39m,
  setPrimaryColor: [36m[Function: set][39m
}
[useContext] Looking up context: [32mSymbol(Context)[39m
[useContext] Found signal: [ [36m[Function: get][39m, [36m[Function: set][39m ]
[useContext] Signal value: {
  user: [36m[Function: get][39m,
  isLoggedIn: [36m[Function: get][39m,
  login: [36m[Function: login][39m,
  logout: [36m[Function: logout][39m
}
[useContext] Looking up context: [32mSymbol(Context)[39m
[useContext] Found signal: [ [36m[Function: get][39m, [36m[Function: set][39m ]
[useContext] Signal value: {
  fontSize: [36m[Function: get][39m,
  setFontSize: [36m[Function: set][39m,
  notifications: [36m[Function: get][39m,
  setNotifications: [36m[Function: set][39m,
  language: [36m[Function: get][39m,
  setLanguage: [36m[Function: set][39m
}
[REGISTRY.execute] RESULT: component:ContextTestPage result: HTMLDivElement {} instanceof HTMLElement: [33mtrue[39m

[90mstdout[2m | src/showcase/pages/__tests__/error-boundary-test.test.ts[2m > [22m[2mErrorBoundaryTestPage[2m > [22m[2mMultiple Independent Boundaries[2m > [22m[2mshould allow multiple sections to error simultaneously
[22m[39m[REGISTRY.execute] START: component:ErrorBoundaryTestPage parentId: [1mnull[22m
[REGISTRY.execute] RESULT: component:ErrorBoundaryTestPage result: HTMLDivElement {} instanceof HTMLElement: [33mtrue[39m

[90mstdout[2m | src/showcase/pages/__tests__/context-test.test.ts[2m > [22m[2mContextTestPage[2m > [22m[2mSettings Context[2m > [22m[2mshould adjust font size with slider
[22m[39m[REGISTRY.execute] START: component:ContextTestPage parentId: [1mnull[22m
[useContext] Looking up context: [32mSymbol(Context)[39m
[useContext] Found signal: [ [36m[Function: get][39m, [36m[Function: set][39m ]
[useContext] Signal value: {
  theme: [36m[Function: get][39m,
  setTheme: [36m[Function: set][39m,
  primaryColor: [36m[Function: get][39m,
  setPrimaryColor: [36m[Function: set][39m
}
[useContext] Looking up context: [32mSymbol(Context)[39m
[useContext] Found signal: [ [36m[Function: get][39m, [36m[Function: set][39m ]
[useContext] Signal value: {
  user: [36m[Function: get][39m,
  isLoggedIn: [36m[Function: get][39m,
  login: [36m[Function: login][39m,
  logout: [36m[Function: logout][39m
}
[useContext] Looking up context: [32mSymbol(Context)[39m
[useContext] Found signal: [ [36m[Function: get][39m, [36m[Function: set][39m ]
[useContext] Signal value: {
  fontSize: [36m[Function: get][39m,
  setFontSize: [36m[Function: set][39m,
  notifications: [36m[Function: get][39m,
  setNotifications: [36m[Function: set][39m,
  language: [36m[Function: get][39m,
  setLanguage: [36m[Function: set][39m
}
[useContext] Looking up context: [32mSymbol(Context)[39m
[useContext] Found signal: [ [36m[Function: get][39m, [36m[Function: set][39m ]
[useContext] Signal value: {
  theme: [36m[Function: get][39m,
  setTheme: [36m[Function: set][39m,
  primaryColor: [36m[Function: get][39m,
  setPrimaryColor: [36m[Function: set][39m
}
[useContext] Looking up context: [32mSymbol(Context)[39m
[useContext] Found signal: [ [36m[Function: get][39m, [36m[Function: set][39m ]
[useContext] Signal value: {
  theme: [36m[Function: get][39m,
  setTheme: [36m[Function: set][39m,
  primaryColor: [36m[Function: get][39m,
  setPrimaryColor: [36m[Function: set][39m
}
[useContext] Looking up context: [32mSymbol(Context)[39m
[useContext] Found signal: [ [36m[Function: get][39m, [36m[Function: set][39m ]
[useContext] Signal value: {
  theme: [36m[Function: get][39m,
  setTheme: [36m[Function: set][39m,
  primaryColor: [36m[Function: get][39m,
  setPrimaryColor: [36m[Function: set][39m
}
[useContext] Looking up context: [32mSymbol(Context)[39m
[useContext] Found signal: [ [36m[Function: get][39m, [36m[Function: set][39m ]
[useContext] Signal value: {
  user: [36m[Function: get][39m,
  isLoggedIn: [36m[Function: get][39m,
  login: [36m[Function: login][39m,
  logout: [36m[Function: logout][39m
}
[useContext] Looking up context: [32mSymbol(Context)[39m
[useContext] Found signal: [ [36m[Function: get][39m, [36m[Function: set][39m ]
[useContext] Signal value: {
  user: [36m[Function: get][39m,
  isLoggedIn: [36m[Function: get][39m,
  login: [36m[Function: login][39m,
  logout: [36m[Function: logout][39m
}
[useContext] Looking up context: [32mSymbol(Context)[39m
[useContext] Found signal: [ [36m[Function: get][39m, [36m[Function: set][39m ]
[useContext] Signal value: {
  fontSize: [36m[Function: get][39m,
  setFontSize: [36m[Function: set][39m,
  notifications: [36m[Function: get][39m,
  setNotifications: [36m[Function: set][39m,
  language: [36m[Function: get][39m,
  setLanguage: [36m[Function: set][39m
}
[useContext] Looking up context: [32mSymbol(Context)[39m
[useContext] Found signal: [ [36m[Function: get][39m, [36m[Function: set][39m ]
[useContext] Signal value: {
  theme: [36m[Function: get][39m,
  setTheme: [36m[Function: set][39m,
  primaryColor: [36m[Function: get][39m,
  setPrimaryColor: [36m[Function: set][39m
}
[useContext] Looking up context: [32mSymbol(Context)[39m
[useContext] Found signal: [ [36m[Function: get][39m, [36m[Function: set][39m ]
[useContext] Signal value: {
  user: [36m[Function: get][39m,
  isLoggedIn: [36m[Function: get][39m,
  login: [36m[Function: login][39m,
  logout: [36m[Function: logout][39m
}
[useContext] Looking up context: [32mSymbol(Context)[39m
[useContext] Found signal: [ [36m[Function: get][39m, [36m[Function: set][39m ]
[useContext] Signal value: {
  fontSize: [36m[Function: get][39m,
  setFontSize: [36m[Function: set][39m,
  notifications: [36m[Function: get][39m,
  setNotifications: [36m[Function: set][39m,
  language: [36m[Function: get][39m,
  setLanguage: [36m[Function: set][39m
}
[REGISTRY.execute] RESULT: component:ContextTestPage result: HTMLDivElement {} instanceof HTMLElement: [33mtrue[39m

[90mstdout[2m | src/showcase/pages/__tests__/error-boundary-test.test.ts[2m > [22m[2mErrorBoundaryTestPage[2m > [22m[2mNested Boundaries[2m > [22m[2mshould render healthy state initially
[22m[39m[REGISTRY.execute] START: component:ErrorBoundaryTestPage parentId: [1mnull[22m
[REGISTRY.execute] RESULT: component:ErrorBoundaryTestPage result: HTMLDivElement {} instanceof HTMLElement: [33mtrue[39m

[90mstdout[2m | src/showcase/pages/__tests__/context-test.test.ts[2m > [22m[2mContextTestPage[2m > [22m[2mSettings Context[2m > [22m[2mshould toggle notifications
[22m[39m[REGISTRY.execute] START: component:ContextTestPage parentId: [1mnull[22m
[useContext] Looking up context: [32mSymbol(Context)[39m
[useContext] Found signal: [ [36m[Function: get][39m, [36m[Function: set][39m ]
[useContext] Signal value: {
  theme: [36m[Function: get][39m,
  setTheme: [36m[Function: set][39m,
  primaryColor: [36m[Function: get][39m,
  setPrimaryColor: [36m[Function: set][39m
}
[useContext] Looking up context: [32mSymbol(Context)[39m
[useContext] Found signal: [ [36m[Function: get][39m, [36m[Function: set][39m ]
[useContext] Signal value: {
  user: [36m[Function: get][39m,
  isLoggedIn: [36m[Function: get][39m,
  login: [36m[Function: login][39m,
  logout: [36m[Function: logout][39m
}
[useContext] Looking up context: [32mSymbol(Context)[39m
[useContext] Found signal: [ [36m[Function: get][39m, [36m[Function: set][39m ]
[useContext] Signal value: {
  fontSize: [36m[Function: get][39m,
  setFontSize: [36m[Function: set][39m,
  notifications: [36m[Function: get][39m,
  setNotifications: [36m[Function: set][39m,
  language: [36m[Function: get][39m,
  setLanguage: [36m[Function: set][39m
}
[useContext] Looking up context: [32mSymbol(Context)[39m
[useContext] Found signal: [ [36m[Function: get][39m, [36m[Function: set][39m ]
[useContext] Signal value: {
  theme: [36m[Function: get][39m,
  setTheme: [36m[Function: set][39m,
  primaryColor: [36m[Function: get][39m,
  setPrimaryColor: [36m[Function: set][39m
}
[useContext] Looking up context: [32mSymbol(Context)[39m
[useContext] Found signal: [ [36m[Function: get][39m, [36m[Function: set][39m ]
[useContext] Signal value: {
  theme: [36m[Function: get][39m,
  setTheme: [36m[Function: set][39m,
  primaryColor: [36m[Function: get][39m,
  setPrimaryColor: [36m[Function: set][39m
}
[useContext] Looking up context: [32mSymbol(Context)[39m
[useContext] Found signal: [ [36m[Function: get][39m, [36m[Function: set][39m ]
[useContext] Signal value: {
  theme: [36m[Function: get][39m,
  setTheme: [36m[Function: set][39m,
  primaryColor: [36m[Function: get][39m,
  setPrimaryColor: [36m[Function: set][39m
}
[useContext] Looking up context: [32mSymbol(Context)[39m
[useContext] Found signal: [ [36m[Function: get][39m, [36m[Function: set][39m ]
[useContext] Signal value: {
  user: [36m[Function: get][39m,
  isLoggedIn: [36m[Function: get][39m,
  login: [36m[Function: login][39m,
  logout: [36m[Function: logout][39m
}
[useContext] Looking up context: [32mSymbol(Context)[39m
[useContext] Found signal: [ [36m[Function: get][39m, [36m[Function: set][39m ]
[useContext] Signal value: {
  user: [36m[Function: get][39m,
  isLoggedIn: [36m[Function: get][39m,
  login: [36m[Function: login][39m,
  logout: [36m[Function: logout][39m
}
[useContext] Looking up context: [32mSymbol(Context)[39m
[useContext] Found signal: [ [36m[Function: get][39m, [36m[Function: set][39m ]
[useContext] Signal value: {
  fontSize: [36m[Function: get][39m,
  setFontSize: [36m[Function: set][39m,
  notifications: [36m[Function: get][39m,
  setNotifications: [36m[Function: set][39m,
  language: [36m[Function: get][39m,
  setLanguage: [36m[Function: set][39m
}
[useContext] Looking up context: [32mSymbol(Context)[39m
[useContext] Found signal: [ [36m[Function: get][39m, [36m[Function: set][39m ]
[useContext] Signal value: {
  theme: [36m[Function: get][39m,
  setTheme: [36m[Function: set][39m,
  primaryColor: [36m[Function: get][39m,
  setPrimaryColor: [36m[Function: set][39m
}
[useContext] Looking up context: [32mSymbol(Context)[39m
[useContext] Found signal: [ [36m[Function: get][39m, [36m[Function: set][39m ]
[useContext] Signal value: {
  user: [36m[Function: get][39m,
  isLoggedIn: [36m[Function: get][39m,
  login: [36m[Function: login][39m,
  logout: [36m[Function: logout][39m
}
[useContext] Looking up context: [32mSymbol(Context)[39m
[useContext] Found signal: [ [36m[Function: get][39m, [36m[Function: set][39m ]
[useContext] Signal value: {
  fontSize: [36m[Function: get][39m,
  setFontSize: [36m[Function: set][39m,
  notifications: [36m[Function: get][39m,
  setNotifications: [36m[Function: set][39m,
  language: [36m[Function: get][39m,
  setLanguage: [36m[Function: set][39m
}
[REGISTRY.execute] RESULT: component:ContextTestPage result: HTMLDivElement {} instanceof HTMLElement: [33mtrue[39m

[90mstdout[2m | src/showcase/pages/__tests__/context-test.test.ts[2m > [22m[2mContextTestPage[2m > [22m[2mSettings Context[2m > [22m[2mshould change language
[22m[39m[REGISTRY.execute] START: component:ContextTestPage parentId: [1mnull[22m
[useContext] Looking up context: [32mSymbol(Context)[39m
[useContext] Found signal: [ [36m[Function: get][39m, [36m[Function: set][39m ]
[useContext] Signal value: {
  theme: [36m[Function: get][39m,
  setTheme: [36m[Function: set][39m,
  primaryColor: [36m[Function: get][39m,
  setPrimaryColor: [36m[Function: set][39m
}
[useContext] Looking up context: [32mSymbol(Context)[39m
[useContext] Found signal: [ [36m[Function: get][39m, [36m[Function: set][39m ]
[useContext] Signal value: {
  user: [36m[Function: get][39m,
  isLoggedIn: [36m[Function: get][39m,
  login: [36m[Function: login][39m,
  logout: [36m[Function: logout][39m
}
[useContext] Looking up context: [32mSymbol(Context)[39m
[useContext] Found signal: [ [36m[Function: get][39m, [36m[Function: set][39m ]
[useContext] Signal value: {
  fontSize: [36m[Function: get][39m,
  setFontSize: [36m[Function: set][39m,
  notifications: [36m[Function: get][39m,
  setNotifications: [36m[Function: set][39m,
  language: [36m[Function: get][39m,
  setLanguage: [36m[Function: set][39m
}
[useContext] Looking up context: [32mSymbol(Context)[39m
[useContext] Found signal: [ [36m[Function: get][39m, [36m[Function: set][39m ]
[useContext] Signal value: {
  theme: [36m[Function: get][39m,
  setTheme: [36m[Function: set][39m,
  primaryColor: [36m[Function: get][39m,
  setPrimaryColor: [36m[Function: set][39m
}
[useContext] Looking up context: [32mSymbol(Context)[39m
[useContext] Found signal: [ [36m[Function: get][39m, [36m[Function: set][39m ]
[useContext] Signal value: {
  theme: [36m[Function: get][39m,
  setTheme: [36m[Function: set][39m,
  primaryColor: [36m[Function: get][39m,
  setPrimaryColor: [36m[Function: set][39m
}
[useContext] Looking up context: [32mSymbol(Context)[39m
[useContext] Found signal: [ [36m[Function: get][39m, [36m[Function: set][39m ]
[useContext] Signal value: {
  theme: [36m[Function: get][39m,
  setTheme: [36m[Function: set][39m,
  primaryColor: [36m[Function: get][39m,
  setPrimaryColor: [36m[Function: set][39m
}
[useContext] Looking up context: [32mSymbol(Context)[39m
[useContext] Found signal: [ [36m[Function: get][39m, [36m[Function: set][39m ]
[useContext] Signal value: {
  user: [36m[Function: get][39m,
  isLoggedIn: [36m[Function: get][39m,
  login: [36m[Function: login][39m,
  logout: [36m[Function: logout][39m
}
[useContext] Looking up context: [32mSymbol(Context)[39m
[useContext] Found signal: [ [36m[Function: get][39m, [36m[Function: set][39m ]
[useContext] Signal value: {
  user: [36m[Function: get][39m,
  isLoggedIn: [36m[Function: get][39m,
  login: [36m[Function: login][39m,
  logout: [36m[Function: logout][39m
}
[useContext] Looking up context: [32mSymbol(Context)[39m
[useContext] Found signal: [ [36m[Function: get][39m, [36m[Function: set][39m ]
[useContext] Signal value: {
  fontSize: [36m[Function: get][39m,
  setFontSize: [36m[Function: set][39m,
  notifications: [36m[Function: get][39m,
  setNotifications: [36m[Function: set][39m,
  language: [36m[Function: get][39m,
  setLanguage: [36m[Function: set][39m
}
[useContext] Looking up context: [32mSymbol(Context)[39m
[useContext] Found signal: [ [36m[Function: get][39m, [36m[Function: set][39m ]
[useContext] Signal value: {
  theme: [36m[Function: get][39m,
  setTheme: [36m[Function: set][39m,
  primaryColor: [36m[Function: get][39m,
  setPrimaryColor: [36m[Function: set][39m
}
[useContext] Looking up context: [32mSymbol(Context)[39m
[useContext] Found signal: [ [36m[Function: get][39m, [36m[Function: set][39m ]
[useContext] Signal value: {
  user: [36m[Function: get][39m,
  isLoggedIn: [36m[Function: get][39m,
  login: [36m[Function: login][39m,
  logout: [36m[Function: logout][39m
}
[useContext] Looking up context: [32mSymbol(Context)[39m
[useContext] Found signal: [ [36m[Function: get][39m, [36m[Function: set][39m ]
[useContext] Signal value: {
  fontSize: [36m[Function: get][39m,
  setFontSize: [36m[Function: set][39m,
  notifications: [36m[Function: get][39m,
  setNotifications: [36m[Function: set][39m,
  language: [36m[Function: get][39m,
  setLanguage: [36m[Function: set][39m
}
[REGISTRY.execute] RESULT: component:ContextTestPage result: HTMLDivElement {} instanceof HTMLElement: [33mtrue[39m

Error: Uncaught [Error: Inner component failed!]
    at reportException (E:\Sources\visual-schema-builder\node_modules\.pnpm\jsdom@25.0.1\node_modules\jsdom\lib\jsdom\living\helpers\runtime-script-errors.js:66:24)
    at innerInvokeEventListeners (E:\Sources\visual-schema-builder\node_modules\.pnpm\jsdom@25.0.1\node_modules\jsdom\lib\jsdom\living\events\EventTarget-impl.js:353:9)
    at invokeEventListeners (E:\Sources\visual-schema-builder\node_modules\.pnpm\jsdom@25.0.1\node_modules\jsdom\lib\jsdom\living\events\EventTarget-impl.js:286:3)
    at HTMLButtonElementImpl._dispatch (E:\Sources\visual-schema-builder\node_modules\.pnpm\jsdom@25.0.1\node_modules\jsdom\lib\jsdom\living\events\EventTarget-impl.js:233:9)
    at fireAnEvent (E:\Sources\visual-schema-builder\node_modules\.pnpm\jsdom@25.0.1\node_modules\jsdom\lib\jsdom\living\helpers\events.js:18:36)
    at HTMLButtonElementImpl.click (E:\Sources\visual-schema-builder\node_modules\.pnpm\jsdom@25.0.1\node_modules\jsdom\lib\jsdom\living\nodes\HTMLElement-impl.js:85:5)
    at HTMLButtonElement.click (E:\Sources\visual-schema-builder\node_modules\.pnpm\jsdom@25.0.1\node_modules\jsdom\lib\jsdom\living\generated\HTMLElement.js:108:34)
    at E:/Sources/visual-schema-builder/packages/pulsar-ui.dev/src/showcase/pages/__tests__/error-boundary-test.test.ts:141:17
    at file:///E:/Sources/visual-schema-builder/node_modules/.pnpm/@vitest+runner@4.0.18/node_modules/@vitest/runner/dist/index.js:145:11
    at file:///E:/Sources/visual-schema-builder/node_modules/.pnpm/@vitest+runner@4.0.18/node_modules/@vitest/runner/dist/index.js:915:26 Error: Inner component failed!
    at ErrorComponent (E:/Sources/visual-schema-builder/packages/pulsar-ui.dev/src/showcase/pages/error-boundary-test.psr:18:9)
    at E:/Sources/visual-schema-builder/packages/pulsar-ui.dev/src/showcase/pages/error-boundary-test.psr:187:54
    at E:/Sources/visual-schema-builder/packages/pulsar.dev/src/jsx-runtime/insert.ts:35:19
    at effect (E:/Sources/visual-schema-builder/packages/pulsar.dev/src/registry/core/prototype/wire.ts:96:69)
    at BatchManager.schedule (E:/Sources/visual-schema-builder/packages/pulsar.dev/src/reactivity/batch/prototype/schedule.ts:17:5)
    at scheduleBatchedEffect (E:/Sources/visual-schema-builder/packages/pulsar.dev/src/reactivity/batch/batch.ts:44:16)
    at E:/Sources/visual-schema-builder/packages/pulsar.dev/src/reactivity/signal/prototype/write.ts:33:5
    at Array.forEach (<anonymous>)
    at Signal.write (E:/Sources/visual-schema-builder/packages/pulsar.dev/src/reactivity/signal/prototype/write.ts:32:23)
    at set (E:/Sources/visual-schema-builder/packages/pulsar.dev/src/reactivity/signal/create-signal.ts:14:63)
[90mstdout[2m | src/showcase/pages/__tests__/error-boundary-test.test.ts[2m > [22m[2mErrorBoundaryTestPage[2m > [22m[2mNested Boundaries[2m > [22m[2mshould catch inner error with inner boundary
[22m[39m[REGISTRY.execute] START: component:ErrorBoundaryTestPage parentId: [1mnull[22m
[REGISTRY.execute] RESULT: component:ErrorBoundaryTestPage result: HTMLDivElement {} instanceof HTMLElement: [33mtrue[39m

[90mstdout[2m | src/showcase/pages/__tests__/context-test.test.ts[2m > [22m[2mContextTestPage[2m > [22m[2mDeeply Nested Access[2m > [22m[2mshould access all contexts from nested component
[22m[39m[REGISTRY.execute] START: component:ContextTestPage parentId: [1mnull[22m
[useContext] Looking up context: [32mSymbol(Context)[39m
[useContext] Found signal: [ [36m[Function: get][39m, [36m[Function: set][39m ]
[useContext] Signal value: {
  theme: [36m[Function: get][39m,
  setTheme: [36m[Function: set][39m,
  primaryColor: [36m[Function: get][39m,
  setPrimaryColor: [36m[Function: set][39m
}
[useContext] Looking up context: [32mSymbol(Context)[39m
[useContext] Found signal: [ [36m[Function: get][39m, [36m[Function: set][39m ]
[useContext] Signal value: {
  user: [36m[Function: get][39m,
  isLoggedIn: [36m[Function: get][39m,
  login: [36m[Function: login][39m,
  logout: [36m[Function: logout][39m
}
[useContext] Looking up context: [32mSymbol(Context)[39m
[useContext] Found signal: [ [36m[Function: get][39m, [36m[Function: set][39m ]
[useContext] Signal value: {
  fontSize: [36m[Function: get][39m,
  setFontSize: [36m[Function: set][39m,
  notifications: [36m[Function: get][39m,
  setNotifications: [36m[Function: set][39m,
  language: [36m[Function: get][39m,
  setLanguage: [36m[Function: set][39m
}
[useContext] Looking up context: [32mSymbol(Context)[39m
[useContext] Found signal: [ [36m[Function: get][39m, [36m[Function: set][39m ]
[useContext] Signal value: {
  theme: [36m[Function: get][39m,
  setTheme: [36m[Function: set][39m,
  primaryColor: [36m[Function: get][39m,
  setPrimaryColor: [36m[Function: set][39m
}
[useContext] Looking up context: [32mSymbol(Context)[39m
[useContext] Found signal: [ [36m[Function: get][39m, [36m[Function: set][39m ]
[useContext] Signal value: {
  theme: [36m[Function: get][39m,
  setTheme: [36m[Function: set][39m,
  primaryColor: [36m[Function: get][39m,
  setPrimaryColor: [36m[Function: set][39m
}
[useContext] Looking up context: [32mSymbol(Context)[39m
[useContext] Found signal: [ [36m[Function: get][39m, [36m[Function: set][39m ]
[useContext] Signal value: {
  theme: [36m[Function: get][39m,
  setTheme: [36m[Function: set][39m,
  primaryColor: [36m[Function: get][39m,
  setPrimaryColor: [36m[Function: set][39m
}
[useContext] Looking up context: [32mSymbol(Context)[39m
[useContext] Found signal: [ [36m[Function: get][39m, [36m[Function: set][39m ]
[useContext] Signal value: {
  user: [36m[Function: get][39m,
  isLoggedIn: [36m[Function: get][39m,
  login: [36m[Function: login][39m,
  logout: [36m[Function: logout][39m
}
[useContext] Looking up context: [32mSymbol(Context)[39m
[useContext] Found signal: [ [36m[Function: get][39m, [36m[Function: set][39m ]
[useContext] Signal value: {
  user: [36m[Function: get][39m,
  isLoggedIn: [36m[Function: get][39m,
  login: [36m[Function: login][39m,
  logout: [36m[Function: logout][39m
}
[useContext] Looking up context: [32mSymbol(Context)[39m
[useContext] Found signal: [ [36m[Function: get][39m, [36m[Function: set][39m ]
[useContext] Signal value: {
  fontSize: [36m[Function: get][39m,
  setFontSize: [36m[Function: set][39m,
  notifications: [36m[Function: get][39m,
  setNotifications: [36m[Function: set][39m,
  language: [36m[Function: get][39m,
  setLanguage: [36m[Function: set][39m
}
[useContext] Looking up context: [32mSymbol(Context)[39m
[useContext] Found signal: [ [36m[Function: get][39m, [36m[Function: set][39m ]
[useContext] Signal value: {
  theme: [36m[Function: get][39m,
  setTheme: [36m[Function: set][39m,
  primaryColor: [36m[Function: get][39m,
  setPrimaryColor: [36m[Function: set][39m
}
[useContext] Looking up context: [32mSymbol(Context)[39m
[useContext] Found signal: [ [36m[Function: get][39m, [36m[Function: set][39m ]
[useContext] Signal value: {
  user: [36m[Function: get][39m,
  isLoggedIn: [36m[Function: get][39m,
  login: [36m[Function: login][39m,
  logout: [36m[Function: logout][39m
}
[useContext] Looking up context: [32mSymbol(Context)[39m
[useContext] Found signal: [ [36m[Function: get][39m, [36m[Function: set][39m ]
[useContext] Signal value: {
  fontSize: [36m[Function: get][39m,
  setFontSize: [36m[Function: set][39m,
  notifications: [36m[Function: get][39m,
  setNotifications: [36m[Function: set][39m,
  language: [36m[Function: get][39m,
  setLanguage: [36m[Function: set][39m
}
[REGISTRY.execute] RESULT: component:ContextTestPage result: HTMLDivElement {} instanceof HTMLElement: [33mtrue[39m

[90mstdout[2m | src/showcase/pages/__tests__/error-boundary-test.test.ts[2m > [22m[2mErrorBoundaryTestPage[2m > [22m[2mNested Boundaries[2m > [22m[2mshould catch outer error with outer boundary
[22m[39m[REGISTRY.execute] START: component:ErrorBoundaryTestPage parentId: [1mnull[22m
[REGISTRY.execute] RESULT: component:ErrorBoundaryTestPage result: HTMLDivElement {} instanceof HTMLElement: [33mtrue[39m
Error: Uncaught [Error: Outer component failed!]
    at reportException (E:\Sources\visual-schema-builder\node_modules\.pnpm\jsdom@25.0.1\node_modules\jsdom\lib\jsdom\living\helpers\runtime-script-errors.js:66:24)
    at innerInvokeEventListeners (E:\Sources\visual-schema-builder\node_modules\.pnpm\jsdom@25.0.1\node_modules\jsdom\lib\jsdom\living\events\EventTarget-impl.js:353:9)
    at invokeEventListeners (E:\Sources\visual-schema-builder\node_modules\.pnpm\jsdom@25.0.1\node_modules\jsdom\lib\jsdom\living\events\EventTarget-impl.js:286:3)
    at HTMLButtonElementImpl._dispatch (E:\Sources\visual-schema-builder\node_modules\.pnpm\jsdom@25.0.1\node_modules\jsdom\lib\jsdom\living\events\EventTarget-impl.js:233:9)
    at fireAnEvent (E:\Sources\visual-schema-builder\node_modules\.pnpm\jsdom@25.0.1\node_modules\jsdom\lib\jsdom\living\helpers\events.js:18:36)

    at HTMLButtonElementImpl.click (E:\Sources\visual-schema-builder\node_modules\.pnpm\jsdom@25.0.1\node_modules\jsdom\lib\jsdom\living\nodes\HTMLElement-impl.js:85:5)
    at HTMLButtonElement.click (E:\Sources\visual-schema-builder\node_modules\.pnpm\jsdom@25.0.1\node_modules\jsdom\lib\jsdom\living\generated\HTMLElement.js:108:34)
    at E:/Sources/visual-schema-builder/packages/pulsar-ui.dev/src/showcase/pages/__tests__/error-boundary-test.test.ts:159:17
    at file:///E:/Sources/visual-schema-builder/node_modules/.pnpm/@vitest+runner@4.0.18/node_modules/@vitest/runner/dist/index.js:145:11
    at file:///E:/Sources/visual-schema-builder/node_modules/.pnpm/@vitest+runner@4.0.18/node_modules/@vitest/runner/dist/index.js:915:26 Error: Outer component failed!
    at ErrorComponent (E:/Sources/visual-schema-builder/packages/pulsar-ui.dev/src/showcase/pages/error-boundary-test.psr:18:9)
    at E:/Sources/visual-schema-builder/packages/pulsar-ui.dev/src/showcase/pages/error-boundary-test.psr:180:52
    at E:/Sources/visual-schema-builder/packages/pulsar.dev/src/jsx-runtime/insert.ts:35:19
    at effect (E:/Sources/visual-schema-builder/packages/pulsar.dev/src/registry/core/prototype/wire.ts:96:69)
    at BatchManager.schedule (E:/Sources/visual-schema-builder/packages/pulsar.dev/src/reactivity/batch/prototype/schedule.ts:17:5)
    at scheduleBatchedEffect (E:/Sources/visual-schema-builder/packages/pulsar.dev/src/reactivity/batch/batch.ts:44:16)
    at E:/Sources/visual-schema-builder/packages/pulsar.dev/src/reactivity/signal/prototype/write.ts:33:5
    at Array.forEach (<anonymous>)
    at Signal.write (E:/Sources/visual-schema-builder/packages/pulsar.dev/src/reactivity/signal/prototype/write.ts:32:23)
    at set (E:/Sources/visual-schema-builder/packages/pulsar.dev/src/reactivity/signal/create-signal.ts:14:63)
[90mstdout[2m | src/showcase/pages/__tests__/context-test.test.ts[2m > [22m[2mContextTestPage[2m > [22m[2mDeeply Nested Access[2m > [22m[2mshould display context values in nested component
[22m[39m[REGISTRY.execute] START: component:ContextTestPage parentId: [1mnull[22m
[useContext] Looking up context: [32mSymbol(Context)[39m
[useContext] Found signal: [ [36m[Function: get][39m, [36m[Function: set][39m ]
[useContext] Signal value: {
  theme: [36m[Function: get][39m,
  setTheme: [36m[Function: set][39m,
  primaryColor: [36m[Function: get][39m,
  setPrimaryColor: [36m[Function: set][39m
}
[useContext] Looking up context: [32mSymbol(Context)[39m
[useContext] Found signal: [ [36m[Function: get][39m, [36m[Function: set][39m ]
[useContext] Signal value: {
  user: [36m[Function: get][39m,
  isLoggedIn: [36m[Function: get][39m,
  login: [36m[Function: login][39m,
  logout: [36m[Function: logout][39m
}
[useContext] Looking up context: [32mSymbol(Context)[39m
[useContext] Found signal: [ [36m[Function: get][39m, [36m[Function: set][39m ]
[useContext] Signal value: {
  fontSize: [36m[Function: get][39m,
  setFontSize: [36m[Function: set][39m,
  notifications: [36m[Function: get][39m,
  setNotifications: [36m[Function: set][39m,
  language: [36m[Function: get][39m,
  setLanguage: [36m[Function: set][39m
}
[useContext] Looking up context: [32mSymbol(Context)[39m
[useContext] Found signal: [ [36m[Function: get][39m, [36m[Function: set][39m ]
[useContext] Signal value: {
  theme: [36m[Function: get][39m,
  setTheme: [36m[Function: set][39m,
  primaryColor: [36m[Function: get][39m,
  setPrimaryColor: [36m[Function: set][39m
}
[useContext] Looking up context: [32mSymbol(Context)[39m
[useContext] Found signal: [ [36m[Function: get][39m, [36m[Function: set][39m ]
[useContext] Signal value: {
  theme: [36m[Function: get][39m,
  setTheme: [36m[Function: set][39m,
  primaryColor: [36m[Function: get][39m,
  setPrimaryColor: [36m[Function: set][39m
}
[useContext] Looking up context: [32mSymbol(Context)[39m
[useContext] Found signal: [ [36m[Function: get][39m, [36m[Function: set][39m ]
[useContext] Signal value: {
  theme: [36m[Function: get][39m,
  setTheme: [36m[Function: set][39m,
  primaryColor: [36m[Function: get][39m,
  setPrimaryColor: [36m[Function: set][39m
}
[useContext] Looking up context: [32mSymbol(Context)[39m
[useContext] Found signal: [ [36m[Function: get][39m, [36m[Function: set][39m ]
[useContext] Signal value: {
  user: [36m[Function: get][39m,
  isLoggedIn: [36m[Function: get][39m,
  login: [36m[Function: login][39m,
  logout: [36m[Function: logout][39m
}
[useContext] Looking up context: [32mSymbol(Context)[39m
[useContext] Found signal: [ [36m[Function: get][39m, [36m[Function: set][39m ]
[useContext] Signal value: {
  user: [36m[Function: get][39m,
  isLoggedIn: [36m[Function: get][39m,
  login: [36m[Function: login][39m,
  logout: [36m[Function: logout][39m
}
[useContext] Looking up context: [32mSymbol(Context)[39m
[useContext] Found signal: [ [36m[Function: get][39m, [36m[Function: set][39m ]
[useContext] Signal value: {
  fontSize: [36m[Function: get][39m,
  setFontSize: [36m[Function: set][39m,
  notifications: [36m[Function: get][39m,
  setNotifications: [36m[Function: set][39m,
  language: [36m[Function: get][39m,
  setLanguage: [36m[Function: set][39m
}
[useContext] Looking up context: [32mSymbol(Context)[39m
[useContext] Found signal: [ [36m[Function: get][39m, [36m[Function: set][39m ]
[useContext] Signal value: {
  theme: [36m[Function: get][39m,
  setTheme: [36m[Function: set][39m,
  primaryColor: [36m[Function: get][39m,
  setPrimaryColor: [36m[Function: set][39m
}
[useContext] Looking up context: [32mSymbol(Context)[39m
[useContext] Found signal: [ [36m[Function: get][39m, [36m[Function: set][39m ]
[useContext] Signal value: {
  user: [36m[Function: get][39m,
  isLoggedIn: [36m[Function: get][39m,
  login: [36m[Function: login][39m,
  logout: [36m[Function: logout][39m
}
[useContext] Looking up context: [32mSymbol(Context)[39m
[useContext] Found signal: [ [36m[Function: get][39m, [36m[Function: set][39m ]
[useContext] Signal value: {
  fontSize: [36m[Function: get][39m,
  setFontSize: [36m[Function: set][39m,
  notifications: [36m[Function: get][39m,
  setNotifications: [36m[Function: set][39m,
  language: [36m[Function: get][39m,
  setLanguage: [36m[Function: set][39m
}
[REGISTRY.execute] RESULT: component:ContextTestPage result: HTMLDivElement {} instanceof HTMLElement: [33mtrue[39m

 [32mΓ£ô[39m src/showcase/pages/__tests__/context-test.test.ts[2m > [22mContextTestPage[2m > [22mTheme Context[2m > [22mshould apply theme to all themed components[32m 14[2mms[22m[39m
 [31m├ù[39m src/showcase/pages/__tests__/context-test.test.ts[2m > [22mContextTestPage[2m > [22mUser Context[2m > [22mshould show not logged in state initially[32m 11[2mms[22m[39m
[31m   ΓåÆ expected '≡ƒöî Phase 5: Context API & Dependency ΓÇª' to contain 'Not logged in'[39m
 [32mΓ£ô[39m src/showcase/pages/__tests__/context-test.test.ts[2m > [22mContextTestPage[2m > [22mUser Context[2m > [22mshould login as admin[32m 9[2mms[22m[39m
 [32mΓ£ô[39m src/showcase/pages/__tests__/context-test.test.ts[2m > [22mContextTestPage[2m > [22mUser Context[2m > [22mshould login as user[32m 10[2mms[22m[39m
 [32mΓ£ô[39m src/showcase/pages/__tests__/context-test.test.ts[2m > [22mContextTestPage[2m > [22mUser Context[2m > [22mshould logout[32m 7[2mms[22m[39m
 [31m├ù[39m src/showcase/pages/__tests__/context-test.test.ts[2m > [22mContextTestPage[2m > [22mSettings Context[2m > [22mshould render default font size[32m 8[2mms[22m[39m
[31m   ΓåÆ expected '≡ƒöî Phase 5: Context API & Dependency ΓÇª' to contain 'Font: 16px'[39m
 [31m├ù[39m src/showcase/pages/__tests__/context-test.test.ts[2m > [22mContextTestPage[2m > [22mSettings Context[2m > [22mshould adjust font size with slider[32m 6[2mms[22m[39m
[31m   ΓåÆ Cannot set properties of null (setting 'value')[39m
 [32mΓ£ô[39m src/showcase/pages/__tests__/context-test.test.ts[2m > [22mContextTestPage[2m > [22mSettings Context[2m > [22mshould toggle notifications[32m 5[2mms[22m[39m
 [31m├ù[39m src/showcase/pages/__tests__/context-test.test.ts[2m > [22mContextTestPage[2m > [22mSettings Context[2m > [22mshould change language[32m 5[2mms[22m[39m
[31m   ΓåÆ Cannot set properties of null (setting 'value')[39m
 [31m├ù[39m src/showcase/pages/__tests__/context-test.test.ts[2m > [22mContextTestPage[2m > [22mDeeply Nested Access[2m > [22mshould access all contexts from nested component[32m 9[2mms[22m[39m
[31m   ΓåÆ expected '≡ƒöî Phase 5: Context API & Dependency ΓÇª' to contain 'Deeply Nested Component'[39m
 [31m├ù[39m src/showcase/pages/__tests__/context-test.test.ts[2m > [22mContextTestPage[2m > [22mDeeply Nested Access[2m > [22mshould display context values in nested component[32m 9[2mms[22m[39m
[31m   ΓåÆ the given combination of arguments (undefined and string) is invalid for this assertion. You can use an array, a map, an object, a set, a string, or a weakset instead of a string[39m
[90mstdout[2m | src/showcase/pages/__tests__/error-boundary-test.test.ts[2m > [22m[2mErrorBoundaryTestPage[2m > [22m[2mError Recovery Pattern[2m > [22m[2mshould fail on first attempt
[22m[39m[REGISTRY.execute] START: component:ErrorBoundaryTestPage parentId: [1mnull[22m
[REGISTRY.execute] RESULT: component:ErrorBoundaryTestPage result: HTMLDivElement {} instanceof HTMLElement: [33mtrue[39m

[90mstdout[2m | src/showcase/pages/__tests__/error-boundary-test.test.ts[2m > [22m[2mErrorBoundaryTestPage[2m > [22m[2mError Recovery Pattern[2m > [22m[2mshould track retry attempts
[22m[39m[REGISTRY.execute] START: component:ErrorBoundaryTestPage parentId: [1mnull[22m
[REGISTRY.execute] RESULT: component:ErrorBoundaryTestPage result: HTMLDivElement {} instanceof HTMLElement: [33mtrue[39m

[90mstdout[2m | src/showcase/pages/__tests__/error-boundary-test.test.ts[2m > [22m[2mErrorBoundaryTestPage[2m > [22m[2mError Recovery Pattern[2m > [22m[2mshould succeed after 3 attempts
[22m[39m[REGISTRY.execute] START: component:ErrorBoundaryTestPage parentId: [1mnull[22m
[REGISTRY.execute] RESULT: component:ErrorBoundaryTestPage result: HTMLDivElement {} instanceof HTMLElement: [33mtrue[39m

 [32mΓ£ô[39m src/showcase/pages/__tests__/error-boundary-test.test.ts[2m > [22mErrorBoundaryTestPage[2m > [22mBasic Error Boundary[2m > [22mshould display custom error message[32m 24[2mms[22m[39m
 [32mΓ£ô[39m src/showcase/pages/__tests__/error-boundary-test.test.ts[2m > [22mErrorBoundaryTestPage[2m > [22mBasic Error Boundary[2m > [22mshould reset boundary when reset clicked[32m 24[2mms[22m[39m
 [32mΓ£ô[39m src/showcase/pages/__tests__/error-boundary-test.test.ts[2m > [22mErrorBoundaryTestPage[2m > [22mMultiple Independent Boundaries[2m > [22mshould isolate errors to single section[32m 8[2mms[22m[39m
 [32mΓ£ô[39m src/showcase/pages/__tests__/error-boundary-test.test.ts[2m > [22mErrorBoundaryTestPage[2m > [22mMultiple Independent Boundaries[2m > [22mshould allow multiple sections to error simultaneously[32m 9[2mms[22m[39m
 [32mΓ£ô[39m src/showcase/pages/__tests__/error-boundary-test.test.ts[2m > [22mErrorBoundaryTestPage[2m > [22mNested Boundaries[2m > [22mshould render healthy state initially[32m 7[2mms[22m[39m
 [32mΓ£ô[39m src/showcase/pages/__tests__/error-boundary-test.test.ts[2m > [22mErrorBoundaryTestPage[2m > [22mNested Boundaries[2m > [22mshould catch inner error with inner boundary[32m 11[2mms[22m[39m
 [32mΓ£ô[39m src/showcase/pages/__tests__/error-boundary-test.test.ts[2m > [22mErrorBoundaryTestPage[2m > [22mNested Boundaries[2m > [22mshould catch outer error with outer boundary[32m 9[2mms[22m[39m
 [31m├ù[39m src/showcase/pages/__tests__/error-boundary-test.test.ts[2m > [22mErrorBoundaryTestPage[2m > [22mError Recovery Pattern[2m > [22mshould fail on first attempt[32m 12[2mms[22m[39m
[31m   ΓåÆ expected '≡ƒ¢í∩╕Å Phase 4: Error Boundaries & ErrorΓÇª' to contain 'Attempt 1'[39m
 [32mΓ£ô[39m src/showcase/pages/__tests__/error-boundary-test.test.ts[2m > [22mErrorBoundaryTestPage[2m > [22mError Recovery Pattern[2m > [22mshould track retry attempts[32m 7[2mms[22m[39m
 [32mΓ£ô[39m src/showcase/pages/__tests__/error-boundary-test.test.ts[2m > [22mErrorBoundaryTestPage[2m > [22mError Recovery Pattern[2m > [22mshould succeed after 3 attempts[32m 6[2mms[22m[39m

ΓÄ»ΓÄ»ΓÄ»ΓÄ»ΓÄ»ΓÄ» Failed Tests 33 ΓÄ»ΓÄ»ΓÄ»ΓÄ»ΓÄ»ΓÄ»ΓÄ»

 FAIL  src/showcase/pages/__tests__/context-test.test.ts > ContextTestPage > Theme Context > should render with default dark theme
AssertionError: expected '≡ƒöî Phase 5: Context API & Dependency ΓÇª' to contain 'Theme: dark'

Expected: "Theme: dark"
Received: "≡ƒöî Phase 5: Context API & Dependency Injection"

 Γ¥» src/showcase/pages/__tests__/context-test.test.ts:22:37
     20|       container.appendChild(page);
     21| 
     22|       expect(container.textContent).toContain('Theme: dark');
       |                                     ^
     23|     });
     24| 

ΓÄ»ΓÄ»ΓÄ»ΓÄ»ΓÄ»ΓÄ»ΓÄ»ΓÄ»ΓÄ»ΓÄ»ΓÄ»ΓÄ»ΓÄ»ΓÄ»ΓÄ»ΓÄ»ΓÄ»ΓÄ»ΓÄ»ΓÄ»ΓÄ»ΓÄ»ΓÄ»[1/33]ΓÄ»

 FAIL  src/showcase/pages/__tests__/context-test.test.ts > ContextTestPage > Theme Context > should update primary color
TypeError: Cannot set properties of null (setting 'value')
 Γ¥» src/showcase/pages/__tests__/context-test.test.ts:46:18
     44| 
     45|       const colorInput = container.querySelector('input[type="color"]'ΓÇª
     46|       colorInput.value = '#ff0000';
       |                  ^
     47|       colorInput.dispatchEvent(new Event('input', { bubbles: true }));
     48| 

ΓÄ»ΓÄ»ΓÄ»ΓÄ»ΓÄ»ΓÄ»ΓÄ»ΓÄ»ΓÄ»ΓÄ»ΓÄ»ΓÄ»ΓÄ»ΓÄ»ΓÄ»ΓÄ»ΓÄ»ΓÄ»ΓÄ»ΓÄ»ΓÄ»ΓÄ»ΓÄ»[2/33]ΓÄ»

 FAIL  src/showcase/pages/__tests__/context-test.test.ts > ContextTestPage > User Context > should show not logged in state initially
AssertionError: expected '≡ƒöî Phase 5: Context API & Dependency ΓÇª' to contain 'Not logged in'

Expected: "Not logged in"
Received: "≡ƒöî Phase 5: Context API & Dependency Injection"

 Γ¥» src/showcase/pages/__tests__/context-test.test.ts:81:37
     79|       container.appendChild(page);
     80| 
     81|       expect(container.textContent).toContain('Not logged in');
       |                                     ^
     82|     });
     83| 

ΓÄ»ΓÄ»ΓÄ»ΓÄ»ΓÄ»ΓÄ»ΓÄ»ΓÄ»ΓÄ»ΓÄ»ΓÄ»ΓÄ»ΓÄ»ΓÄ»ΓÄ»ΓÄ»ΓÄ»ΓÄ»ΓÄ»ΓÄ»ΓÄ»ΓÄ»ΓÄ»[3/33]ΓÄ»

 FAIL  src/showcase/pages/__tests__/context-test.test.ts > ContextTestPage > Settings Context > should render default font size
AssertionError: expected '≡ƒöî Phase 5: Context API & Dependency ΓÇª' to contain 'Font: 16px'

Expected: "Font: 16px"
Received: "≡ƒöî Phase 5: Context API & Dependency Injection"

 Γ¥» src/showcase/pages/__tests__/context-test.test.ts:146:37
    144|       container.appendChild(page);
    145| 
    146|       expect(container.textContent).toContain('Font: 16px');
       |                                     ^
    147|     });
    148| 

ΓÄ»ΓÄ»ΓÄ»ΓÄ»ΓÄ»ΓÄ»ΓÄ»ΓÄ»ΓÄ»ΓÄ»ΓÄ»ΓÄ»ΓÄ»ΓÄ»ΓÄ»ΓÄ»ΓÄ»ΓÄ»ΓÄ»ΓÄ»ΓÄ»ΓÄ»ΓÄ»[4/33]ΓÄ»

 FAIL  src/showcase/pages/__tests__/context-test.test.ts > ContextTestPage > Settings Context > should adjust font size with slider
TypeError: Cannot set properties of null (setting 'value')
 Γ¥» src/showcase/pages/__tests__/context-test.test.ts:154:14
    152| 
    153|       const slider = container.querySelector('input[type="range"]') asΓÇª
    154|       slider.value = '20';
       |              ^
    155|       slider.dispatchEvent(new Event('input', { bubbles: true }));
    156| 

ΓÄ»ΓÄ»ΓÄ»ΓÄ»ΓÄ»ΓÄ»ΓÄ»ΓÄ»ΓÄ»ΓÄ»ΓÄ»ΓÄ»ΓÄ»ΓÄ»ΓÄ»ΓÄ»ΓÄ»ΓÄ»ΓÄ»ΓÄ»ΓÄ»ΓÄ»ΓÄ»[5/33]ΓÄ»

 FAIL  src/showcase/pages/__tests__/context-test.test.ts > ContextTestPage > Settings Context > should change language
TypeError: Cannot set properties of null (setting 'value')
 Γ¥» src/showcase/pages/__tests__/context-test.test.ts:186:14
    184| 
    185|       const select = container.querySelector('select') as HTMLSelectElΓÇª
    186|       select.value = 'es';
       |              ^
    187|       select.dispatchEvent(new Event('change', { bubbles: true }));
    188| 

ΓÄ»ΓÄ»ΓÄ»ΓÄ»ΓÄ»ΓÄ»ΓÄ»ΓÄ»ΓÄ»ΓÄ»ΓÄ»ΓÄ»ΓÄ»ΓÄ»ΓÄ»ΓÄ»ΓÄ»ΓÄ»ΓÄ»ΓÄ»ΓÄ»ΓÄ»ΓÄ»[6/33]ΓÄ»

 FAIL  src/showcase/pages/__tests__/context-test.test.ts > ContextTestPage > Deeply Nested Access > should access all contexts from nested component
AssertionError: expected '≡ƒöî Phase 5: Context API & Dependency ΓÇª' to contain 'Deeply Nested Component'

Expected: "Deeply Nested Component"
Received: "≡ƒöî Phase 5: Context API & Dependency Injection"

 Γ¥» src/showcase/pages/__tests__/context-test.test.ts:201:37
    199|       container.appendChild(page);
    200| 
    201|       expect(container.textContent).toContain('Deeply Nested ComponentΓÇª
       |                                     ^
    202|       expect(container.textContent).toContain('Can access all contextsΓÇª
    203|     });

ΓÄ»ΓÄ»ΓÄ»ΓÄ»ΓÄ»ΓÄ»ΓÄ»ΓÄ»ΓÄ»ΓÄ»ΓÄ»ΓÄ»ΓÄ»ΓÄ»ΓÄ»ΓÄ»ΓÄ»ΓÄ»ΓÄ»ΓÄ»ΓÄ»ΓÄ»ΓÄ»[7/33]ΓÄ»

 FAIL  src/showcase/pages/__tests__/context-test.test.ts > ContextTestPage > Deeply Nested Access > should display context values in nested component
AssertionError: the given combination of arguments (undefined and string) is invalid for this assertion. You can use an array, a map, an object, a set, a string, or a weakset instead of a string
 Γ¥» src/showcase/pages/__tests__/context-test.test.ts:213:38
    211|       );
    212| 
    213|       expect(nestedDiv?.textContent).toContain('Theme: dark');
       |                                      ^
    214|       expect(nestedDiv?.textContent).toContain('User: Guest');
    215|       expect(nestedDiv?.textContent).toContain('Font Size: 16px');

ΓÄ»ΓÄ»ΓÄ»ΓÄ»ΓÄ»ΓÄ»ΓÄ»ΓÄ»ΓÄ»ΓÄ»ΓÄ»ΓÄ»ΓÄ»ΓÄ»ΓÄ»ΓÄ»ΓÄ»ΓÄ»ΓÄ»ΓÄ»ΓÄ»ΓÄ»ΓÄ»[8/33]ΓÄ»

 FAIL  src/showcase/pages/__tests__/control-flow-test.test.ts > ControlFlowTestPage > Show Component > should display content when showContent is true
AssertionError: expected '≡ƒÄ» Phase 2: Control Flow Primitives1∩╕ÅΓÇª' to contain 'Content is visible!'

- Expected
+ Received

- Content is visible!
+ ≡ƒÄ» Phase 2: Control Flow Primitives1∩╕ÅΓâú Show - Conditional RenderingThe Show component renders children only when the condition is true. Supports fallback content.Toggle ContentToggle ErrorState: showContent =true, hasError = false2∩╕ÅΓâú For - Keyed List RenderingForRegistry efficiently renders lists with proper keying for optimal updates and animations.Add ItemSort by PriceTotal Items: 3 Total Cost: $5.473∩╕ÅΓâú Index - Index-based IterationIndex component iterates by array index (not by key). Useful when items have no stable identity.Shuffle ColorsIndex:0RedIndex:1GreenIndex:2BlueIndex:3Yellow≡ƒÆí Note: Index passes a signal for the value, and raw index number. 
+             Items update in-place when array changes.Γ£ô Control Flow SummaryShow: Conditional rendering with optional fallbackForRegistry: Keyed iteration for lists with stable identitiesIndex: Index-based iteration for arrays without keysPerformance: Minimal re-renders, only affected items update

 Γ¥» src/showcase/pages/__tests__/control-flow-test.test.ts:22:37
     20|       container.appendChild(page);
     21| 
     22|       expect(container.textContent).toContain('Content is visible!');
       |                                     ^
     23|     });
     24| 

ΓÄ»ΓÄ»ΓÄ»ΓÄ»ΓÄ»ΓÄ»ΓÄ»ΓÄ»ΓÄ»ΓÄ»ΓÄ»ΓÄ»ΓÄ»ΓÄ»ΓÄ»ΓÄ»ΓÄ»ΓÄ»ΓÄ»ΓÄ»ΓÄ»ΓÄ»ΓÄ»[9/33]ΓÄ»

 FAIL  src/showcase/pages/__tests__/control-flow-test.test.ts > ControlFlowTestPage > For Component (Keyed Lists) > should render initial items list
AssertionError: expected '≡ƒÄ» Phase 2: Control Flow Primitives1∩╕ÅΓÇª' to contain 'Apple'

- Expected
+ Received

- Apple
+ ≡ƒÄ» Phase 2: Control Flow Primitives1∩╕ÅΓâú Show - Conditional RenderingThe Show component renders children only when the condition is true. Supports fallback content.Toggle ContentToggle ErrorState: showContent =true, hasError = false2∩╕ÅΓâú For - Keyed List RenderingForRegistry efficiently renders lists with proper keying for optimal updates and animations.Add ItemSort by PriceTotal Items: 3 Total Cost: $5.473∩╕ÅΓâú Index - Index-based IterationIndex component iterates by array index (not by key). Useful when items have no stable identity.Shuffle ColorsIndex:0RedIndex:1GreenIndex:2BlueIndex:3Yellow≡ƒÆí Note: Index passes a signal for the value, and raw index number. 
+             Items update in-place when array changes.Γ£ô Control Flow SummaryShow: Conditional rendering with optional fallbackForRegistry: Keyed iteration for lists with stable identitiesIndex: Index-based iteration for arrays without keysPerformance: Minimal re-renders, only affected items update

 Γ¥» src/showcase/pages/__tests__/control-flow-test.test.ts:64:37
     62|       container.appendChild(page);
     63| 
     64|       expect(container.textContent).toContain('Apple');
       |                                     ^
     65|       expect(container.textContent).toContain('Banana');
     66|       expect(container.textContent).toContain('Cherry');

ΓÄ»ΓÄ»ΓÄ»ΓÄ»ΓÄ»ΓÄ»ΓÄ»ΓÄ»ΓÄ»ΓÄ»ΓÄ»ΓÄ»ΓÄ»ΓÄ»ΓÄ»ΓÄ»ΓÄ»ΓÄ»ΓÄ»ΓÄ»ΓÄ»ΓÄ»[10/33]ΓÄ»

 FAIL  src/showcase/pages/__tests__/control-flow-test.test.ts > ControlFlowTestPage > For Component (Keyed Lists) > should display item prices
AssertionError: expected '≡ƒÄ» Phase 2: Control Flow Primitives1∩╕ÅΓÇª' to contain '$1.99'

- Expected
+ Received

- $1.99
+ ≡ƒÄ» Phase 2: Control Flow Primitives1∩╕ÅΓâú Show - Conditional RenderingThe Show component renders children only when the condition is true. Supports fallback content.Toggle ContentToggle ErrorState: showContent =true, hasError = false2∩╕ÅΓâú For - Keyed List RenderingForRegistry efficiently renders lists with proper keying for optimal updates and animations.Add ItemSort by PriceTotal Items: 3 Total Cost: $5.473∩╕ÅΓâú Index - Index-based IterationIndex component iterates by array index (not by key). Useful when items have no stable identity.Shuffle ColorsIndex:0RedIndex:1GreenIndex:2BlueIndex:3Yellow≡ƒÆí Note: Index passes a signal for the value, and raw index number. 
+             Items update in-place when array changes.Γ£ô Control Flow SummaryShow: Conditional rendering with optional fallbackForRegistry: Keyed iteration for lists with stable identitiesIndex: Index-based iteration for arrays without keysPerformance: Minimal re-renders, only affected items update

 Γ¥» src/showcase/pages/__tests__/control-flow-test.test.ts:73:37
     71|       container.appendChild(page);
     72| 
     73|       expect(container.textContent).toContain('$1.99');
       |                                     ^
     74|       expect(container.textContent).toContain('$0.99');
     75|       expect(container.textContent).toContain('$2.49');

ΓÄ»ΓÄ»ΓÄ»ΓÄ»ΓÄ»ΓÄ»ΓÄ»ΓÄ»ΓÄ»ΓÄ»ΓÄ»ΓÄ»ΓÄ»ΓÄ»ΓÄ»ΓÄ»ΓÄ»ΓÄ»ΓÄ»ΓÄ»ΓÄ»ΓÄ»[11/33]ΓÄ»

 FAIL  src/showcase/pages/__tests__/control-flow-test.test.ts > ControlFlowTestPage > Index Component > should display index numbers
AssertionError: expected '≡ƒÄ» Phase 2: Control Flow Primitives1∩╕ÅΓÇª' to contain 'Index: 0'

- Expected
+ Received

- Index: 0
+ ≡ƒÄ» Phase 2: Control Flow Primitives1∩╕ÅΓâú Show - Conditional RenderingThe Show component renders children only when the condition is true. Supports fallback content.Toggle ContentToggle ErrorState: showContent =true, hasError = false2∩╕ÅΓâú For - Keyed List RenderingForRegistry efficiently renders lists with proper keying for optimal updates and animations.Add ItemSort by PriceTotal Items: 3 Total Cost: $5.473∩╕ÅΓâú Index - Index-based IterationIndex component iterates by array index (not by key). Useful when items have no stable identity.Shuffle ColorsIndex:0RedIndex:1GreenIndex:2BlueIndex:3Yellow≡ƒÆí Note: Index passes a signal for the value, and raw index number. 
+             Items update in-place when array changes.Γ£ô Control Flow SummaryShow: Conditional rendering with optional fallbackForRegistry: Keyed iteration for lists with stable identitiesIndex: Index-based iteration for arrays without keysPerformance: Minimal re-renders, only affected items update

 Γ¥» src/showcase/pages/__tests__/control-flow-test.test.ts:156:37
    154|       container.appendChild(page);
    155| 
    156|       expect(container.textContent).toContain('Index: 0');
       |                                     ^
    157|       expect(container.textContent).toContain('Index: 1');
    158|       expect(container.textContent).toContain('Index: 2');

ΓÄ»ΓÄ»ΓÄ»ΓÄ»ΓÄ»ΓÄ»ΓÄ»ΓÄ»ΓÄ»ΓÄ»ΓÄ»ΓÄ»ΓÄ»ΓÄ»ΓÄ»ΓÄ»ΓÄ»ΓÄ»ΓÄ»ΓÄ»ΓÄ»ΓÄ»[12/33]ΓÄ»

 FAIL  src/showcase/pages/__tests__/error-boundary-test.test.ts > ErrorBoundaryTestPage > Basic Error Boundary > should render safe component initially
AssertionError: expected '≡ƒ¢í∩╕Å Phase 4: Error Boundaries & ErrorΓÇª' to contain 'This component is safe'

Expected: "This component is safe"
Received: "≡ƒ¢í∩╕Å Phase 4: Error Boundaries & Error Handling1∩╕ÅΓâú Basic Error Boundary - Tryer/CatcherTryer/Catcher provides error boundaries to catch and handle component errors gracefully.Trigger ErrorΓ¥î Error OccurredTypeError: Failed to execute 'appendChild' on 'Node': parameter 1 is not of type 'Node'.2∩╕ÅΓâú Multiple Independent BoundariesEach boundary is isolated - errors in one section don't affect others.Section 1Toggle ErrorΓ¥î Error OccurredTypeError: Failed to execute 'appendChild' on 'Node': parameter 1 is not of type 'Node'.Section 2Toggle ErrorΓ¥î Error OccurredTypeError: Failed to execute 'appendChild' on 'Node': parameter 1 is not of type 'Node'.Section 3Toggle ErrorΓ¥î Error OccurredTypeError: Failed to execute 'appendChild' on 'Node': parameter 1 is not of type 'Node'.≡ƒÆí Note: Each section has its own boundary. Errors are contained to their section.3∩╕ÅΓâú Nested Error BoundariesInner boundaries catch errors first. Outer boundary only activates if inner doesn't exist.Toggle Outer ErrorToggle Inner ErrorOuter BoundaryInner BoundaryΓ£ô All components healthyΓÜá∩╕ÅAn error occurredTypeError: Failed to execute 'appendChild' on 'Node': parameter 1 is not of type 'Node'.Component: Tryer≡ƒöä RetryΓÜá∩╕ÅAn error occurredTypeError: Failed to execute 'appendChild' on 'Node': parameter 1 is not of type 'Node'.Component: Tryer≡ƒöä Retry4∩╕ÅΓâú Error Recovery PatternImplement retry logic with error boundaries. Component succeeds after 3 attempts.Γ¥î Error OccurredTypeError: Failed to execute 'appendChild' on 'Node': parameter 1 is not of type 'Node'.Γ£ô Error Boundary SummaryTryer: Creates an error boundary contextCatcher: Renders when errors are caught, provides error and reset functionIsolation: Errors don't propagate beyond their boundaryNesting: Inner boundaries catch first, outer as fallbackRecovery: reset() function to recover from errorsUser Experience: Graceful degradation instead of white screen"

 Γ¥» src/showcase/pages/__tests__/error-boundary-test.test.ts:23:37
     21|       container.appendChild(page);
     22| 
     23|       expect(container.textContent).toContain('This component is safe'ΓÇª
       |                                     ^
     24|     });
     25| 

ΓÄ»ΓÄ»ΓÄ»ΓÄ»ΓÄ»ΓÄ»ΓÄ»ΓÄ»ΓÄ»ΓÄ»ΓÄ»ΓÄ»ΓÄ»ΓÄ»ΓÄ»ΓÄ»ΓÄ»ΓÄ»ΓÄ»ΓÄ»ΓÄ»ΓÄ»[13/33]ΓÄ»

 FAIL  src/showcase/pages/__tests__/error-boundary-test.test.ts > ErrorBoundaryTestPage > Error Recovery Pattern > should fail on first attempt
AssertionError: expected '≡ƒ¢í∩╕Å Phase 4: Error Boundaries & ErrorΓÇª' to contain 'Attempt 1'

Expected: "Attempt 1"
Received: "≡ƒ¢í∩╕Å Phase 4: Error Boundaries & Error Handling1∩╕ÅΓâú Basic Error Boundary - Tryer/CatcherTryer/Catcher provides error boundaries to catch and handle component errors gracefully.Trigger ErrorΓ¥î Error OccurredTypeError: Failed to execute 'appendChild' on 'Node': parameter 1 is not of type 'Node'.2∩╕ÅΓâú Multiple Independent BoundariesEach boundary is isolated - errors in one section don't affect others.Section 1Toggle ErrorΓ¥î Error OccurredTypeError: Failed to execute 'appendChild' on 'Node': parameter 1 is not of type 'Node'.Section 2Toggle ErrorΓ¥î Error OccurredTypeError: Failed to execute 'appendChild' on 'Node': parameter 1 is not of type 'Node'.Section 3Toggle ErrorΓ¥î Error OccurredTypeError: Failed to execute 'appendChild' on 'Node': parameter 1 is not of type 'Node'.≡ƒÆí Note: Each section has its own boundary. Errors are contained to their section.3∩╕ÅΓâú Nested Error BoundariesInner boundaries catch errors first. Outer boundary only activates if inner doesn't exist.Toggle Outer ErrorToggle Inner ErrorOuter BoundaryInner BoundaryΓ£ô All components healthyΓÜá∩╕ÅAn error occurredTypeError: Failed to execute 'appendChild' on 'Node': parameter 1 is not of type 'Node'.Component: Tryer≡ƒöä RetryΓÜá∩╕ÅAn error occurredTypeError: Failed to execute 'appendChild' on 'Node': parameter 1 is not of type 'Node'.Component: Tryer≡ƒöä Retry4∩╕ÅΓâú Error Recovery PatternImplement retry logic with error boundaries. Component succeeds after 3 attempts.Γ¥î Error OccurredTypeError: Failed to execute 'appendChild' on 'Node': parameter 1 is not of type 'Node'.Γ£ô Error Boundary SummaryTryer: Creates an error boundary contextCatcher: Renders when errors are caught, provides error and reset functionIsolation: Errors don't propagate beyond their boundaryNesting: Inner boundaries catch first, outer as fallbackRecovery: reset() function to recover from errorsUser Experience: Graceful degradation instead of white screen"

 Γ¥» src/showcase/pages/__tests__/error-boundary-test.test.ts:174:37
    172|       container.appendChild(page);
    173| 
    174|       expect(container.textContent).toContain('Attempt 1');
       |                                     ^
    175|       expect(container.textContent).toContain('Service temporarily unaΓÇª
    176|     });

ΓÄ»ΓÄ»ΓÄ»ΓÄ»ΓÄ»ΓÄ»ΓÄ»ΓÄ»ΓÄ»ΓÄ»ΓÄ»ΓÄ»ΓÄ»ΓÄ»ΓÄ»ΓÄ»ΓÄ»ΓÄ»ΓÄ»ΓÄ»ΓÄ»ΓÄ»[14/33]ΓÄ»

 FAIL  src/showcase/pages/__tests__/home.test.ts > HomePage > Rendering > should render Counter component
AssertionError: expected null to be truthy

- Expected: 
true

+ Received: 
null

 Γ¥» src/showcase/pages/__tests__/home.test.ts:42:23
     40|       // Counter should be present with its specific ID
     41|       const counter = container.querySelector('[id*="counter"]');
     42|       expect(counter).toBeTruthy();
       |                       ^
     43|     });
     44|   });

ΓÄ»ΓÄ»ΓÄ»ΓÄ»ΓÄ»ΓÄ»ΓÄ»ΓÄ»ΓÄ»ΓÄ»ΓÄ»ΓÄ»ΓÄ»ΓÄ»ΓÄ»ΓÄ»ΓÄ»ΓÄ»ΓÄ»ΓÄ»ΓÄ»ΓÄ»[15/33]ΓÄ»

 FAIL  src/showcase/pages/__tests__/jsx-test.test.ts > JsxTestPage > Reactive Attributes > should render initial background color
AssertionError: expected '' to be truthy

- Expected: 
true

+ Received: 
""

 Γ¥» src/showcase/pages/__tests__/jsx-test.test.ts:25:42
     23|         div.textContent?.includes('Background color:')
     24|       );
     25|       expect(colorDiv?.style.background).toBeTruthy();
       |                                          ^
     26|     });
     27| 

ΓÄ»ΓÄ»ΓÄ»ΓÄ»ΓÄ»ΓÄ»ΓÄ»ΓÄ»ΓÄ»ΓÄ»ΓÄ»ΓÄ»ΓÄ»ΓÄ»ΓÄ»ΓÄ»ΓÄ»ΓÄ»ΓÄ»ΓÄ»ΓÄ»ΓÄ»[16/33]ΓÄ»

 FAIL  src/showcase/pages/__tests__/jsx-test.test.ts > JsxTestPage > Event Handlers > should increment click count
AssertionError: expected '≡ƒÄ¿ Phase 2: JSX & DOM Tests1∩╕ÅΓâú ReactiΓÇª' to contain 'Click Count: 0'

Expected: "Click Count: 0"
Received: "≡ƒÄ¿ Phase 2: JSX & DOM Tests1∩╕ÅΓâú Reactive AttributesBackground color:#3b82f6BlueGreenOrangeRedEnabled ButtonToggle Disabled2∩╕ÅΓâú Event HandlersClick Count:0Click Me!ResetInput Value:Last Key Pressed:(none)3∩╕ÅΓâú Reactive Style ObjectsFont size:16px - Adjust with buttons below SmallerResetLargerΓ£à Test StatusΓÅ│ Reactive attributesΓÅ│ Boolean attributes (disabled)ΓÅ│ Style objectsΓÅ│ Event handlers (onClick, onInput, onKeyPress)"

 Γ¥» src/showcase/pages/__tests__/jsx-test.test.ts:69:37
     67|       container.appendChild(page);
     68| 
     69|       expect(container.textContent).toContain('Click Count: 0');
       |                                     ^
     70| 
     71|       const clickBtn = Array.from(container.querySelectorAll('button')ΓÇª

ΓÄ»ΓÄ»ΓÄ»ΓÄ»ΓÄ»ΓÄ»ΓÄ»ΓÄ»ΓÄ»ΓÄ»ΓÄ»ΓÄ»ΓÄ»ΓÄ»ΓÄ»ΓÄ»ΓÄ»ΓÄ»ΓÄ»ΓÄ»ΓÄ»ΓÄ»[17/33]ΓÄ»

 FAIL  src/showcase/pages/__tests__/jsx-test.test.ts > JsxTestPage > Reactive Style Objects > should render with initial font size
AssertionError: expected '≡ƒÄ¿ Phase 2: JSX & DOM Tests1∩╕ÅΓâú ReactiΓÇª' to contain 'Font size: 16px'

Expected: "Font size: 16px"
Received: "≡ƒÄ¿ Phase 2: JSX & DOM Tests1∩╕ÅΓâú Reactive AttributesBackground color:#3b82f6BlueGreenOrangeRedEnabled ButtonToggle Disabled2∩╕ÅΓâú Event HandlersClick Count:0Click Me!ResetInput Value:Last Key Pressed:(none)3∩╕ÅΓâú Reactive Style ObjectsFont size:16px - Adjust with buttons below SmallerResetLargerΓ£à Test StatusΓÅ│ Reactive attributesΓÅ│ Boolean attributes (disabled)ΓÅ│ Style objectsΓÅ│ Event handlers (onClick, onInput, onKeyPress)"

 Γ¥» src/showcase/pages/__tests__/jsx-test.test.ts:149:37
    147|       container.appendChild(page);
    148| 
    149|       expect(container.textContent).toContain('Font size: 16px');
       |                                     ^
    150|     });
    151| 

ΓÄ»ΓÄ»ΓÄ»ΓÄ»ΓÄ»ΓÄ»ΓÄ»ΓÄ»ΓÄ»ΓÄ»ΓÄ»ΓÄ»ΓÄ»ΓÄ»ΓÄ»ΓÄ»ΓÄ»ΓÄ»ΓÄ»ΓÄ»ΓÄ»ΓÄ»[18/33]ΓÄ»

 FAIL  src/showcase/pages/__tests__/resource-test.test.ts > ResourceTestPage > User Resource > should show loading state initially
AssertionError: expected '≡ƒîè Phase 3: Resource Management & AsyΓÇª' to contain 'Loading user'

Expected: "Loading user"
Received: "≡ƒîè Phase 3: Resource Management & Async Data1∩╕ÅΓâú Basic Resource - User ProfilecreateResource automatically manages loading, error, and success states for async data.ΓåÉ Previous UserNext User ΓåÆ≡ƒöä Refresh (Count:0) 2∩╕ÅΓâú Dependent Resource - User PostsResources can depend on other signals/resources. Posts automatically refetch when userId changes.3∩╕ÅΓâú Search Resource - Product SearchResources update automatically when the source signal changes. Type "error" to trigger error state.Γ£ô Resource Management SummarycreateResource: Automatic async state management with isLoading, data, and errorShowRegistry: Conditional rendering based on resource statesDependent Resources: Manual refetch with createEffect tracking dependenciesrefetch(): Manual refresh capabilitylazy: Opt-in loading with load() method"

 Γ¥» src/showcase/pages/__tests__/resource-test.test.ts:27:37
     25|       container.appendChild(page);
     26| 
     27|       expect(container.textContent).toContain('Loading user');
       |                                     ^
     28|     });
     29| 

ΓÄ»ΓÄ»ΓÄ»ΓÄ»ΓÄ»ΓÄ»ΓÄ»ΓÄ»ΓÄ»ΓÄ»ΓÄ»ΓÄ»ΓÄ»ΓÄ»ΓÄ»ΓÄ»ΓÄ»ΓÄ»ΓÄ»ΓÄ»ΓÄ»ΓÄ»[19/33]ΓÄ»

 FAIL  src/showcase/pages/__tests__/resource-test.test.ts > ResourceTestPage > Search Resource > should show hint for short queries
AssertionError: expected '≡ƒîè Phase 3: Resource Management & AsyΓÇª' to contain 'Type at least 2 characters'

Expected: "Type at least 2 characters"
Received: "≡ƒîè Phase 3: Resource Management & Async Data1∩╕ÅΓâú Basic Resource - User ProfilecreateResource automatically manages loading, error, and success states for async data.ΓåÉ Previous UserNext User ΓåÆ≡ƒöä Refresh (Count:0) 2∩╕ÅΓâú Dependent Resource - User PostsResources can depend on other signals/resources. Posts automatically refetch when userId changes.3∩╕ÅΓâú Search Resource - Product SearchResources update automatically when the source signal changes. Type "error" to trigger error state.Γ£ô Resource Management SummarycreateResource: Automatic async state management with isLoading, data, and errorShowRegistry: Conditional rendering based on resource statesDependent Resources: Manual refetch with createEffect tracking dependenciesrefetch(): Manual refresh capabilitylazy: Opt-in loading with load() method"

 Γ¥» src/showcase/pages/__tests__/resource-test.test.ts:128:37
    126|       input.dispatchEvent(new Event('input', { bubbles: true }));
    127| 
    128|       expect(container.textContent).toContain('Type at least 2 charactΓÇª
       |                                     ^
    129|     });
    130| 

ΓÄ»ΓÄ»ΓÄ»ΓÄ»ΓÄ»ΓÄ»ΓÄ»ΓÄ»ΓÄ»ΓÄ»ΓÄ»ΓÄ»ΓÄ»ΓÄ»ΓÄ»ΓÄ»ΓÄ»ΓÄ»ΓÄ»ΓÄ»ΓÄ»ΓÄ»[20/33]ΓÄ»

 FAIL  src/showcase/pages/__tests__/resource-test.test.ts > ResourceTestPage > Refresh Functionality > should increment refresh count
AssertionError: expected '≡ƒîè Phase 3: Resource Management & AsyΓÇª' to contain 'Count: 0'

Expected: "Count: 0"
Received: "≡ƒîè Phase 3: Resource Management & Async Data1∩╕ÅΓâú Basic Resource - User ProfilecreateResource automatically manages loading, error, and success states for async data.ΓåÉ Previous UserNext User ΓåÆ≡ƒöä Refresh (Count:0) 2∩╕ÅΓâú Dependent Resource - User PostsResources can depend on other signals/resources. Posts automatically refetch when userId changes.3∩╕ÅΓâú Search Resource - Product SearchResources update automatically when the source signal changes. Type "error" to trigger error state.Γ£ô Resource Management SummarycreateResource: Automatic async state management with isLoading, data, and errorShowRegistry: Conditional rendering based on resource statesDependent Resources: Manual refetch with createEffect tracking dependenciesrefetch(): Manual refresh capabilitylazy: Opt-in loading with load() method"

 Γ¥» src/showcase/pages/__tests__/resource-test.test.ts:200:37
    198|       container.appendChild(page);
    199| 
    200|       expect(container.textContent).toContain('Count: 0');
       |                                     ^
    201| 
    202|       const refreshBtn = Array.from(container.querySelectorAll('buttonΓÇª

ΓÄ»ΓÄ»ΓÄ»ΓÄ»ΓÄ»ΓÄ»ΓÄ»ΓÄ»ΓÄ»ΓÄ»ΓÄ»ΓÄ»ΓÄ»ΓÄ»ΓÄ»ΓÄ»ΓÄ»ΓÄ»ΓÄ»ΓÄ»ΓÄ»ΓÄ»[21/33]ΓÄ»

 FAIL  src/showcase/__tests__/integration/context-provider-consumer.test.ts > Context Provider-Consumer Integration > Multi-Context Propagation > should provide all contexts to nested components
AssertionError: expected undefined to be truthy

- Expected: 
true

+ Received: 
undefined

 Γ¥» src/showcase/__tests__/integration/context-provider-consumer.test.ts:26:22
     24|       );
     25| 
     26|       expect(nested).toBeTruthy();
       |                      ^
     27|       expect(nested?.textContent).toContain('Theme:');
     28|       expect(nested?.textContent).toContain('User:');

ΓÄ»ΓÄ»ΓÄ»ΓÄ»ΓÄ»ΓÄ»ΓÄ»ΓÄ»ΓÄ»ΓÄ»ΓÄ»ΓÄ»ΓÄ»ΓÄ»ΓÄ»ΓÄ»ΓÄ»ΓÄ»ΓÄ»ΓÄ»ΓÄ»ΓÄ»[22/33]ΓÄ»

 FAIL  src/showcase/__tests__/integration/context-provider-consumer.test.ts > Context Provider-Consumer Integration > Independent Context Updates > should update settings context without affecting others
TypeError: Cannot set properties of null (setting 'value')
 Γ¥» src/showcase/__tests__/integration/context-provider-consumer.test.ts:86:14
     84| 
     85|       const slider = container.querySelector('input[type="range"]') asΓÇª
     86|       slider.value = '20';
       |              ^
     87|       slider.dispatchEvent(new Event('input', { bubbles: true }));
     88| 

ΓÄ»ΓÄ»ΓÄ»ΓÄ»ΓÄ»ΓÄ»ΓÄ»ΓÄ»ΓÄ»ΓÄ»ΓÄ»ΓÄ»ΓÄ»ΓÄ»ΓÄ»ΓÄ»ΓÄ»ΓÄ»ΓÄ»ΓÄ»ΓÄ»ΓÄ»[23/33]ΓÄ»

 FAIL  src/showcase/__tests__/integration/context-provider-consumer.test.ts > Context Provider-Consumer Integration > Cross-Context Dependencies > should access multiple contexts in single component
AssertionError: expected '' to contain 'Theme:'

- Expected
+ Received

- Theme:

 Γ¥» src/showcase/__tests__/integration/context-provider-consumer.test.ts:109:29
    107|       // Should list all three context values
    108|       const nestedContent = nested?.textContent || '';
    109|       expect(nestedContent).toContain('Theme:');
       |                             ^
    110|       expect(nestedContent).toContain('User:');
    111|       expect(nestedContent).toContain('Font Size:');

ΓÄ»ΓÄ»ΓÄ»ΓÄ»ΓÄ»ΓÄ»ΓÄ»ΓÄ»ΓÄ»ΓÄ»ΓÄ»ΓÄ»ΓÄ»ΓÄ»ΓÄ»ΓÄ»ΓÄ»ΓÄ»ΓÄ»ΓÄ»ΓÄ»ΓÄ»[24/33]ΓÄ»

 FAIL  src/showcase/__tests__/integration/showcase-navigation.test.ts > Showcase Navigation Integration > Navigation Bar > should render all navigation buttons
TypeError: (0 , __vite_ssr_import_1__.default) is not a function
 Γ¥» src/showcase/__tests__/integration/showcase-navigation.test.ts:21:19
     19|   describe('Navigation Bar', () => {
     20|     it('should render all navigation buttons', () => {
     21|       const app = App();
       |                   ^
     22|       container.appendChild(app);
     23| 

ΓÄ»ΓÄ»ΓÄ»ΓÄ»ΓÄ»ΓÄ»ΓÄ»ΓÄ»ΓÄ»ΓÄ»ΓÄ»ΓÄ»ΓÄ»ΓÄ»ΓÄ»ΓÄ»ΓÄ»ΓÄ»ΓÄ»ΓÄ»ΓÄ»ΓÄ»[25/33]ΓÄ»

 FAIL  src/showcase/__tests__/integration/showcase-navigation.test.ts > Showcase Navigation Integration > Navigation Bar > should have navigation buttons with proper styling
TypeError: (0 , __vite_ssr_import_1__.default) is not a function
 Γ¥» src/showcase/__tests__/integration/showcase-navigation.test.ts:35:19
     33| 
     34|     it('should have navigation buttons with proper styling', () => {
     35|       const app = App();
       |                   ^
     36|       container.appendChild(app);
     37| 

ΓÄ»ΓÄ»ΓÄ»ΓÄ»ΓÄ»ΓÄ»ΓÄ»ΓÄ»ΓÄ»ΓÄ»ΓÄ»ΓÄ»ΓÄ»ΓÄ»ΓÄ»ΓÄ»ΓÄ»ΓÄ»ΓÄ»ΓÄ»ΓÄ»ΓÄ»[26/33]ΓÄ»

 FAIL  src/showcase/__tests__/integration/showcase-navigation.test.ts > Showcase Navigation Integration > Route Navigation > should display home page by default
TypeError: (0 , __vite_ssr_import_1__.default) is not a function
 Γ¥» src/showcase/__tests__/integration/showcase-navigation.test.ts:45:19
     43|   describe('Route Navigation', () => {
     44|     it('should display home page by default', () => {
     45|       const app = App();
       |                   ^
     46|       container.appendChild(app);
     47| 

ΓÄ»ΓÄ»ΓÄ»ΓÄ»ΓÄ»ΓÄ»ΓÄ»ΓÄ»ΓÄ»ΓÄ»ΓÄ»ΓÄ»ΓÄ»ΓÄ»ΓÄ»ΓÄ»ΓÄ»ΓÄ»ΓÄ»ΓÄ»ΓÄ»ΓÄ»[27/33]ΓÄ»

 FAIL  src/showcase/__tests__/integration/showcase-navigation.test.ts > Showcase Navigation Integration > Route Navigation > should navigate to reactivity page
TypeError: (0 , __vite_ssr_import_1__.default) is not a function
 Γ¥» src/showcase/__tests__/integration/showcase-navigation.test.ts:52:19
     50| 
     51|     it('should navigate to reactivity page', (done) => {
     52|       const app = App();
       |                   ^
     53|       container.appendChild(app);
     54| 

ΓÄ»ΓÄ»ΓÄ»ΓÄ»ΓÄ»ΓÄ»ΓÄ»ΓÄ»ΓÄ»ΓÄ»ΓÄ»ΓÄ»ΓÄ»ΓÄ»ΓÄ»ΓÄ»ΓÄ»ΓÄ»ΓÄ»ΓÄ»ΓÄ»ΓÄ»[28/33]ΓÄ»

 FAIL  src/showcase/__tests__/integration/showcase-navigation.test.ts > Showcase Navigation Integration > Route Navigation > should navigate to about page
TypeError: (0 , __vite_ssr_import_1__.default) is not a function
 Γ¥» src/showcase/__tests__/integration/showcase-navigation.test.ts:68:19
     66| 
     67|     it('should navigate to about page', (done) => {
     68|       const app = App();
       |                   ^
     69|       container.appendChild(app);
     70| 

ΓÄ»ΓÄ»ΓÄ»ΓÄ»ΓÄ»ΓÄ»ΓÄ»ΓÄ»ΓÄ»ΓÄ»ΓÄ»ΓÄ»ΓÄ»ΓÄ»ΓÄ»ΓÄ»ΓÄ»ΓÄ»ΓÄ»ΓÄ»ΓÄ»ΓÄ»[29/33]ΓÄ»

 FAIL  src/showcase/__tests__/integration/showcase-navigation.test.ts > Showcase Navigation Integration > Route Navigation > should update currentPath signal on navigation
TypeError: (0 , __vite_ssr_import_1__.default) is not a function
 Γ¥» src/showcase/__tests__/integration/showcase-navigation.test.ts:84:19
     82| 
     83|     it('should update currentPath signal on navigation', (done) => {
     84|       const app = App();
       |                   ^
     85|       container.appendChild(app);
     86| 

ΓÄ»ΓÄ»ΓÄ»ΓÄ»ΓÄ»ΓÄ»ΓÄ»ΓÄ»ΓÄ»ΓÄ»ΓÄ»ΓÄ»ΓÄ»ΓÄ»ΓÄ»ΓÄ»ΓÄ»ΓÄ»ΓÄ»ΓÄ»ΓÄ»ΓÄ»[30/33]ΓÄ»

 FAIL  src/showcase/__tests__/integration/showcase-navigation.test.ts > Showcase Navigation Integration > Page Content Loading > should load control flow page content
TypeError: (0 , __vite_ssr_import_1__.default) is not a function
 Γ¥» src/showcase/__tests__/integration/showcase-navigation.test.ts:102:19
    100|   describe('Page Content Loading', () => {
    101|     it('should load control flow page content', (done) => {
    102|       const app = App();
       |                   ^
    103|       container.appendChild(app);
    104| 

ΓÄ»ΓÄ»ΓÄ»ΓÄ»ΓÄ»ΓÄ»ΓÄ»ΓÄ»ΓÄ»ΓÄ»ΓÄ»ΓÄ»ΓÄ»ΓÄ»ΓÄ»ΓÄ»ΓÄ»ΓÄ»ΓÄ»ΓÄ»ΓÄ»ΓÄ»[31/33]ΓÄ»

 FAIL  src/showcase/__tests__/integration/showcase-navigation.test.ts > Showcase Navigation Integration > Page Content Loading > should load context page content
TypeError: (0 , __vite_ssr_import_1__.default) is not a function
 Γ¥» src/showcase/__tests__/integration/showcase-navigation.test.ts:118:19
    116| 
    117|     it('should load context page content', (done) => {
    118|       const app = App();
       |                   ^
    119|       container.appendChild(app);
    120| 

ΓÄ»ΓÄ»ΓÄ»ΓÄ»ΓÄ»ΓÄ»ΓÄ»ΓÄ»ΓÄ»ΓÄ»ΓÄ»ΓÄ»ΓÄ»ΓÄ»ΓÄ»ΓÄ»ΓÄ»ΓÄ»ΓÄ»ΓÄ»ΓÄ»ΓÄ»[32/33]ΓÄ»

 FAIL  src/showcase/__tests__/integration/showcase-navigation.test.ts > Showcase Navigation Integration > Back Navigation > should navigate back from about to home
TypeError: (0 , __vite_ssr_import_1__.default) is not a function
 Γ¥» src/showcase/__tests__/integration/showcase-navigation.test.ts:136:19
    134|   describe('Back Navigation', () => {
    135|     it('should navigate back from about to home', (done) => {
    136|       const app = App();
       |                   ^
    137|       container.appendChild(app);
    138| 

ΓÄ»ΓÄ»ΓÄ»ΓÄ»ΓÄ»ΓÄ»ΓÄ»ΓÄ»ΓÄ»ΓÄ»ΓÄ»ΓÄ»ΓÄ»ΓÄ»ΓÄ»ΓÄ»ΓÄ»ΓÄ»ΓÄ»ΓÄ»ΓÄ»ΓÄ»[33/33]ΓÄ»

ΓÄ»ΓÄ»ΓÄ»ΓÄ»ΓÄ»ΓÄ» Unhandled Errors ΓÄ»ΓÄ»ΓÄ»ΓÄ»ΓÄ»ΓÄ»

Vitest caught 12 unhandled errors during the test run.
This might cause false positive tests. Resolve unhandled errors to make sure your tests are not affected.

ΓÄ»ΓÄ»ΓÄ»ΓÄ»ΓÄ» Uncaught Exception ΓÄ»ΓÄ»ΓÄ»ΓÄ»ΓÄ»
AssertionError: expected '≡ƒÄ¿ Phase 2: JSX & DOM Tests1∩╕ÅΓâú ReactiΓÇª' to contain '#10b981'
 Γ¥» Timeout._onTimeout src/showcase/pages/__tests__/jsx-test.test.ts:39:39
     37| 
     38|       setTimeout(() => {
     39|         expect(container.textContent).toContain('#10b981');
       |                                       ^
     40|         done();
     41|       }, 50);
 Γ¥» listOnTimeout node:internal/timers:605:17
 Γ¥» processTimers node:internal/timers:541:7

This error originated in "src/showcase/pages/__tests__/jsx-test.test.ts" test file. It doesn't mean the error was thrown inside the file itself, but while it was running.

ΓÄ»ΓÄ»ΓÄ»ΓÄ»ΓÄ» Uncaught Exception ΓÄ»ΓÄ»ΓÄ»ΓÄ»ΓÄ»
AssertionError: expected undefined to be true // Object.is equality
 Γ¥» Timeout._onTimeout src/showcase/pages/__tests__/jsx-test.test.ts:58:55
     56|           btn.textContent?.includes('Disabled Button')
     57|         );
     58|         expect(disabledBtn?.hasAttribute('disabled')).toBe(true);
       |                                                       ^
     59|         done();
     60|       }, 50);
 Γ¥» listOnTimeout node:internal/timers:605:17
 Γ¥» processTimers node:internal/timers:541:7

This error originated in "src/showcase/pages/__tests__/jsx-test.test.ts" test file. It doesn't mean the error was thrown inside the file itself, but while it was running.

ΓÄ»ΓÄ»ΓÄ»ΓÄ»ΓÄ» Uncaught Exception ΓÄ»ΓÄ»ΓÄ»ΓÄ»ΓÄ»
AssertionError: expected '≡ƒÄ» Phase 2: Control Flow Primitives1∩╕ÅΓÇª' to contain 'Content is hidden'
 Γ¥» Timeout._onTimeout src/showcase/pages/__tests__/control-flow-test.test.ts:36:39
     34| 
     35|       setTimeout(() => {
     36|         expect(container.textContent).toContain('Content is hidden');
       |                                       ^
     37|         expect(container.textContent).not.toContain('Content is visiblΓÇª
     38|         done();
 Γ¥» listOnTimeout node:internal/timers:605:17
 Γ¥» processTimers node:internal/timers:541:7

This error originated in "src/showcase/pages/__tests__/control-flow-test.test.ts" test file. It doesn't mean the error was thrown inside the file itself, but while it was running.

ΓÄ»ΓÄ»ΓÄ»ΓÄ»ΓÄ» Uncaught Exception ΓÄ»ΓÄ»ΓÄ»ΓÄ»ΓÄ»
AssertionError: expected '≡ƒÄ» Phase 2: Control Flow Primitives1∩╕ÅΓÇª' to contain 'Error state is active!'
 Γ¥» Timeout._onTimeout src/showcase/pages/__tests__/control-flow-test.test.ts:53:39
     51| 
     52|       setTimeout(() => {
     53|         expect(container.textContent).toContain('Error state is activeΓÇª
       |                                       ^
     54|         done();
     55|       }, 50);
 Γ¥» listOnTimeout node:internal/timers:605:17
 Γ¥» processTimers node:internal/timers:541:7

This error originated in "src/showcase/pages/__tests__/control-flow-test.test.ts" test file. It doesn't mean the error was thrown inside the file itself, but while it was running.

ΓÄ»ΓÄ»ΓÄ»ΓÄ»ΓÄ» Uncaught Exception ΓÄ»ΓÄ»ΓÄ»ΓÄ»ΓÄ»
AssertionError: expected '≡ƒöî Phase 5: Context API & Dependency ΓÇª' to contain 'Theme: light'
 Γ¥» Timeout._onTimeout src/showcase/pages/__tests__/context-test.test.ts:36:39
     34| 
     35|       setTimeout(() => {
     36|         expect(container.textContent).toContain('Theme: light');
       |                                       ^
     37|         done();
     38|       }, 50);
 Γ¥» listOnTimeout node:internal/timers:605:17
 Γ¥» processTimers node:internal/timers:541:7

This error originated in "src/showcase/pages/__tests__/context-test.test.ts" test file. It doesn't mean the error was thrown inside the file itself, but while it was running.

ΓÄ»ΓÄ»ΓÄ»ΓÄ»ΓÄ» Uncaught Exception ΓÄ»ΓÄ»ΓÄ»ΓÄ»ΓÄ»
AssertionError: expected 0 to be greater than or equal to 3
 Γ¥» Timeout._onTimeout src/showcase/pages/__tests__/context-test.test.ts:70:36
     68|         );
     69| 
     70|         expect(themedBoxes.length).toBeGreaterThanOrEqual(3);
       |                                    ^
     71|         done();
     72|       }, 50);
 Γ¥» listOnTimeout node:internal/timers:605:17
 Γ¥» processTimers node:internal/timers:541:7

This error originated in "src/showcase/pages/__tests__/context-test.test.ts" test file. It doesn't mean the error was thrown inside the file itself, but while it was running.

ΓÄ»ΓÄ»ΓÄ»ΓÄ»ΓÄ» Uncaught Exception ΓÄ»ΓÄ»ΓÄ»ΓÄ»ΓÄ»
AssertionError: expected '≡ƒöî Phase 5: Context API & Dependency ΓÇª' to contain 'Welcome, Alice!'
 Γ¥» Timeout._onTimeout src/showcase/pages/__tests__/context-test.test.ts:95:39
     93| 
     94|       setTimeout(() => {
     95|         expect(container.textContent).toContain('Welcome, Alice!');
       |                                       ^
     96|         expect(container.textContent).toContain('Role: admin');
     97|         done();
 Γ¥» listOnTimeout node:internal/timers:605:17
 Γ¥» processTimers node:internal/timers:541:7

This error originated in "src/showcase/pages/__tests__/context-test.test.ts" test file. It doesn't mean the error was thrown inside the file itself, but while it was running.

ΓÄ»ΓÄ»ΓÄ»ΓÄ»ΓÄ» Uncaught Exception ΓÄ»ΓÄ»ΓÄ»ΓÄ»ΓÄ»
AssertionError: expected '≡ƒöî Phase 5: Context API & Dependency ΓÇª' to contain 'Welcome, Bob!'
 Γ¥» Timeout._onTimeout src/showcase/pages/__tests__/context-test.test.ts:112:39
    110| 
    111|       setTimeout(() => {
    112|         expect(container.textContent).toContain('Welcome, Bob!');
       |                                       ^
    113|         expect(container.textContent).toContain('Role: user');
    114|         done();
 Γ¥» listOnTimeout node:internal/timers:605:17
 Γ¥» processTimers node:internal/timers:541:7

This error originated in "src/showcase/pages/__tests__/context-test.test.ts" test file. It doesn't mean the error was thrown inside the file itself, but while it was running.

ΓÄ»ΓÄ»ΓÄ»ΓÄ»ΓÄ» Uncaught Exception ΓÄ»ΓÄ»ΓÄ»ΓÄ»ΓÄ»
AssertionError: expected '≡ƒ¢í∩╕Å Phase 4: Error Boundaries & ErrorΓÇª' to contain 'Error Caught'
 Γ¥» Timeout._onTimeout src/showcase/pages/__tests__/error-boundary-test.test.ts:37:39
     35| 
     36|       setTimeout(() => {
     37|         expect(container.textContent).toContain('Error Caught');
       |                                       ^
     38|         expect(container.textContent).toContain('Critical render errorΓÇª
     39|         done();
 Γ¥» listOnTimeout node:internal/timers:605:17
 Γ¥» processTimers node:internal/timers:541:7

This error originated in "src/showcase/pages/__tests__/error-boundary-test.test.ts" test file. It doesn't mean the error was thrown inside the file itself, but while it was running.

ΓÄ»ΓÄ»ΓÄ»ΓÄ»ΓÄ» Uncaught Exception ΓÄ»ΓÄ»ΓÄ»ΓÄ»ΓÄ»
AssertionError: expected '≡ƒ¢í∩╕Å Phase 4: Error Boundaries & ErrorΓÇª' to contain 'My custom error message'
 Γ¥» Timeout._onTimeout src/showcase/pages/__tests__/error-boundary-test.test.ts:59:39
     57| 
     58|       setTimeout(() => {
     59|         expect(container.textContent).toContain('My custom error messaΓÇª
       |                                       ^
     60|         done();
     61|       }, 50);
 Γ¥» listOnTimeout node:internal/timers:605:17
 Γ¥» processTimers node:internal/timers:541:7

This error originated in "src/showcase/pages/__tests__/error-boundary-test.test.ts" test file. It doesn't mean the error was thrown inside the file itself, but while it was running.

ΓÄ»ΓÄ»ΓÄ»ΓÄ»ΓÄ» Uncaught Exception ΓÄ»ΓÄ»ΓÄ»ΓÄ»ΓÄ»
AssertionError: expected '≡ƒ¢í∩╕Å Phase 4: Error Boundaries & ErrorΓÇª' to contain 'Section 1 failed'
 Γ¥» Timeout._onTimeout src/showcase/pages/__tests__/error-boundary-test.test.ts:99:39
     97| 
     98|       setTimeout(() => {
     99|         expect(container.textContent).toContain('Section 1 failed');
       |                                       ^
    100|         expect(container.textContent).not.toContain('Section 2 failed'ΓÇª
    101|         expect(container.textContent).not.toContain('Section 3 failed'ΓÇª
 Γ¥» listOnTimeout node:internal/timers:605:17
 Γ¥» processTimers node:internal/timers:541:7

This error originated in "src/showcase/pages/__tests__/error-boundary-test.test.ts" test file. It doesn't mean the error was thrown inside the file itself, but while it was running.

ΓÄ»ΓÄ»ΓÄ»ΓÄ»ΓÄ» Uncaught Exception ΓÄ»ΓÄ»ΓÄ»ΓÄ»ΓÄ»
AssertionError: expected '≡ƒ¢í∩╕Å Phase 4: Error Boundaries & ErrorΓÇª' to contain 'Section 1 failed'
 Γ¥» Timeout._onTimeout src/showcase/pages/__tests__/error-boundary-test.test.ts:118:39
    116| 
    117|       setTimeout(() => {
    118|         expect(container.textContent).toContain('Section 1 failed');
       |                                       ^
    119|         expect(container.textContent).toContain('Section 2 failed');
    120|         done();
 Γ¥» listOnTimeout node:internal/timers:605:17
 Γ¥» processTimers node:internal/timers:541:7

This error originated in "src/showcase/pages/__tests__/error-boundary-test.test.ts" test file. It doesn't mean the error was thrown inside the file itself, but while it was running.
ΓÄ»ΓÄ»ΓÄ»ΓÄ»ΓÄ»ΓÄ»ΓÄ»ΓÄ»ΓÄ»ΓÄ»ΓÄ»ΓÄ»ΓÄ»ΓÄ»ΓÄ»ΓÄ»ΓÄ»ΓÄ»ΓÄ»ΓÄ»ΓÄ»ΓÄ»ΓÄ»ΓÄ»ΓÄ»ΓÄ»ΓÄ»ΓÄ»ΓÄ»ΓÄ»


[2m Test Files [22m [1m[31m8 failed[39m[22m[2m | [22m[1m[32m4 passed[39m[22m[90m (12)[39m
[2m      Tests [22m [1m[31m33 failed[39m[22m[2m | [22m[1m[32m72 passed[39m[22m[90m (105)[39m
[2m     Errors [22m [1m[31m12 errors[39m[22m
[2m   Start at [22m 19:28:03
[2m   Duration [22m 3.40s[2m (transform 15.08s, setup 485ms, import 20.31s, tests 1.24s, environment 14.53s)[22m

ΓÇëELIFECYCLEΓÇë Test failed. See above for more details.
